Component: ARM Compiler 5.05 update 1 (build 106) Tool: armlink [4d0efa]

==============================================================================

Section Cross References

    system_stm32f4xx.o(i.SystemCoreClockUpdate) refers to system_stm32f4xx.o(.data) for .data
    system_stm32f4xx.o(i.SystemInit) refers to system_stm32f4xx.o(i.SetSysClock) for SetSysClock
    startup_stm32f446xx.o(RESET) refers to startup_stm32f446xx.o(STACK) for __initial_sp
    startup_stm32f446xx.o(RESET) refers to startup_stm32f446xx.o(.text) for Reset_Handler
    startup_stm32f446xx.o(RESET) refers to stm32f4xx_it.o(i.NMI_Handler) for NMI_Handler
    startup_stm32f446xx.o(RESET) refers to stm32f4xx_it.o(i.HardFault_Handler) for HardFault_Handler
    startup_stm32f446xx.o(RESET) refers to stm32f4xx_it.o(i.MemManage_Handler) for MemManage_Handler
    startup_stm32f446xx.o(RESET) refers to stm32f4xx_it.o(i.BusFault_Handler) for BusFault_Handler
    startup_stm32f446xx.o(RESET) refers to stm32f4xx_it.o(i.UsageFault_Handler) for UsageFault_Handler
    startup_stm32f446xx.o(RESET) refers to stm32f4xx_it.o(i.SVC_Handler) for SVC_Handler
    startup_stm32f446xx.o(RESET) refers to stm32f4xx_it.o(i.DebugMon_Handler) for DebugMon_Handler
    startup_stm32f446xx.o(RESET) refers to stm32f4xx_it.o(i.PendSV_Handler) for PendSV_Handler
    startup_stm32f446xx.o(RESET) refers to low_task.o(i.SysTick_Handler) for SysTick_Handler
    startup_stm32f446xx.o(RESET) refers to exti.o(i.EXTI2_IRQHandler) for EXTI2_IRQHandler
    startup_stm32f446xx.o(RESET) refers to exti.o(i.EXTI4_IRQHandler) for EXTI4_IRQHandler
    startup_stm32f446xx.o(RESET) refers to adc.o(i.DMA1_Stream6_IRQHandler) for DMA1_Stream6_IRQHandler
    startup_stm32f446xx.o(RESET) refers to adc.o(i.ADC_IRQHandler) for ADC_IRQHandler
    startup_stm32f446xx.o(RESET) refers to exti.o(i.EXTI9_5_IRQHandler) for EXTI9_5_IRQHandler
    startup_stm32f446xx.o(RESET) refers to stm32f4xx_it.o(i.TIM1_UP_TIM10_IRQHandler) for TIM1_UP_TIM10_IRQHandler
    startup_stm32f446xx.o(RESET) refers to hall_sensor.o(i.TIM2_IRQHandler) for TIM2_IRQHandler
    startup_stm32f446xx.o(RESET) refers to uppercomputer.o(i.USART2_IRQHandler) for USART2_IRQHandler
    startup_stm32f446xx.o(RESET) refers to stm32f4xx_it.o(i.OTG_FS_IRQHandler) for OTG_FS_IRQHandler
    startup_stm32f446xx.o(.text) refers to system_stm32f4xx.o(i.SystemInit) for SystemInit
    startup_stm32f446xx.o(.text) refers to entry.o(.ARM.Collect$$$$00000000) for __main
    arm_const_structs.o(.constdata) refers to arm_common_tables.o(.constdata) for twiddleCoef_16
    arm_const_structs.o(.constdata) refers to arm_common_tables.o(.constdata) for armBitRevIndexTable16
    arm_const_structs.o(.constdata) refers to arm_common_tables.o(.constdata) for twiddleCoef_32
    arm_const_structs.o(.constdata) refers to arm_common_tables.o(.constdata) for armBitRevIndexTable32
    arm_const_structs.o(.constdata) refers to arm_common_tables.o(.constdata) for twiddleCoef_64
    arm_const_structs.o(.constdata) refers to arm_common_tables.o(.constdata) for armBitRevIndexTable64
    arm_const_structs.o(.constdata) refers to arm_common_tables.o(.constdata) for twiddleCoef_128
    arm_const_structs.o(.constdata) refers to arm_common_tables.o(.constdata) for armBitRevIndexTable128
    arm_const_structs.o(.constdata) refers to arm_common_tables.o(.constdata) for twiddleCoef_256
    arm_const_structs.o(.constdata) refers to arm_common_tables.o(.constdata) for armBitRevIndexTable256
    arm_const_structs.o(.constdata) refers to arm_common_tables.o(.constdata) for twiddleCoef_512
    arm_const_structs.o(.constdata) refers to arm_common_tables.o(.constdata) for armBitRevIndexTable512
    arm_const_structs.o(.constdata) refers to arm_common_tables.o(.constdata) for twiddleCoef_1024
    arm_const_structs.o(.constdata) refers to arm_common_tables.o(.constdata) for armBitRevIndexTable1024
    arm_const_structs.o(.constdata) refers to arm_common_tables.o(.constdata) for twiddleCoef_2048
    arm_const_structs.o(.constdata) refers to arm_common_tables.o(.constdata) for armBitRevIndexTable2048
    arm_const_structs.o(.constdata) refers to arm_common_tables.o(.constdata) for twiddleCoef_4096
    arm_const_structs.o(.constdata) refers to arm_common_tables.o(.constdata) for armBitRevIndexTable4096
    arm_const_structs.o(.constdata) refers to arm_common_tables.o(.constdata) for twiddleCoef_16_q31
    arm_const_structs.o(.constdata) refers to arm_common_tables.o(.constdata) for armBitRevIndexTable_fixed_16
    arm_const_structs.o(.constdata) refers to arm_common_tables.o(.constdata) for twiddleCoef_32_q31
    arm_const_structs.o(.constdata) refers to arm_common_tables.o(.constdata) for armBitRevIndexTable_fixed_32
    arm_const_structs.o(.constdata) refers to arm_common_tables.o(.constdata) for twiddleCoef_64_q31
    arm_const_structs.o(.constdata) refers to arm_common_tables.o(.constdata) for armBitRevIndexTable_fixed_64
[...]
    __aeabi_dmul                             0x08000393   Thumb Code   228  dmul.o(.text)
    __aeabi_ddiv                             0x08000477   Thumb Code   222  ddiv.o(.text)
    __aeabi_i2d                              0x08000555   Thumb Code    34  dflti.o(.text)
    __aeabi_f2d                              0x08000577   Thumb Code    38  f2d.o(.text)
    __aeabi_d2f                              0x0800059d   Thumb Code    56  d2f.o(.text)
    __aeabi_uidiv                            0x080005d5   Thumb Code     0  uidiv.o(.text)
    __aeabi_uidivmod                         0x080005d5   Thumb Code    44  uidiv.o(.text)
    __aeabi_uldivmod                         0x08000601   Thumb Code    98  uldiv.o(.text)
    __aeabi_llsl                             0x08000663   Thumb Code    30  llshl.o(.text)
    _ll_shift_l                              0x08000663   Thumb Code     0  llshl.o(.text)
    __aeabi_lasr                             0x08000681   Thumb Code    36  llsshr.o(.text)
    _ll_sshift_r                             0x08000681   Thumb Code     0  llsshr.o(.text)
    __I$use$fp                               0x080006a5   Thumb Code     0  iusefp.o(.text)
    _float_round                             0x080006a5   Thumb Code    18  fepilogue.o(.text)
    _float_epilogue                          0x080006b7   Thumb Code    92  fepilogue.o(.text)
    _double_round                            0x08000713   Thumb Code    30  depilogue.o(.text)
    _double_epilogue                         0x08000731   Thumb Code   156  depilogue.o(.text)
    __aeabi_d2ulz                            0x080007cd   Thumb Code    48  dfixul.o(.text)
    __aeabi_cdrcmple                         0x080007fd   Thumb Code    48  cdrcmple.o(.text)
    __scatterload                            0x0800082d   Thumb Code    28  init.o(.text)
    __scatterload_rt2                        0x0800082d   Thumb Code     0  init.o(.text)
    __aeabi_llsr                             0x08000851   Thumb Code    32  llushr.o(.text)
    _ll_ushift_r                             0x08000851   Thumb Code     0  llushr.o(.text)
    __decompress                             0x08000871   Thumb Code     0  __dczerorl2.o(.text)
    __decompress1                            0x08000871   Thumb Code    86  __dczerorl2.o(.text)
    ADC_ClearFlag                            0x080008c7   Thumb Code     6  stm32f4xx_adc.o(i.ADC_ClearFlag)
    ADC_Cmd                                  0x080008cd   Thumb Code    24  stm32f4xx_adc.o(i.ADC_Cmd)
    ADC_CommonInit                           0x080008e5   Thumb Code    30  stm32f4xx_adc.o(i.ADC_CommonInit)
    ADC_DMACmd                               0x0800090d   Thumb Code    24  stm32f4xx_adc.o(i.ADC_DMACmd)
    ADC_DMARequestAfterLastTransferCmd       0x08000925   Thumb Code    24  stm32f4xx_adc.o(i.ADC_DMARequestAfterLastTransferCmd)
    ADC_DeInit                               0x0800093d   Thumb Code    24  stm32f4xx_adc.o(i.ADC_DeInit)
    ADC_ExternalTrigInjectedConvConfig       0x08000955   Thumb Code    12  stm32f4xx_adc.o(i.ADC_ExternalTrigInjectedConvConfig)
    ADC_ExternalTrigInjectedConvEdgeConfig   0x08000961   Thumb Code    12  stm32f4xx_adc.o(i.ADC_ExternalTrigInjectedConvEdgeConfig)
    ADC_IRQHandler                           0x0800096d   Thumb Code   116  adc.o(i.ADC_IRQHandler)
    ADC_ITConfig                             0x080009f9   Thumb Code    24  stm32f4xx_adc.o(i.ADC_ITConfig)
    ADC_Init                                 0x08000a11   Thumb Code    66  stm32f4xx_adc.o(i.ADC_Init)
    ADC_InjectedChannelConfig                0x08000a5d   Thumb Code    74  stm32f4xx_adc.o(i.ADC_InjectedChannelConfig)
    ADC_InjectedSequencerLengthConfig        0x08000aa7   Thumb Code    16  stm32f4xx_adc.o(i.ADC_InjectedSequencerLengthConfig)
    ADC_RegularChannelConfig                 0x08000ab7   Thumb Code   116  stm32f4xx_adc.o(i.ADC_RegularChannelConfig)
    ADC_SoftwareStartConv                    0x08000b2b   Thumb Code    10  stm32f4xx_adc.o(i.ADC_SoftwareStartConv)
    ADC_StructInit                           0x08000b35   Thumb Code    20  stm32f4xx_adc.o(i.ADC_StructInit)
    Angle_To_Cos_Sin                         0x08000b49   Thumb Code    42  foc_algorithm.o(i.Angle_To_Cos_Sin)
    BusFault_Handler                         0x08000b73   Thumb Code     2  stm32f4xx_it.o(i.BusFault_Handler)
    CalculateChecksum                        0x08000b75   Thumb Code    26  uppercomputer.o(i.CalculateChecksum)
    Clarke_Transf                            0x08000b91   Thumb Code    78  foc_algorithm.o(i.Clarke_Transf)
    Current_PID_Calc                         0x08000be5   Thumb Code   102  foc_algorithm.o(i.Current_PID_Calc)
    DCD_EP_ClrStall                          0x08000c51   Thumb Code    72  usb_dcd.o(i.DCD_EP_ClrStall)
    DCD_EP_Open                              0x08000c99   Thumb Code   104  usb_dcd.o(i.DCD_EP_Open)
    DCD_EP_PrepareRx                         0x08000d01   Thumb Code    82  usb_dcd.o(i.DCD_EP_PrepareRx)
    DCD_EP_SetAddress                        0x08000d53   Thumb Code    28  usb_dcd.o(i.DCD_EP_SetAddress)
    DCD_EP_Stall                             0x08000d6f   Thumb Code    72  usb_dcd.o(i.DCD_EP_Stall)
    DCD_EP_Tx                                0x08000db7   Thumb Code    78  usb_dcd.o(i.DCD_EP_Tx)
    DMA1_Stream6_IRQHandler                  0x080015e5   Thumb Code    52  adc.o(i.DMA1_Stream6_IRQHandler)
    DMA_ClearFlag                            0x08001629   Thumb Code    32  stm32f4xx_dma.o(i.DMA_ClearFlag)
    DMA_ClearITPendingBit                    0x08001655   Thumb Code    32  stm32f4xx_dma.o(i.DMA_ClearITPendingBit)
    DMA_Cmd                                  0x08001681   Thumb Code    24  stm32f4xx_dma.o(i.DMA_Cmd)
    DMA_DeInit                               0x08001699   Thumb Code   278  stm32f4xx_dma.o(i.DMA_DeInit)
    DMA_GetITStatus                          0x080017c5   Thumb Code    68  stm32f4xx_dma.o(i.DMA_GetITStatus)
    DMA_ITConfig                             0x08001819   Thumb Code    50  stm32f4xx_dma.o(i.DMA_ITConfig)
    DMA_Init                                 0x0800184d   Thumb Code    80  stm32f4xx_dma.o(i.DMA_Init)
    DebugMon_Handler                         0x080018a1   Thumb Code     2  stm32f4xx_it.o(i.DebugMon_Handler)
    Delay                                    0x080018a5   Thumb Code    16  main.o(i.Delay)
    EXTI2_IRQHandler                         0x080018b9   Thumb Code    30  exti.o(i.EXTI2_IRQHandler)
    EXTI4_IRQHandler                         0x080018dd   Thumb Code    48  exti.o(i.EXTI4_IRQHandler)
    EXTI9_5_IRQHandler                       0x08001915   Thumb Code    30  exti.o(i.EXTI9_5_IRQHandler)
    EXTI_ClearITPendingBit                   0x08001939   Thumb Code     6  stm32f4xx_exti.o(i.EXTI_ClearITPendingBit)
    EXTI_GetITStatus                         0x08001945   Thumb Code    16  stm32f4xx_exti.o(i.EXTI_GetITStatus)
    EXTI_Init                                0x08001959   Thumb Code   110  stm32f4xx_exti.o(i.EXTI_Init)
    GPIO_Init                                0x080019cd   Thumb Code   124  stm32f4xx_gpio.o(i.GPIO_Init)
    GPIO_PinAFConfig                         0x08001a49   Thumb Code    32  stm32f4xx_gpio.o(i.GPIO_PinAFConfig)
    GPIO_ReadInputDataBit                    0x08001a69   Thumb Code    14  stm32f4xx_gpio.o(i.GPIO_ReadInputDataBit)
    GPIO_ResetBits                           0x08001a77   Thumb Code     4  stm32f4xx_gpio.o(i.GPIO_ResetBits)
    GPIO_SetBits                             0x08001a7b   Thumb Code     4  stm32f4xx_gpio.o(i.GPIO_SetBits)
    GPIO_StructInit                          0x08001a7f   Thumb Code    18  stm32f4xx_gpio.o(i.GPIO_StructInit)
    HardFault_Handler                        0x08001a91   Thumb Code     2  stm32f4xx_it.o(i.HardFault_Handler)
    L_identification_Outputs_wrapper         0x08001a95   Thumb Code    16  l_identification_wrapper.o(i.L_identification_Outputs_wrapper)
    L_identification_Start_wrapper           0x08001aa9   Thumb Code    28  l_identification_wrapper.o(i.L_identification_Start_wrapper)
    L_identification_Update_wrapper          0x08001ad1   Thumb Code   104  l_identification_wrapper.o(i.L_identification_Update_wrapper)
    MemManage_Handler                        0x08001b41   Thumb Code     2  stm32f4xx_it.o(i.MemManage_Handler)
    NMI_Handler                              0x08001b43   Thumb Code     2  stm32f4xx_it.o(i.NMI_Handler)
    NVIC_Init                                0x08001b45   Thumb Code    98  misc.o(i.NVIC_Init)
    NVIC_PriorityGroupConfig                 0x08001bad   Thumb Code    10  misc.o(i.NVIC_PriorityGroupConfig)
    OLED_Clear                               0x08001bc1   Thumb Code    86  oled.o(i.OLED_Clear)
    OLED_DrawBMP                             0x08001c1d   Thumb Code    86  oled.o(i.OLED_DrawBMP)
    OLED_Init                                0x08001c79   Thumb Code   236  oled.o(i.OLED_Init)
    OLED_Set_Pos                             0x08001d7d   Thumb Code    38  oled.o(i.OLED_Set_Pos)
    OLED_ShowChar                            0x08001da5   Thumb Code    78  oled.o(i.OLED_ShowChar)
    OLED_ShowFloat                           0x08001dfd   Thumb Code    46  oled.o(i.OLED_ShowFloat)
    OLED_ShowNum                             0x08001e35   Thumb Code   104  oled.o(i.OLED_ShowNum)
    OLED_ShowString                          0x08001e9d   Thumb Code    50  oled.o(i.OLED_ShowString)
    OLED_WR_Byte                             0x08001ed1   Thumb Code    60  oled.o(i.OLED_WR_Byte)
    OTG_FS_IRQHandler                        0x08001f11   Thumb Code     6  stm32f4xx_it.o(i.OTG_FS_IRQHandler)
    PackResponseFrame                        0x08001f1d   Thumb Code    52  uppercomputer.o(i.PackResponseFrame)
    Park_Transf                              0x08001f51   Thumb Code    50  foc_algorithm.o(i.Park_Transf)
    PendSV_Handler                           0x08001f83   Thumb Code     2  stm32f4xx_it.o(i.PendSV_Handler)
    RCC_AHB1PeriphClockCmd                   0x08001f85   Thumb Code    22  stm32f4xx_rcc.o(i.RCC_AHB1PeriphClockCmd)
    RCC_APB1PeriphClockCmd                   0x08001fa1   Thumb Code    22  stm32f4xx_rcc.o(i.RCC_APB1PeriphClockCmd)
    RCC_APB1PeriphResetCmd                   0x08001fbd   Thumb Code    22  stm32f4xx_rcc.o(i.RCC_APB1PeriphResetCmd)
    RCC_APB2PeriphClockCmd                   0x08001fd9   Thumb Code    22  stm32f4xx_rcc.o(i.RCC_APB2PeriphClockCmd)
    RCC_APB2PeriphResetCmd                   0x08001ff5   Thumb Code    22  stm32f4xx_rcc.o(i.RCC_APB2PeriphResetCmd)
    RCC_GetClocksFreq                        0x08002011   Thumb Code   208  stm32f4xx_rcc.o(i.RCC_GetClocksFreq)
    R_flux_identification_Outputs_wrapper    0x080020ed   Thumb Code    20  r_flux_identification_wrapper.o(i.R_flux_identification_Outputs_wrapper)
    R_flux_identification_Start_wrapper      0x08002105   Thumb Code    68  r_flux_identification_wrapper.o(i.R_flux_identification_Start_wrapper)
    R_flux_identification_Update_wrapper     0x0800215d   Thumb Code   304  r_flux_identification_wrapper.o(i.R_flux_identification_Update_wrapper)
    ReadMCUID                                0x08002295   Thumb Code    70  uppercomputer.o(i.ReadMCUID)
    Rev_Park_Transf                          0x080022e1   Thumb Code    50  foc_algorithm.o(i.Rev_Park_Transf)
    SVC_Handler                              0x08002313   Thumb Code     2  stm32f4xx_it.o(i.SVC_Handler)
    SVPWM_Calc                               0x08002315   Thumb Code   440  foc_algorithm.o(i.SVPWM_Calc)
    SYSCFG_EXTILineConfig                    0x080024e5   Thumb Code    38  stm32f4xx_syscfg.o(i.SYSCFG_EXTILineConfig)
    Speed_Pid_Calc                           0x080025e5   Thumb Code   110  speed_pid.o(i.Speed_Pid_Calc)
    SysTick_Handler                          0x0800265d   Thumb Code    62  low_task.o(i.SysTick_Handler)
    SystemInit                               0x080026b5   Thumb Code    74  system_stm32f4xx.o(i.SystemInit)
    TIM1_UP_TIM10_IRQHandler                 0x080027dd   Thumb Code     8  stm32f4xx_it.o(i.TIM1_UP_TIM10_IRQHandler)
    TIM2_IRQHandler                          0x080027e9   Thumb Code   246  hall_sensor.o(i.TIM2_IRQHandler)
    TIM_BDTRConfig                           0x08002915   Thumb Code    34  stm32f4xx_tim.o(i.TIM_BDTRConfig)
    TIM_ClearFlag                            0x08002937   Thumb Code     6  stm32f4xx_tim.o(i.TIM_ClearFlag)
    TIM_Cmd                                  0x0800293d   Thumb Code    24  stm32f4xx_tim.o(i.TIM_Cmd)
    TIM_CtrlPWMOutputs                       0x08002955   Thumb Code    28  stm32f4xx_tim.o(i.TIM_CtrlPWMOutputs)
    TIM_DeInit                               0x08002971   Thumb Code   376  stm32f4xx_tim.o(i.TIM_DeInit)
    TIM_GetCapture1                          0x08002b1d   Thumb Code     4  stm32f4xx_tim.o(i.TIM_GetCapture1)
    TIM_GetCounter                           0x08002b21   Thumb Code     4  stm32f4xx_tim.o(i.TIM_GetCounter)
    TIM_GetFlagStatus                        0x08002b25   Thumb Code    14  stm32f4xx_tim.o(i.TIM_GetFlagStatus)
    TIM_ICInit                               0x08002b33   Thumb Code    98  stm32f4xx_tim.o(i.TIM_ICInit)
    TIM_ICStructInit                         0x08002b95   Thumb Code    16  stm32f4xx_tim.o(i.TIM_ICStructInit)
    TIM_ITConfig                             0x08002ba5   Thumb Code    20  stm32f4xx_tim.o(i.TIM_ITConfig)
    TIM_InternalClockConfig                  0x08002bb9   Thumb Code    10  stm32f4xx_tim.o(i.TIM_InternalClockConfig)
    TIM_OC1Init                              0x08002bc5   Thumb Code    96  stm32f4xx_tim.o(i.TIM_OC1Init)
    TIM_OC2Init                              0x08002c2d   Thumb Code   128  stm32f4xx_tim.o(i.TIM_OC2Init)
    TIM_OC3Init                              0x08002cb5   Thumb Code   124  stm32f4xx_tim.o(i.TIM_OC3Init)
    TIM_OC4Init                              0x08002d39   Thumb Code    92  stm32f4xx_tim.o(i.TIM_OC4Init)
    TIM_OCStructInit                         0x08002d9d   Thumb Code    20  stm32f4xx_tim.o(i.TIM_OCStructInit)
    TIM_PrescalerConfig                      0x08002db1   Thumb Code     6  stm32f4xx_tim.o(i.TIM_PrescalerConfig)
    TIM_SelectHallSensor                     0x08002db7   Thumb Code    24  stm32f4xx_tim.o(i.TIM_SelectHallSensor)
    TIM_SelectInputTrigger                   0x08002dcf   Thumb Code    12  stm32f4xx_tim.o(i.TIM_SelectInputTrigger)
    TIM_SelectSlaveMode                      0x08002ddb   Thumb Code    16  stm32f4xx_tim.o(i.TIM_SelectSlaveMode)
    TIM_SetCounter                           0x08002deb   Thumb Code     4  stm32f4xx_tim.o(i.TIM_SetCounter)
    TIM_SetIC1Prescaler                      0x08002def   Thumb Code    16  stm32f4xx_tim.o(i.TIM_SetIC1Prescaler)
    TIM_SetIC2Prescaler                      0x08002dff   Thumb Code    24  stm32f4xx_tim.o(i.TIM_SetIC2Prescaler)
    TIM_SetIC3Prescaler                      0x08002e17   Thumb Code    16  stm32f4xx_tim.o(i.TIM_SetIC3Prescaler)
    TIM_SetIC4Prescaler                      0x08002e27   Thumb Code    24  stm32f4xx_tim.o(i.TIM_SetIC4Prescaler)
    TIM_TimeBaseInit                         0x08002e41   Thumb Code    96  stm32f4xx_tim.o(i.TIM_TimeBaseInit)
    TIM_TimeBaseStructInit                   0x08002ebd   Thumb Code    18  stm32f4xx_tim.o(i.TIM_TimeBaseStructInit)
    TimingDelay_Decrement                    0x08002ed1   Thumb Code    16  main.o(i.TimingDelay_Decrement)
    USART2_IRQHandler                        0x08002ee5   Thumb Code   384  uppercomputer.o(i.USART2_IRQHandler)
    USART_ClearITPendingBit                  0x08003085   Thumb Code    16  stm32f4xx_usart.o(i.USART_ClearITPendingBit)
    USART_Cmd                                0x08003095   Thumb Code    24  stm32f4xx_usart.o(i.USART_Cmd)
    USART_ConfigInterrupt                    0x080030ad   Thumb Code    44  uppercomputer.o(i.USART_ConfigInterrupt)
    USART_DMACmd                             0x080030dd   Thumb Code    20  stm32f4xx_usart.o(i.USART_DMACmd)
    USART_DeInit                             0x080030f1   Thumb Code   224  stm32f4xx_usart.o(i.USART_DeInit)
    USART_GetFlagStatus                      0x080031f1   Thumb Code    14  stm32f4xx_usart.o(i.USART_GetFlagStatus)
    USART_GetITStatus                        0x080031ff   Thumb Code    64  stm32f4xx_usart.o(i.USART_GetITStatus)
    USART_ITConfig                           0x0800323f   Thumb Code    54  stm32f4xx_usart.o(i.USART_ITConfig)
    USART_Init                               0x08003275   Thumb Code   180  stm32f4xx_usart.o(i.USART_Init)
    USART_ReceiveData                        0x08003331   Thumb Code     8  stm32f4xx_usart.o(i.USART_ReceiveData)
    USART_SendData                           0x08003339   Thumb Code     8  stm32f4xx_usart.o(i.USART_SendData)
    USBD_ClrCfg                              0x08003341   Thumb Code    22  usbd_core.o(i.USBD_ClrCfg)
    USBD_CtlContinueRx                       0x0800339f   Thumb Code    30  usbd_ioreq.o(i.USBD_CtlContinueRx)
    USBD_CtlContinueSendData                 0x080033bd   Thumb Code    30  usbd_ioreq.o(i.USBD_CtlContinueSendData)
    USBD_CtlError                            0x080033db   Thumb Code    30  usbd_req.o(i.USBD_CtlError)
    USBD_CtlReceiveStatus                    0x080033f9   Thumb Code    36  usbd_ioreq.o(i.USBD_CtlReceiveStatus)
    USBD_CtlSendData                         0x0800341d   Thumb Code    46  usbd_ioreq.o(i.USBD_CtlSendData)
    USBD_CtlSendStatus                       0x0800344b   Thumb Code    36  usbd_ioreq.o(i.USBD_CtlSendStatus)
    USBD_OTG_ISR_Handler                     0x080037c9   Thumb Code   224  usb_dcd_int.o(i.USBD_OTG_ISR_Handler)
    USBD_ParseSetupRequest                   0x080038a9   Thumb Code    72  usbd_req.o(i.USBD_ParseSetupRequest)
    USBD_SetCfg                              0x080039cb   Thumb Code    30  usbd_core.o(i.USBD_SetCfg)
    USBD_StdDevReq                           0x08003bbd   Thumb Code   114  usbd_req.o(i.USBD_StdDevReq)
    USBD_StdEPReq                            0x08003c31   Thumb Code   370  usbd_req.o(i.USBD_StdEPReq)
    USBD_StdItfReq                           0x08003da9   Thumb Code    76  usbd_req.o(i.USBD_StdItfReq)
    USB_OTG_BSP_uDelay                       0x08003e15   Thumb Code    18  usb_bsp.o(i.USB_OTG_BSP_uDelay)
    USB_OTG_EP0Activate                      0x08003e27   Thumb Code   116  usb_core.o(i.USB_OTG_EP0Activate)
    USB_OTG_EP0StartXfer                     0x08003e9b   Thumb Code   342  usb_core.o(i.USB_OTG_EP0StartXfer)
    USB_OTG_EP0_OutStart                     0x08003ff1   Thumb Code    98  usb_core.o(i.USB_OTG_EP0_OutStart)
    USB_OTG_EPActivate                       0x08004053   Thumb Code   152  usb_core.o(i.USB_OTG_EPActivate)
    USB_OTG_EPClearStall                     0x080040eb   Thumb Code    80  usb_core.o(i.USB_OTG_EPClearStall)
    USB_OTG_EPSetStall                       0x0800413b   Thumb Code   100  usb_core.o(i.USB_OTG_EPSetStall)
    USB_OTG_EPStartXfer                      0x0800419f   Thumb Code   510  usb_core.o(i.USB_OTG_EPStartXfer)
    USB_OTG_FlushTxFifo                      0x0800439d   Thumb Code    80  usb_core.o(i.USB_OTG_FlushTxFifo)
    USB_OTG_GetDeviceSpeed                   0x080043f1   Thumb Code    56  usb_core.o(i.USB_OTG_GetDeviceSpeed)
    USB_OTG_GetMode                          0x08004429   Thumb Code    12  usb_core.o(i.USB_OTG_GetMode)
    USB_OTG_IsDeviceMode                     0x08004435   Thumb Code    22  usb_core.o(i.USB_OTG_IsDeviceMode)
    USB_OTG_ReadCoreItr                      0x0800444b   Thumb Code    16  usb_core.o(i.USB_OTG_ReadCoreItr)
    USB_OTG_ReadDevAllInEPItr                0x0800445b   Thumb Code    16  usb_core.o(i.USB_OTG_ReadDevAllInEPItr)
    USB_OTG_ReadDevAllOutEp_itr              0x0800446b   Thumb Code    16  usb_core.o(i.USB_OTG_ReadDevAllOutEp_itr)
    USB_OTG_ReadDevOutEP_itr                 0x0800447b   Thumb Code    20  usb_core.o(i.USB_OTG_ReadDevOutEP_itr)
    USB_OTG_ReadPacket                       0x0800448f   Thumb Code    40  usb_core.o(i.USB_OTG_ReadPacket)
    USB_OTG_WritePacket                      0x080044b7   Thumb Code    62  usb_core.o(i.USB_OTG_WritePacket)
    UsageFault_Handler                       0x080044f5   Thumb Code     2  stm32f4xx_it.o(i.UsageFault_Handler)
    Usart2_config                            0x080044f9   Thumb Code   128  usart2.o(i.Usart2_config)
    __0sprintf                               0x08004585   Thumb Code    34  printfa.o(i.__0sprintf)
    __1sprintf                               0x08004585   Thumb Code     0  printfa.o(i.__0sprintf)
    __2sprintf                               0x08004585   Thumb Code     0  printfa.o(i.__0sprintf)
    __c89sprintf                             0x08004585   Thumb Code     0  printfa.o(i.__0sprintf)
    sprintf                                  0x08004585   Thumb Code     0  printfa.o(i.__0sprintf)
    __scatterload_copy                       0x080045ad   Thumb Code    14  handlers.o(i.__scatterload_copy)
    __scatterload_null                       0x080045bb   Thumb Code     2  handlers.o(i.__scatterload_null)
    __scatterload_zeroinit                   0x080045bd   Thumb Code    14  handlers.o(i.__scatterload_zeroinit)
    arm_cos_f32                              0x08004e69   Thumb Code   114  arm_cos_f32.o(i.arm_cos_f32)
    arm_sin_f32                              0x08004ee9   Thumb Code   110  arm_sin_f32.o(i.arm_sin_f32)
    control_mode_init                        0x08004f65   Thumb Code    14  control_mode.o(i.control_mode_init)
    display_page_debug                       0x08004f79   Thumb Code    58  oled_display.o(i.display_page_debug)
    display_page_fault                       0x08004fc5   Thumb Code    20  oled_display.o(i.display_page_fault)
    display_page_four_values                 0x08004fdd   Thumb Code   618  oled_display.o(i.display_page_four_values)
    display_page_logo                        0x080052e5   Thumb Code    20  oled_display.o(i.display_page_logo)
    display_page_position_mode               0x080052fd   Thumb Code   230  oled_display.o(i.display_page_position_mode)
    drv8301_init                             0x0800542d   Thumb Code    62  drv8301.o(i.drv8301_init)
    drv8301_protection                       0x08005471   Thumb Code    32  drv8301.o(i.drv8301_protection)
    drv8301_spi_read                         0x0800549d   Thumb Code   210  drv8301.o(i.drv8301_spi_read)
    drv8301_spi_write                        0x08005579   Thumb Code   124  drv8301.o(i.drv8301_spi_write)
    foc_algorithm_initialize                 0x080055fd   Thumb Code   234  foc_algorithm.o(i.foc_algorithm_initialize)
    foc_algorithm_step                       0x080056f5   Thumb Code   552  foc_algorithm.o(i.foc_algorithm_step)
    get_offset                               0x08005939   Thumb Code    62  adc.o(i.get_offset)
    hard_init                                0x08005985   Thumb Code  1916  board_config.o(i.hard_init)
    key_switch_page_detect                   0x08006119   Thumb Code    70  oled_display.o(i.key_switch_page_detect)
    low_control_task                         0x0800616d   Thumb Code   288  low_task.o(i.low_control_task)
    main                                     0x080062c9   Thumb Code    60  main.o(i.main)
    motor_run                                0x08006311   Thumb Code   614  adc.o(i.motor_run)
    motor_start                              0x080065f1   Thumb Code    84  low_task.o(i.motor_start)
    motor_stop                               0x08006671   Thumb Code    28  low_task.o(i.motor_stop)
    oled_display                             0x08006699   Thumb Code   230  oled.o(i.oled_display)
    oled_display_handle                      0x0800678d   Thumb Code    86  oled_display.o(i.oled_display_handle)
    oled_pow                                 0x080067e9   Thumb Code    18  oled.o(i.oled_pow)
    oled_switch_page                         0x080067fd   Thumb Code    22  oled_display.o(i.oled_switch_page)
    position_pid_initialize                  0x08006819   Thumb Code    70  position_pid.o(i.position_pid_initialize)
    position_sensor_init                     0x08006879   Thumb Code    58  position_sensor.o(i.position_sensor_init)
    position_sensor_update                   0x080068cd   Thumb Code   190  position_sensor.o(i.position_sensor_update)
    send_PC                                  0x080069b5   Thumb Code   136  adc.o(i.send_PC)
    speed_pid_initialize                     0x08006a51   Thumb Code    54  speed_pid.o(i.speed_pid_initialize)
    stm32_ekf_Outputs_wrapper                0x08006a95   Thumb Code    64  stm32_ekf_wrapper.o(i.stm32_ekf_Outputs_wrapper)
    stm32_ekf_Start_wrapper                  0x08006ad5   Thumb Code   164  stm32_ekf_wrapper.o(i.stm32_ekf_Start_wrapper)
    stm32_ekf_Update_wrapper                 0x08006b9d   Thumb Code  2188  stm32_ekf_wrapper.o(i.stm32_ekf_Update_wrapper)
    wrapTo2Pi                                0x08007431   Thumb Code    38  position_sensor.o(i.wrapTo2Pi)
    wrapToPi                                 0x08007461   Thumb Code    38  position_sensor.o(i.wrapToPi)
    sinTable_f32                             0x08007494   Data        2052  arm_common_tables.o(.constdata)
    F6x8                                     0x08007c98   Data         552  oled_font.o(.constdata)
    Region$$Table$$Base                      0x08007ec0   Number         0  anon$$obj.o(Region$$Table)
    Region$$Table$$Limit                     0x08007ee0   Number         0  anon$$obj.o(Region$$Table)
    dma_tx_busy                              0x20000010   Data           1  adc.o(.data)
    get_offset_flag                          0x20000011   Data           1  adc.o(.data)
    get_offset_sample_cnt                    0x20000012   Data           1  adc.o(.data)
    oled_display_sample_freq                 0x20000013   Data           1  adc.o(.data)
    speed_close_loop_flag                    0x20000014   Data           1  adc.o(.data)
    motor_direction                          0x20000018   Data           4  adc.o(.data)
    Ia_test                                  0x2000001c   Data           4  adc.o(.data)
    Ib_test                                  0x20000020   Data           4  adc.o(.data)
    Ic_test                                  0x20000024   Data           4  adc.o(.data)
    Vbus                                     0x20000028   Data           4  adc.o(.data)
    A_offset                                 0x2000002c   Data           4  adc.o(.data)
    B_offset                                 0x20000030   Data           4  adc.o(.data)
    Iq_ref                                   0x20000034   Data           4  adc.o(.data)
    EKF_Hz                                   0x20000038   Data           4  adc.o(.data)
    Ia                                       0x20000040   Data           8  adc.o(.data)
    Ib                                       0x20000048   Data           8  adc.o(.data)
    Ic                                       0x20000050   Data           8  adc.o(.data)
    drv8301_init_ok_flag                     0x20000058   Data           1  drv8301.o(.data)
    drv8301_reg_read                         0x2000005a   Data           8  drv8301.o(.data)
    D_PI_I                                   0x20000064   Data           4  foc_algorithm.o(.data)
    D_PI_KB                                  0x20000068   Data           4  foc_algorithm.o(.data)
    D_PI_LOW_LIMIT                           0x2000006c   Data           4  foc_algorithm.o(.data)
    D_PI_P                                   0x20000070   Data           4  foc_algorithm.o(.data)
    D_PI_UP_LIMIT                            0x20000074   Data           4  foc_algorithm.o(.data)
    Q_PI_I                                   0x20000078   Data           4  foc_algorithm.o(.data)
    Q_PI_KB                                  0x2000007c   Data           4  foc_algorithm.o(.data)
    Q_PI_LOW_LIMIT                           0x20000080   Data           4  foc_algorithm.o(.data)
    Q_PI_P                                   0x20000084   Data           4  foc_algorithm.o(.data)
    Q_PI_UP_LIMIT                            0x20000088   Data           4  foc_algorithm.o(.data)
    Current_Ialpha_beta                      0x2000008c   Data           8  foc_algorithm.o(.data)
    Voltage_Alpha_Beta                       0x20000094   Data           8  foc_algorithm.o(.data)
    Transf_Cos_Sin                           0x2000009c   Data           8  foc_algorithm.o(.data)
    Current_Idq                              0x200000a4   Data           8  foc_algorithm.o(.data)
    Voltage_DQ                               0x200000ac   Data           8  foc_algorithm.o(.data)
    hall_state                               0x200000b4   Data           1  hall_sensor.o(.data)
    hall_dir                                 0x200000b5   Data           1  hall_sensor.o(.data)
    hall_last_edge_ms                        0x200000b8   Data           4  hall_sensor.o(.data)
    hall_read_temp                           0x200000bc   Data           1  hall_sensor.o(.data)
    hall_angle                               0x200000c0   Data           4  hall_sensor.o(.data)
    hall_angle_add                           0x200000c4   Data           4  hall_sensor.o(.data)
    hall_speed                               0x200000c8   Data           4  hall_sensor.o(.data)
    hall_sector_dt_ticks                     0x200000cc   Data           4  hall_sensor.o(.data)
    l_h                                      0x200000d0   Data           4  l_identification_wrapper.o(.data)
    l_Pn0                                    0x200000d4   Data           4  l_identification_wrapper.o(.data)
    l_Pn1                                    0x200000d8   Data           4  l_identification_wrapper.o(.data)
    l_x1                                     0x200000dc   Data           4  l_identification_wrapper.o(.data)
    l_x2                                     0x200000e0   Data           4  l_identification_wrapper.o(.data)
    l_K                                      0x200000e4   Data           4  l_identification_wrapper.o(.data)
    l_theta0                                 0x200000e8   Data           4  l_identification_wrapper.o(.data)
    l_theta1                                 0x200000ec   Data           4  l_identification_wrapper.o(.data)
    l_Ud                                     0x200000f0   Data           4  l_identification_wrapper.o(.data)
    g_ms                                     0x200000f4   Data           4  low_task.o(.data)
    motor_start_stop                         0x200000f8   Data           1  low_task.o(.data)
    motor_start_stop_pre                     0x200000f9   Data           1  low_task.o(.data)
    key1_press_flag                          0x200000fa   Data           1  low_task.o(.data)
    hz_100_cnt                               0x200000fc   Data           2  low_task.o(.data)
    key1_cnt                                 0x200000fe   Data           2  low_task.o(.data)
    theta0_1_1                               0x20000100   Data           4  r_flux_identification_wrapper.o(.data)
    theta0_2_1                               0x20000104   Data           4  r_flux_identification_wrapper.o(.data)
    Pn0_1_1                                  0x20000108   Data           4  r_flux_identification_wrapper.o(.data)
    Pn0_1_2                                  0x2000010c   Data           4  r_flux_identification_wrapper.o(.data)
    Pn0_2_1                                  0x20000110   Data           4  r_flux_identification_wrapper.o(.data)
    Pn0_2_2                                  0x20000114   Data           4  r_flux_identification_wrapper.o(.data)
    x_1_1                                    0x20000118   Data           4  r_flux_identification_wrapper.o(.data)
    x_1_2                                    0x2000011c   Data           4  r_flux_identification_wrapper.o(.data)
    x_1_3                                    0x20000120   Data           4  r_flux_identification_wrapper.o(.data)
    x_2_1                                    0x20000124   Data           4  r_flux_identification_wrapper.o(.data)
    x_2_2                                    0x20000128   Data           4  r_flux_identification_wrapper.o(.data)
    x_2_3                                    0x2000012c   Data           4  r_flux_identification_wrapper.o(.data)
    h_1_1                                    0x20000130   Data           4  r_flux_identification_wrapper.o(.data)
    h_2_1                                    0x20000134   Data           4  r_flux_identification_wrapper.o(.data)
    r_K_1_1                                  0x20000138   Data           4  r_flux_identification_wrapper.o(.data)
    r_K_2_1                                  0x2000013c   Data           4  r_flux_identification_wrapper.o(.data)
    Pn1_1_1                                  0x20000140   Data           4  r_flux_identification_wrapper.o(.data)
    Pn1_1_2                                  0x20000144   Data           4  r_flux_identification_wrapper.o(.data)
    Pn1_2_1                                  0x20000148   Data           4  r_flux_identification_wrapper.o(.data)
    Pn1_2_2                                  0x2000014c   Data           4  r_flux_identification_wrapper.o(.data)
    theta1_1_1                               0x20000150   Data           4  r_flux_identification_wrapper.o(.data)
    theta1_2_1                               0x20000154   Data           4  r_flux_identification_wrapper.o(.data)
    r_temp_1_1                               0x20000158   Data           4  r_flux_identification_wrapper.o(.data)
    r_temp_1_2                               0x2000015c   Data           4  r_flux_identification_wrapper.o(.data)
    r_temp_2_1                               0x20000160   Data           4  r_flux_identification_wrapper.o(.data)
    r_temp_2_2                               0x20000164   Data           4  r_flux_identification_wrapper.o(.data)
    r_Uq                                     0x20000168   Data           4  r_flux_identification_wrapper.o(.data)
    SPEED_PI_I                               0x2000016c   Data           4  speed_pid.o(.data)
    SPEED_PI_KB                              0x20000170   Data           4  speed_pid.o(.data)
    SPEED_PI_LOW_LIMIT                       0x20000174   Data           4  speed_pid.o(.data)
    SPEED_PI_P                               0x20000178   Data           4  speed_pid.o(.data)
    SPEED_PI_UP_LIMIT                        0x2000017c   Data           4  speed_pid.o(.data)
    Speed_Ref                                0x20000180   Data           4  speed_pid.o(.data)
    Speed_Fdk                                0x20000184   Data           4  speed_pid.o(.data)
    Speed_Pid_Out                            0x20000188   Data           4  speed_pid.o(.data)
    Rs                                       0x2000018c   Data           4  stm32_ekf_wrapper.o(.data)
    Ls                                       0x20000190   Data           4  stm32_ekf_wrapper.o(.data)
    flux                                     0x20000194   Data           4  stm32_ekf_wrapper.o(.data)
    Q_0_0                                    0x20000198   Data           4  stm32_ekf_wrapper.o(.data)
    Q_1_1                                    0x2000019c   Data           4  stm32_ekf_wrapper.o(.data)
    Q_2_2                                    0x200001a0   Data           4  stm32_ekf_wrapper.o(.data)
    Q_3_3                                    0x200001a4   Data           4  stm32_ekf_wrapper.o(.data)
    R_0_0                                    0x200001a8   Data           4  stm32_ekf_wrapper.o(.data)
    R_1_1                                    0x200001ac   Data           4  stm32_ekf_wrapper.o(.data)
    T                                        0x200001b0   Data           4  stm32_ekf_wrapper.o(.data)
    vs_ab_0_0                                0x200001b4   Data           4  stm32_ekf_wrapper.o(.data)
    vs_ab_1_0                                0x200001b8   Data           4  stm32_ekf_wrapper.o(.data)
    is_ab_0_0                                0x200001bc   Data           4  stm32_ekf_wrapper.o(.data)
    is_ab_1_0                                0x200001c0   Data           4  stm32_ekf_wrapper.o(.data)
    P0_0_0                                   0x200001c4   Data           4  stm32_ekf_wrapper.o(.data)
    P0_0_1                                   0x200001c8   Data           4  stm32_ekf_wrapper.o(.data)
    P0_0_2                                   0x200001cc   Data           4  stm32_ekf_wrapper.o(.data)
    P0_0_3                                   0x200001d0   Data           4  stm32_ekf_wrapper.o(.data)
    P0_1_0                                   0x200001d4   Data           4  stm32_ekf_wrapper.o(.data)
    P0_1_1                                   0x200001d8   Data           4  stm32_ekf_wrapper.o(.data)
    P0_1_2                                   0x200001dc   Data           4  stm32_ekf_wrapper.o(.data)
    P0_1_3                                   0x200001e0   Data           4  stm32_ekf_wrapper.o(.data)
    P0_2_0                                   0x200001e4   Data           4  stm32_ekf_wrapper.o(.data)
    P0_2_1                                   0x200001e8   Data           4  stm32_ekf_wrapper.o(.data)
    P0_2_2                                   0x200001ec   Data           4  stm32_ekf_wrapper.o(.data)
    P0_2_3                                   0x200001f0   Data           4  stm32_ekf_wrapper.o(.data)
    P0_3_0                                   0x200001f4   Data           4  stm32_ekf_wrapper.o(.data)
    P0_3_1                                   0x200001f8   Data           4  stm32_ekf_wrapper.o(.data)
    P0_3_2                                   0x200001fc   Data           4  stm32_ekf_wrapper.o(.data)
    P0_3_3                                   0x20000200   Data           4  stm32_ekf_wrapper.o(.data)
    H_0_0                                    0x20000204   Data           4  stm32_ekf_wrapper.o(.data)
    H_1_1                                    0x20000208   Data           4  stm32_ekf_wrapper.o(.data)
    B_0_0                                    0x2000020c   Data           4  stm32_ekf_wrapper.o(.data)
    B_1_1                                    0x20000210   Data           4  stm32_ekf_wrapper.o(.data)
    F_0_0                                    0x20000214   Data           4  stm32_ekf_wrapper.o(.data)
    F_0_2                                    0x20000218   Data           4  stm32_ekf_wrapper.o(.data)
    F_0_3                                    0x2000021c   Data           4  stm32_ekf_wrapper.o(.data)
    F_1_1                                    0x20000220   Data           4  stm32_ekf_wrapper.o(.data)
    F_1_2                                    0x20000224   Data           4  stm32_ekf_wrapper.o(.data)
    F_1_3                                    0x20000228   Data           4  stm32_ekf_wrapper.o(.data)
    F_3_2                                    0x2000022c   Data           4  stm32_ekf_wrapper.o(.data)
    temp_0_0                                 0x20000230   Data           4  stm32_ekf_wrapper.o(.data)
    temp_0_1                                 0x20000234   Data           4  stm32_ekf_wrapper.o(.data)
    temp_0_2                                 0x20000238   Data           4  stm32_ekf_wrapper.o(.data)
    temp_0_3                                 0x2000023c   Data           4  stm32_ekf_wrapper.o(.data)
    temp_1_0                                 0x20000240   Data           4  stm32_ekf_wrapper.o(.data)
    temp_1_1                                 0x20000244   Data           4  stm32_ekf_wrapper.o(.data)
    temp_1_2                                 0x20000248   Data           4  stm32_ekf_wrapper.o(.data)
    temp_1_3                                 0x2000024c   Data           4  stm32_ekf_wrapper.o(.data)
    temp_2_0                                 0x20000250   Data           4  stm32_ekf_wrapper.o(.data)
    temp_2_1                                 0x20000254   Data           4  stm32_ekf_wrapper.o(.data)
    temp_2_2                                 0x20000258   Data           4  stm32_ekf_wrapper.o(.data)
    temp_3_0                                 0x2000025c   Data           4  stm32_ekf_wrapper.o(.data)
    temp_3_1                                 0x20000260   Data           4  stm32_ekf_wrapper.o(.data)
    temp_3_3                                 0x20000264   Data           4  stm32_ekf_wrapper.o(.data)
    f1_0_0                                   0x20000268   Data           4  stm32_ekf_wrapper.o(.data)
    f1_1_0                                   0x2000026c   Data           4  stm32_ekf_wrapper.o(.data)
    f1_2_0                                   0x20000270   Data           4  stm32_ekf_wrapper.o(.data)
    f1_3_0                                   0x20000274   Data           4  stm32_ekf_wrapper.o(.data)
    f2_0_0                                   0x20000278   Data           4  stm32_ekf_wrapper.o(.data)
    f2_0_2                                   0x2000027c   Data           4  stm32_ekf_wrapper.o(.data)
    f2_0_3                                   0x20000280   Data           4  stm32_ekf_wrapper.o(.data)
    f2_1_1                                   0x20000284   Data           4  stm32_ekf_wrapper.o(.data)
    f2_1_2                                   0x20000288   Data           4  stm32_ekf_wrapper.o(.data)
    f2_1_3                                   0x2000028c   Data           4  stm32_ekf_wrapper.o(.data)
    f2_2_2                                   0x20000290   Data           4  stm32_ekf_wrapper.o(.data)
    f2_3_2                                   0x20000294   Data           4  stm32_ekf_wrapper.o(.data)
    f2_3_3                                   0x20000298   Data           4  stm32_ekf_wrapper.o(.data)
    X_pred_0_0                               0x2000029c   Data           4  stm32_ekf_wrapper.o(.data)
    X_pred_1_0                               0x200002a0   Data           4  stm32_ekf_wrapper.o(.data)
    X_pred_2_0                               0x200002a4   Data           4  stm32_ekf_wrapper.o(.data)
    X_pred_3_0                               0x200002a8   Data           4  stm32_ekf_wrapper.o(.data)
    Y_pred_0_0                               0x200002ac   Data           4  stm32_ekf_wrapper.o(.data)
    Y_pred_1_0                               0x200002b0   Data           4  stm32_ekf_wrapper.o(.data)
    Y_0_0                                    0x200002b4   Data           4  stm32_ekf_wrapper.o(.data)
    Y_1_0                                    0x200002b8   Data           4  stm32_ekf_wrapper.o(.data)
    P_pred_0_0                               0x200002bc   Data           4  stm32_ekf_wrapper.o(.data)
    P_pred_0_1                               0x200002c0   Data           4  stm32_ekf_wrapper.o(.data)
    P_pred_0_2                               0x200002c4   Data           4  stm32_ekf_wrapper.o(.data)
    P_pred_0_3                               0x200002c8   Data           4  stm32_ekf_wrapper.o(.data)
    P_pred_1_0                               0x200002cc   Data           4  stm32_ekf_wrapper.o(.data)
    P_pred_1_1                               0x200002d0   Data           4  stm32_ekf_wrapper.o(.data)
    P_pred_1_2                               0x200002d4   Data           4  stm32_ekf_wrapper.o(.data)
    P_pred_1_3                               0x200002d8   Data           4  stm32_ekf_wrapper.o(.data)
    P_pred_2_0                               0x200002dc   Data           4  stm32_ekf_wrapper.o(.data)
    P_pred_2_1                               0x200002e0   Data           4  stm32_ekf_wrapper.o(.data)
    P_pred_2_2                               0x200002e4   Data           4  stm32_ekf_wrapper.o(.data)
    P_pred_2_3                               0x200002e8   Data           4  stm32_ekf_wrapper.o(.data)
    P_pred_3_0                               0x200002ec   Data           4  stm32_ekf_wrapper.o(.data)
    P_pred_3_1                               0x200002f0   Data           4  stm32_ekf_wrapper.o(.data)
    P_pred_3_2                               0x200002f4   Data           4  stm32_ekf_wrapper.o(.data)
    P_pred_3_3                               0x200002f8   Data           4  stm32_ekf_wrapper.o(.data)
    temp_0_0_t                               0x200002fc   Data           4  stm32_ekf_wrapper.o(.data)
    temp_0_1_t                               0x20000300   Data           4  stm32_ekf_wrapper.o(.data)
    temp_1_0_t                               0x20000304   Data           4  stm32_ekf_wrapper.o(.data)
    temp_1_1_t                               0x20000308   Data           4  stm32_ekf_wrapper.o(.data)
    temp                                     0x2000030c   Data           4  stm32_ekf_wrapper.o(.data)
    K_0_0                                    0x20000310   Data           4  stm32_ekf_wrapper.o(.data)
    K_0_1                                    0x20000314   Data           4  stm32_ekf_wrapper.o(.data)
    K_1_0                                    0x20000318   Data           4  stm32_ekf_wrapper.o(.data)
    K_1_1                                    0x2000031c   Data           4  stm32_ekf_wrapper.o(.data)
    K_2_0                                    0x20000320   Data           4  stm32_ekf_wrapper.o(.data)
    K_2_1                                    0x20000324   Data           4  stm32_ekf_wrapper.o(.data)
    K_3_0                                    0x20000328   Data           4  stm32_ekf_wrapper.o(.data)
    K_3_1                                    0x2000032c   Data           4  stm32_ekf_wrapper.o(.data)
    tempa_0_0                                0x20000330   Data           4  stm32_ekf_wrapper.o(.data)
    tempa_1_0                                0x20000334   Data           4  stm32_ekf_wrapper.o(.data)
    tempa_2_0                                0x20000338   Data           4  stm32_ekf_wrapper.o(.data)
    tempa_3_0                                0x2000033c   Data           4  stm32_ekf_wrapper.o(.data)
    Control_Mode                             0x20000340   Data           4  control_mode.o(.data)
    Position_Ref                             0x20000344   Data           4  position_pid.o(.data)
    Position_Fdk                             0x20000348   Data           4  position_pid.o(.data)
    Position_Pid_Out                         0x2000034c   Data           4  position_pid.o(.data)
    Position_Fdb_Filtered                    0x20000350   Data           4  position_pid.o(.data)
    error                                    0x20000354   Data           4  position_pid.o(.data)
    key1_flag                                0x20000358   Data           1  exti.o(.data)
    key2_flag                                0x20000359   Data           1  exti.o(.data)
    key3_flag                                0x2000035a   Data           1  exti.o(.data)
    display_data_buff_cnt                    0x20000360   Data           1  oled.o(.data)
    display_data_flag                        0x20000361   Data           1  oled.o(.data)
    motor_run_display_flag_pre               0x20000364   Data           1  oled_display.o(.data)
    display_flag                             0x20000365   Data           1  oled_display.o(.data)
    clear_display_flag                       0x20000366   Data           1  oled_display.o(.data)
    drv8301_fault_flag                       0x20000367   Data           1  oled_display.o(.data)
    KEY1_KEY2_COMBO_FLAG                     0x2000036a   Data           1  oled_display.o(.data)
    motor_run_display_flag                   0x2000036b   Data           1  oled_display.o(.data)
    usb_open_display_flag                    0x20000370   Data           1  oled_display.o(.data)
    data_upload_display_flag                 0x20000371   Data           1  oled_display.o(.data)
    display_static_flag                      0x20000372   Data           1  oled_display.o(.data)
    init_dispaly_flag                        0x20000373   Data           1  oled_display.o(.data)
    Logo                                     0x20000374   Data        1024  oled_font.o(.data)
    fault                                    0x20000774   Data        1024  oled_font.o(.data)
    int_test1                                0x20000b74   Data           4  pc_communication_init.o(.data)
    int_test2                                0x20000b78   Data           4  pc_communication_init.o(.data)
    int_test3                                0x20000b7c   Data           4  pc_communication_init.o(.data)
    int_test4                                0x20000b80   Data           4  pc_communication_init.o(.data)
    int_test5                                0x20000b84   Data           4  pc_communication_init.o(.data)
    int_test6                                0x20000b88   Data           4  pc_communication_init.o(.data)
    int_test7                                0x20000b8c   Data           4  pc_communication_init.o(.data)
    int_test8                                0x20000b90   Data           4  pc_communication_init.o(.data)
    int_test9                                0x20000b94   Data           4  pc_communication_init.o(.data)
    int_test10                               0x20000b98   Data           4  pc_communication_init.o(.data)
    float_test2                              0x20000b9c   Data           4  pc_communication_init.o(.data)
    float_test3                              0x20000ba0   Data           4  pc_communication_init.o(.data)
    rxIndex                                  0x20000ba4   Data           1  uppercomputer.o(.data)
    frameStarted                             0x20000ba5   Data           1  uppercomputer.o(.data)
    dataCounter                              0x20000ba6   Data           2  uppercomputer.o(.data)
    SET_TEST_MODE                            0x20000ba8   Data           4  usbd_core.o(.data)
    USBD_DCD_INT_cb                          0x20000bac   Data          44  usbd_core.o(.data)
    USBD_DCD_INT_fops                        0x20000bd8   Data           4  usbd_core.o(.data)
    USBD_ep_status                           0x20000bdc   Data           4  usbd_req.o(.data)
    USBD_default_cfg                         0x20000be0   Data           4  usbd_req.o(.data)
    USBD_cfg_status                          0x20000be4   Data           4  usbd_req.o(.data)
    send_buffer                              0x20000bec   Data          20  adc.o(.bss)
    tempFloat                                0x20000c00   Data          16  adc.o(.bss)
    tempData                                 0x20000c10   Data          16  adc.o(.bss)
    ADC1ConvertedValue                       0x20000c20   Data          10  adc.o(.bss)
    FOC_Interface_states                     0x20000c30   Data         112  foc_algorithm.o(.bss)
    FOC_Input                                0x20000ca0   Data          48  foc_algorithm.o(.bss)
    FOC_Output                               0x20000cd0   Data          40  foc_algorithm.o(.bss)
    Current_Iabc                             0x20000cf8   Data          12  foc_algorithm.o(.bss)
    Current_D_PID                            0x20000d04   Data          28  foc_algorithm.o(.bss)
    Current_Q_PID                            0x20000d20   Data          28  foc_algorithm.o(.bss)
    Speed_Pid                                0x20000d3c   Data          28  speed_pid.o(.bss)
    Position_Pid                             0x20000d58   Data          32  position_pid.o(.bss)
    Position_Sensor                          0x20000d78   Data          28  position_sensor.o(.bss)
    display_buff                             0x20000d94   Data        1024  oled.o(.bss)
    display_data_buff                        0x20001194   Data         128  oled.o(.bss)
    USB_OTG_dev                              0x20001214   Data        1524  communication.o(.bss)
    Rxbuffer                                 0x20001808   Data          64  communication.o(.bss)
    Txbuffer                                 0x20001848   Data        3000  communication.o(.bss)
    Txbuffer_2                               0x20002400   Data        3000  communication.o(.bss)
    mcu_id                                   0x20002fb8   Data          12  communication.o(.bss)
    rxBuffer                                 0x20002fc4   Data          24  uppercomputer.o(.bss)
    __initial_sp                             0x200033e0   Data           0  startup_stm32f446xx.o(STACK)



==============================================================================

Memory Map of the image

  Image Entry point : 0x080001c5

  Load Region LR_IROM1 (Base: 0x08000000, Size: 0x00008acc, Max: 0x00080000, ABSOLUTE, COMPRESSED[0x00008284])

    Execution Region ER_IROM1 (Base: 0x08000000, Size: 0x00007ee0, Max: 0x00080000, ABSOLUTE)

    Base Addr    Size         Type   Attr      Idx    E Section Name        Object

    0x08000000   0x000001c4   Data   RO          168    RESET               startup_stm32f446xx.o
    0x080001c4   0x00000000   Code   RO         8966  * .ARM.Collect$$$$00000000  mc_w.l(entry.o)
    0x080001c4   0x00000004   Code   RO         9250    .ARM.Collect$$$$00000001  mc_w.l(entry2.o)
    0x080001c8   0x00000004   Code   RO         9253    .ARM.Collect$$$$00000004  mc_w.l(entry5.o)
    0x080001cc   0x00000000   Code   RO         9255    .ARM.Collect$$$$00000008  mc_w.l(entry7b.o)
    0x080001cc   0x00000000   Code   RO         9257    .ARM.Collect$$$$0000000A  mc_w.l(entry8b.o)
    0x080001cc   0x00000008   Code   RO         9258    .ARM.Collect$$$$0000000B  mc_w.l(entry9a.o)
    0x080001d4   0x00000000   Code   RO         9260    .ARM.Collect$$$$0000000D  mc_w.l(entry10a.o)
    0x080001d4   0x00000000   Code   RO         9262    .ARM.Collect$$$$0000000F  mc_w.l(entry11a.o)
    0x080001d4   0x00000004   Code   RO         9251    .ARM.Collect$$$$00002712  mc_w.l(entry2.o)
    0x080001d8   0x00000024   Code   RO          169    .text               startup_stm32f446xx.o
    0x080001fc   0x00000024   Code   RO         8969    .text               mc_w.l(memcpya.o)
    0x08000220   0x00000024   Code   RO         8971    .text               mc_w.l(memseta.o)
    0x08000244   0x0000014e   Code   RO         9236    .text               mf_w.l(dadd.o)
    0x08000392   0x000000e4   Code   RO         9238    .text               mf_w.l(dmul.o)
    0x08000476   0x000000de   Code   RO         9240    .text               mf_w.l(ddiv.o)
    0x08000554   0x00000022   Code   RO         9244    .text               mf_w.l(dflti.o)
    0x08000576   0x00000026   Code   RO         9246    .text               mf_w.l(f2d.o)
    0x0800059c   0x00000038   Code   RO         9248    .text               mf_w.l(d2f.o)
    0x080005d4   0x0000002c   Code   RO         9267    .text               mc_w.l(uidiv.o)
    0x08000600   0x00000062   Code   RO         9269    .text               mc_w.l(uldiv.o)
    0x08000662   0x0000001e   Code   RO         9271    .text               mc_w.l(llshl.o)
    0x08000680   0x00000024   Code   RO         9273    .text               mc_w.l(llsshr.o)
    0x080006a4   0x00000000   Code   RO         9275    .text               mc_w.l(iusefp.o)
    0x080006a4   0x0000006e   Code   RO         9276    .text               mf_w.l(fepilogue.o)
    0x08000712   0x000000ba   Code   RO         9278    .text               mf_w.l(depilogue.o)
    0x080007cc   0x00000030   Code   RO         9280    .text               mf_w.l(dfixul.o)
    0x080007fc   0x00000030   Code   RO         9282    .text               mf_w.l(cdrcmple.o)
    0x0800082c   0x00000024   Code   RO         9284    .text               mc_w.l(init.o)
    0x08000850   0x00000020   Code   RO         9287    .text               mc_w.l(llushr.o)
    0x08000870   0x00000056   Code   RO         9298    .text               mc_w.l(__dczerorl2.o)
    0x080008c6   0x00000006   Code   RO          573    i.ADC_ClearFlag     stm32f4xx_adc.o
    0x080008cc   0x00000018   Code   RO          575    i.ADC_Cmd           stm32f4xx_adc.o
    0x080008e4   0x00000028   Code   RO          576    i.ADC_CommonInit    stm32f4xx_adc.o
    0x0800090c   0x00000018   Code   RO          579    i.ADC_DMACmd        stm32f4xx_adc.o
    0x08000924   0x00000018   Code   RO          580    i.ADC_DMARequestAfterLastTransferCmd  stm32f4xx_adc.o
    0x0800093c   0x00000018   Code   RO          581    i.ADC_DeInit        stm32f4xx_adc.o
    0x08000954   0x0000000c   Code   RO          585    i.ADC_ExternalTrigInjectedConvConfig  stm32f4xx_adc.o
    0x08000960   0x0000000c   Code   RO          586    i.ADC_ExternalTrigInjectedConvEdgeConfig  stm32f4xx_adc.o
    0x0800096c   0x0000008c   Code   RO         6171    i.ADC_IRQHandler    adc.o
    0x080009f8   0x00000018   Code   RO          594    i.ADC_ITConfig      stm32f4xx_adc.o
    0x08000a10   0x0000004c   Code   RO          595    i.ADC_Init          stm32f4xx_adc.o
    0x08000a5c   0x0000004a   Code   RO          596    i.ADC_InjectedChannelConfig  stm32f4xx_adc.o
    0x08000aa6   0x00000010   Code   RO          598    i.ADC_InjectedSequencerLengthConfig  stm32f4xx_adc.o
    0x08000ab6   0x00000074   Code   RO          600    i.ADC_RegularChannelConfig  stm32f4xx_adc.o
    0x08000b2a   0x0000000a   Code   RO          602    i.ADC_SoftwareStartConv  stm32f4xx_adc.o
    0x08000b34   0x00000014   Code   RO          604    i.ADC_StructInit    stm32f4xx_adc.o
    0x08000b48   0x0000002a   Code   RO         6351    i.Angle_To_Cos_Sin  foc_algorithm.o
    0x08000b72   0x00000002   Code   RO         7189    i.BusFault_Handler  stm32f4xx_it.o
    0x08000b74   0x0000001a   Code   RO         7814    i.CalculateChecksum  UpperComputer.lib(uppercomputer.o)
    0x08000b8e   0x00000002   PAD
    0x08000b90   0x00000054   Code   RO         6352    i.Clarke_Transf     foc_algorithm.o
    0x08000be4   0x0000006c   Code   RO         6353    i.Current_PID_Calc  foc_algorithm.o
    0x08000c50   0x00000048   Code   RO         8272    i.DCD_EP_ClrStall   pc_communication.lib(usb_dcd.o)
    0x08000c98   0x00000068   Code   RO         8274    i.DCD_EP_Open       pc_communication.lib(usb_dcd.o)
    0x08000d00   0x00000052   Code   RO         8275    i.DCD_EP_PrepareRx  pc_communication.lib(usb_dcd.o)
    0x08000d52   0x0000001c   Code   RO         8276    i.DCD_EP_SetAddress  pc_communication.lib(usb_dcd.o)
    0x08000d6e   0x00000048   Code   RO         8277    i.DCD_EP_Stall      pc_communication.lib(usb_dcd.o)
    0x08000db6   0x0000004e   Code   RO         8278    i.DCD_EP_Tx         pc_communication.lib(usb_dcd.o)
    0x08000e04   0x00000198   Code   RO         7714    i.DCD_HandleEnumDone_ISR  pc_communication.lib(usb_dcd_int.o)
    0x08000f9c   0x00000128   Code   RO         7715    i.DCD_HandleInEP_ISR  pc_communication.lib(usb_dcd_int.o)
    0x080010c4   0x00000100   Code   RO         7716    i.DCD_HandleOutEP_ISR  pc_communication.lib(usb_dcd_int.o)
    0x080011c4   0x0000006c   Code   RO         7717    i.DCD_HandleResume_ISR  pc_communication.lib(usb_dcd_int.o)
    0x08001230   0x000000b0   Code   RO         7718    i.DCD_HandleRxStatusQueueLevel_ISR  pc_communication.lib(usb_dcd_int.o)
    0x080012e0   0x0000002c   Code   RO         7719    i.DCD_HandleSof_ISR  pc_communication.lib(usb_dcd_int.o)
    0x0800130c   0x000000a8   Code   RO         7720    i.DCD_HandleUSBSuspend_ISR  pc_communication.lib(usb_dcd_int.o)
    0x080013b4   0x00000104   Code   RO         7721    i.DCD_HandleUsbReset_ISR  pc_communication.lib(usb_dcd_int.o)
    0x080014b8   0x0000002c   Code   RO         7722    i.DCD_IsoINIncomplete_ISR  pc_communication.lib(usb_dcd_int.o)
    0x080014e4   0x0000002c   Code   RO         7723    i.DCD_IsoOUTIncomplete_ISR  pc_communication.lib(usb_dcd_int.o)
    0x08001510   0x00000028   Code   RO         7724    i.DCD_ReadDevInEP   pc_communication.lib(usb_dcd_int.o)
    0x08001538   0x000000ac   Code   RO         7725    i.DCD_WriteEmptyTxFifo  pc_communication.lib(usb_dcd_int.o)
    0x080015e4   0x00000044   Code   RO         6172    i.DMA1_Stream6_IRQHandler  adc.o
    0x08001628   0x0000002c   Code   RO         1687    i.DMA_ClearFlag     stm32f4xx_dma.o
    0x08001654   0x0000002c   Code   RO         1688    i.DMA_ClearITPendingBit  stm32f4xx_dma.o
    0x08001680   0x00000018   Code   RO         1689    i.DMA_Cmd           stm32f4xx_dma.o
    0x08001698   0x0000012c   Code   RO         1690    i.DMA_DeInit        stm32f4xx_dma.o
    0x080017c4   0x00000054   Code   RO         1699    i.DMA_GetITStatus   stm32f4xx_dma.o
    0x08001818   0x00000032   Code   RO         1700    i.DMA_ITConfig      stm32f4xx_dma.o
    0x0800184a   0x00000002   PAD
    0x0800184c   0x00000054   Code   RO         1701    i.DMA_Init          stm32f4xx_dma.o
    0x080018a0   0x00000002   Code   RO         7190    i.DebugMon_Handler  stm32f4xx_it.o
    0x080018a2   0x00000002   PAD
    0x080018a4   0x00000014   Code   RO         6873    i.Delay             main.o
    0x080018b8   0x00000024   Code   RO         6831    i.EXTI2_IRQHandler  exti.o
    0x080018dc   0x00000038   Code   RO         6832    i.EXTI4_IRQHandler  exti.o
    0x08001914   0x00000024   Code   RO         6833    i.EXTI9_5_IRQHandler  exti.o
    0x08001938   0x0000000c   Code   RO         1973    i.EXTI_ClearITPendingBit  stm32f4xx_exti.o
    0x08001944   0x00000014   Code   RO         1977    i.EXTI_GetITStatus  stm32f4xx_exti.o
    0x08001958   0x00000074   Code   RO         1978    i.EXTI_Init         stm32f4xx_exti.o
    0x080019cc   0x0000007c   Code   RO         2777    i.GPIO_Init         stm32f4xx_gpio.o
    0x08001a48   0x00000020   Code   RO         2778    i.GPIO_PinAFConfig  stm32f4xx_gpio.o
    0x08001a68   0x0000000e   Code   RO         2781    i.GPIO_ReadInputDataBit  stm32f4xx_gpio.o
    0x08001a76   0x00000004   Code   RO         2784    i.GPIO_ResetBits    stm32f4xx_gpio.o
    0x08001a7a   0x00000004   Code   RO         2785    i.GPIO_SetBits      stm32f4xx_gpio.o
    0x08001a7e   0x00000012   Code   RO         2786    i.GPIO_StructInit   stm32f4xx_gpio.o
    0x08001a90   0x00000002   Code   RO         7191    i.HardFault_Handler  stm32f4xx_it.o
    0x08001a92   0x00000002   PAD
    0x08001a94   0x00000014   Code   RO         6472    i.L_identification_Outputs_wrapper  l_identification_wrapper.o
    0x08001aa8   0x00000028   Code   RO         6473    i.L_identification_Start_wrapper  l_identification_wrapper.o
    0x08001ad0   0x00000070   Code   RO         6474    i.L_identification_Update_wrapper  l_identification_wrapper.o
    0x08001b40   0x00000002   Code   RO         7192    i.MemManage_Handler  stm32f4xx_it.o
    0x08001b42   0x00000002   Code   RO         7193    i.NMI_Handler       stm32f4xx_it.o
    0x08001b44   0x00000068   Code   RO          517    i.NVIC_Init         misc.o
    0x08001bac   0x00000014   Code   RO          518    i.NVIC_PriorityGroupConfig  misc.o
    0x08001bc0   0x0000005c   Code   RO         6915    i.OLED_Clear        oled.o
    0x08001c1c   0x0000005c   Code   RO         6916    i.OLED_DrawBMP      oled.o
    0x08001c78   0x00000104   Code   RO         6917    i.OLED_Init         oled.o
    0x08001d7c   0x00000026   Code   RO         6918    i.OLED_Set_Pos      oled.o
    0x08001da2   0x00000002   PAD
    0x08001da4   0x00000058   Code   RO         6921    i.OLED_ShowChar     oled.o
    0x08001dfc   0x00000038   Code   RO         6923    i.OLED_ShowFloat    oled.o
    0x08001e34   0x00000068   Code   RO         6924    i.OLED_ShowNum      oled.o
    0x08001e9c   0x00000032   Code   RO         6925    i.OLED_ShowString   oled.o
    0x08001ece   0x00000002   PAD
    0x08001ed0   0x00000040   Code   RO         6926    i.OLED_WR_Byte      oled.o
    0x08001f10   0x0000000c   Code   RO         7194    i.OTG_FS_IRQHandler  stm32f4xx_it.o
    0x08001f1c   0x00000034   Code   RO         7815    i.PackResponseFrame  UpperComputer.lib(uppercomputer.o)
    0x08001f50   0x00000032   Code   RO         6354    i.Park_Transf       foc_algorithm.o
    0x08001f82   0x00000002   Code   RO         7195    i.PendSV_Handler    stm32f4xx_it.o
    0x08001f84   0x0000001c   Code   RO         3897    i.RCC_AHB1PeriphClockCmd  stm32f4xx_rcc.o
    0x08001fa0   0x0000001c   Code   RO         3906    i.RCC_APB1PeriphClockCmd  stm32f4xx_rcc.o
    0x08001fbc   0x0000001c   Code   RO         3908    i.RCC_APB1PeriphResetCmd  stm32f4xx_rcc.o
    0x08001fd8   0x0000001c   Code   RO         3909    i.RCC_APB2PeriphClockCmd  stm32f4xx_rcc.o
    0x08001ff4   0x0000001c   Code   RO         3911    i.RCC_APB2PeriphResetCmd  stm32f4xx_rcc.o
    0x08002010   0x000000dc   Code   RO         3920    i.RCC_GetClocksFreq  stm32f4xx_rcc.o
    0x080020ec   0x00000018   Code   RO         6548    i.R_flux_identification_Outputs_wrapper  r_flux_identification_wrapper.o
    0x08002104   0x00000058   Code   RO         6549    i.R_flux_identification_Start_wrapper  r_flux_identification_wrapper.o
    0x0800215c   0x00000138   Code   RO         6550    i.R_flux_identification_Update_wrapper  r_flux_identification_wrapper.o
    0x08002294   0x0000004c   Code   RO         7816    i.ReadMCUID         UpperComputer.lib(uppercomputer.o)
    0x080022e0   0x00000032   Code   RO         6355    i.Rev_Park_Transf   foc_algorithm.o
    0x08002312   0x00000002   Code   RO         7196    i.SVC_Handler       stm32f4xx_it.o
    0x08002314   0x000001d0   Code   RO         6356    i.SVPWM_Calc        foc_algorithm.o
    0x080024e4   0x0000002c   Code   RO         5290    i.SYSCFG_EXTILineConfig  stm32f4xx_syscfg.o
    0x08002510   0x000000d4   Code   RO            4    i.SetSysClock       system_stm32f4xx.o
    0x080025e4   0x00000078   Code   RO         6575    i.Speed_Pid_Calc    speed_pid.o
    0x0800265c   0x00000058   Code   RO         6502    i.SysTick_Handler   low_task.o
    0x080026b4   0x0000005c   Code   RO            6    i.SystemInit        system_stm32f4xx.o
    0x08002710   0x0000002e   Code   RO         5347    i.TI1_Config        stm32f4xx_tim.o
    0x0800273e   0x00000036   Code   RO         5348    i.TI2_Config        stm32f4xx_tim.o
    0x08002774   0x00000032   Code   RO         5349    i.TI3_Config        stm32f4xx_tim.o
    0x080027a6   0x00000036   Code   RO         5350    i.TI4_Config        stm32f4xx_tim.o
    0x080027dc   0x0000000c   Code   RO         7197    i.TIM1_UP_TIM10_IRQHandler  stm32f4xx_it.o
    0x080027e8   0x0000012c   Code   RO         6438    i.TIM2_IRQHandler   hall_sensor.o
    0x08002914   0x00000022   Code   RO         5352    i.TIM_BDTRConfig    stm32f4xx_tim.o
    0x08002936   0x00000006   Code   RO         5357    i.TIM_ClearFlag     stm32f4xx_tim.o
    0x0800293c   0x00000018   Code   RO         5363    i.TIM_Cmd           stm32f4xx_tim.o
    0x08002954   0x0000001c   Code   RO         5365    i.TIM_CtrlPWMOutputs  stm32f4xx_tim.o
    0x08002970   0x000001ac   Code   RO         5368    i.TIM_DeInit        stm32f4xx_tim.o
    0x08002b1c   0x00000004   Code   RO         5378    i.TIM_GetCapture1   stm32f4xx_tim.o
    0x08002b20   0x00000004   Code   RO         5382    i.TIM_GetCounter    stm32f4xx_tim.o
    0x08002b24   0x0000000e   Code   RO         5383    i.TIM_GetFlagStatus  stm32f4xx_tim.o
    0x08002b32   0x00000062   Code   RO         5386    i.TIM_ICInit        stm32f4xx_tim.o
    0x08002b94   0x00000010   Code   RO         5387    i.TIM_ICStructInit  stm32f4xx_tim.o
    0x08002ba4   0x00000014   Code   RO         5388    i.TIM_ITConfig      stm32f4xx_tim.o
    0x08002bb8   0x0000000a   Code   RO         5390    i.TIM_InternalClockConfig  stm32f4xx_tim.o
    0x08002bc2   0x00000002   PAD
    0x08002bc4   0x00000068   Code   RO         5392    i.TIM_OC1Init       stm32f4xx_tim.o
    0x08002c2c   0x00000088   Code   RO         5397    i.TIM_OC2Init       stm32f4xx_tim.o
    0x08002cb4   0x00000084   Code   RO         5402    i.TIM_OC3Init       stm32f4xx_tim.o
    0x08002d38   0x00000064   Code   RO         5407    i.TIM_OC4Init       stm32f4xx_tim.o
    0x08002d9c   0x00000014   Code   RO         5410    i.TIM_OCStructInit  stm32f4xx_tim.o
    0x08002db0   0x00000006   Code   RO         5412    i.TIM_PrescalerConfig  stm32f4xx_tim.o
    0x08002db6   0x00000018   Code   RO         5416    i.TIM_SelectHallSensor  stm32f4xx_tim.o
    0x08002dce   0x0000000c   Code   RO         5417    i.TIM_SelectInputTrigger  stm32f4xx_tim.o
    0x08002dda   0x00000010   Code   RO         5422    i.TIM_SelectSlaveMode  stm32f4xx_tim.o
    0x08002dea   0x00000004   Code   RO         5429    i.TIM_SetCounter    stm32f4xx_tim.o
    0x08002dee   0x00000010   Code   RO         5430    i.TIM_SetIC1Prescaler  stm32f4xx_tim.o
    0x08002dfe   0x00000018   Code   RO         5431    i.TIM_SetIC2Prescaler  stm32f4xx_tim.o
    0x08002e16   0x00000010   Code   RO         5432    i.TIM_SetIC3Prescaler  stm32f4xx_tim.o
    0x08002e26   0x00000018   Code   RO         5433    i.TIM_SetIC4Prescaler  stm32f4xx_tim.o
    0x08002e3e   0x00000002   PAD
    0x08002e40   0x0000007c   Code   RO         5435    i.TIM_TimeBaseInit  stm32f4xx_tim.o
    0x08002ebc   0x00000012   Code   RO         5436    i.TIM_TimeBaseStructInit  stm32f4xx_tim.o
    0x08002ece   0x00000002   PAD
    0x08002ed0   0x00000014   Code   RO         6874    i.TimingDelay_Decrement  main.o
    0x08002ee4   0x000001a0   Code   RO         7821    i.USART2_IRQHandler  UpperComputer.lib(uppercomputer.o)
    0x08003084   0x00000010   Code   RO         5914    i.USART_ClearITPendingBit  stm32f4xx_usart.o
    0x08003094   0x00000018   Code   RO         5917    i.USART_Cmd         stm32f4xx_usart.o
    0x080030ac   0x00000030   Code   RO         7822    i.USART_ConfigInterrupt  UpperComputer.lib(uppercomputer.o)
    0x080030dc   0x00000014   Code   RO         5918    i.USART_DMACmd      stm32f4xx_usart.o
    0x080030f0   0x00000100   Code   RO         5919    i.USART_DeInit      stm32f4xx_usart.o
    0x080031f0   0x0000000e   Code   RO         5920    i.USART_GetFlagStatus  stm32f4xx_usart.o
    0x080031fe   0x00000040   Code   RO         5921    i.USART_GetITStatus  stm32f4xx_usart.o
    0x0800323e   0x00000036   Code   RO         5923    i.USART_ITConfig    stm32f4xx_usart.o
    0x08003274   0x000000bc   Code   RO         5924    i.USART_Init        stm32f4xx_usart.o
    0x08003330   0x00000008   Code   RO         5931    i.USART_ReceiveData  stm32f4xx_usart.o
    0x08003338   0x00000008   Code   RO         5934    i.USART_SendData    stm32f4xx_usart.o
    0x08003340   0x00000016   Code   RO         8511    i.USBD_ClrCfg       pc_communication.lib(usbd_core.o)
    0x08003356   0x00000048   Code   RO         8871    i.USBD_ClrFeature   pc_communication.lib(usbd_req.o)
    0x0800339e   0x0000001e   Code   RO         8811    i.USBD_CtlContinueRx  pc_communication.lib(usbd_ioreq.o)
    0x080033bc   0x0000001e   Code   RO         8812    i.USBD_CtlContinueSendData  pc_communication.lib(usbd_ioreq.o)
    0x080033da   0x0000001e   Code   RO         8872    i.USBD_CtlError     pc_communication.lib(usbd_req.o)
    0x080033f8   0x00000024   Code   RO         8814    i.USBD_CtlReceiveStatus  pc_communication.lib(usbd_ioreq.o)
    0x0800341c   0x0000002e   Code   RO         8815    i.USBD_CtlSendData  pc_communication.lib(usbd_ioreq.o)
    0x0800344a   0x00000024   Code   RO         8816    i.USBD_CtlSendStatus  pc_communication.lib(usbd_ioreq.o)
    0x0800346e   0x000000e8   Code   RO         8512    i.USBD_DataInStage  pc_communication.lib(usbd_core.o)
    0x08003556   0x00000096   Code   RO         8513    i.USBD_DataOutStage  pc_communication.lib(usbd_core.o)
    0x080035ec   0x00000054   Code   RO         8873    i.USBD_GetConfig    pc_communication.lib(usbd_req.o)
    0x08003640   0x00000112   Code   RO         8874    i.USBD_GetDescriptor  pc_communication.lib(usbd_req.o)
    0x08003752   0x00000002   PAD
    0x08003754   0x00000050   Code   RO         8876    i.USBD_GetStatus    pc_communication.lib(usbd_req.o)
    0x080037a4   0x00000012   Code   RO         8516    i.USBD_IsoINIncomplete  pc_communication.lib(usbd_core.o)
    0x080037b6   0x00000012   Code   RO         8517    i.USBD_IsoOUTIncomplete  pc_communication.lib(usbd_core.o)
    0x080037c8   0x000000e0   Code   RO         7726    i.USBD_OTG_ISR_Handler  pc_communication.lib(usb_dcd_int.o)
    0x080038a8   0x00000048   Code   RO         8878    i.USBD_ParseSetupRequest  pc_communication.lib(usbd_req.o)
    0x080038f0   0x00000032   Code   RO         8518    i.USBD_Reset        pc_communication.lib(usbd_core.o)
    0x08003922   0x0000001e   Code   RO         8519    i.USBD_Resume       pc_communication.lib(usbd_core.o)
    0x08003940   0x00000014   Code   RO         8520    i.USBD_RunTestMode  pc_communication.lib(usbd_core.o)
    0x08003954   0x0000001a   Code   RO         8521    i.USBD_SOF          pc_communication.lib(usbd_core.o)
    0x0800396e   0x0000005c   Code   RO         8879    i.USBD_SetAddress   pc_communication.lib(usbd_req.o)
    0x080039ca   0x0000001e   Code   RO         8522    i.USBD_SetCfg       pc_communication.lib(usbd_core.o)
    0x080039e8   0x000000d0   Code   RO         8880    i.USBD_SetConfig    pc_communication.lib(usbd_req.o)
    0x08003ab8   0x000000b0   Code   RO         8881    i.USBD_SetFeature   pc_communication.lib(usbd_req.o)
    0x08003b68   0x00000054   Code   RO         8523    i.USBD_SetupStage   pc_communication.lib(usbd_core.o)
    0x08003bbc   0x00000072   Code   RO         8882    i.USBD_StdDevReq    pc_communication.lib(usbd_req.o)
    0x08003c2e   0x00000002   PAD
    0x08003c30   0x00000178   Code   RO         8883    i.USBD_StdEPReq     pc_communication.lib(usbd_req.o)
    0x08003da8   0x0000004c   Code   RO         8884    i.USBD_StdItfReq    pc_communication.lib(usbd_req.o)
    0x08003df4   0x00000020   Code   RO         8524    i.USBD_Suspend      pc_communication.lib(usbd_core.o)
    0x08003e14   0x00000012   Code   RO         8769    i.USB_OTG_BSP_uDelay  pc_communication.lib(usb_bsp.o)
    0x08003e26   0x00000074   Code   RO         8039    i.USB_OTG_EP0Activate  pc_communication.lib(usb_core.o)
    0x08003e9a   0x00000156   Code   RO         8040    i.USB_OTG_EP0StartXfer  pc_communication.lib(usb_core.o)
    0x08003ff0   0x00000062   Code   RO         8041    i.USB_OTG_EP0_OutStart  pc_communication.lib(usb_core.o)
    0x08004052   0x00000098   Code   RO         8042    i.USB_OTG_EPActivate  pc_communication.lib(usb_core.o)
    0x080040ea   0x00000050   Code   RO         8043    i.USB_OTG_EPClearStall  pc_communication.lib(usb_core.o)
    0x0800413a   0x00000064   Code   RO         8045    i.USB_OTG_EPSetStall  pc_communication.lib(usb_core.o)
    0x0800419e   0x000001fe   Code   RO         8046    i.USB_OTG_EPStartXfer  pc_communication.lib(usb_core.o)
    0x0800439c   0x00000054   Code   RO         8051    i.USB_OTG_FlushTxFifo  pc_communication.lib(usb_core.o)
    0x080043f0   0x00000038   Code   RO         8052    i.USB_OTG_GetDeviceSpeed  pc_communication.lib(usb_core.o)
    0x08004428   0x0000000c   Code   RO         8054    i.USB_OTG_GetMode   pc_communication.lib(usb_core.o)
    0x08004434   0x00000016   Code   RO         8056    i.USB_OTG_IsDeviceMode  pc_communication.lib(usb_core.o)
    0x0800444a   0x00000010   Code   RO         8058    i.USB_OTG_ReadCoreItr  pc_communication.lib(usb_core.o)
    0x0800445a   0x00000010   Code   RO         8059    i.USB_OTG_ReadDevAllInEPItr  pc_communication.lib(usb_core.o)
    0x0800446a   0x00000010   Code   RO         8060    i.USB_OTG_ReadDevAllOutEp_itr  pc_communication.lib(usb_core.o)
    0x0800447a   0x00000014   Code   RO         8061    i.USB_OTG_ReadDevOutEP_itr  pc_communication.lib(usb_core.o)
    0x0800448e   0x00000028   Code   RO         8063    i.USB_OTG_ReadPacket  pc_communication.lib(usb_core.o)
    0x080044b6   0x0000003e   Code   RO         8069    i.USB_OTG_WritePacket  pc_communication.lib(usb_core.o)
    0x080044f4   0x00000002   Code   RO         7198    i.UsageFault_Handler  stm32f4xx_it.o
    0x080044f6   0x00000002   PAD
    0x080044f8   0x0000008c   Code   RO         7303    i.Usart2_config     usart2.o
    0x08004584   0x00000028   Code   RO         9210    i.__0sprintf        mc_w.l(printfa.o)
    0x080045ac   0x0000000e   Code   RO         9292    i.__scatterload_copy  mc_w.l(handlers.o)
    0x080045ba   0x00000002   Code   RO         9293    i.__scatterload_null  mc_w.l(handlers.o)
    0x080045bc   0x0000000e   Code   RO         9294    i.__scatterload_zeroinit  mc_w.l(handlers.o)
    0x080045ca   0x00000002   PAD
    0x080045cc   0x00000164   Code   RO         9215    i._fp_digits        mc_w.l(printfa.o)
    0x08004730   0x000006dc   Code   RO         9216    i._printf_core      mc_w.l(printfa.o)
    0x08004e0c   0x00000024   Code   RO         9217    i._printf_post_padding  mc_w.l(printfa.o)
    0x08004e30   0x0000002e   Code   RO         9218    i._printf_pre_padding  mc_w.l(printfa.o)
    0x08004e5e   0x0000000a   Code   RO         9220    i._sputc            mc_w.l(printfa.o)
    0x08004e68   0x00000080   Code   RO          325    i.arm_cos_f32       arm_cos_f32.o
    0x08004ee8   0x0000007c   Code   RO          397    i.arm_sin_f32       arm_sin_f32.o
    0x08004f64   0x00000014   Code   RO         6651    i.control_mode_init  control_mode.o
    0x08004f78   0x0000004c   Code   RO         7025    i.display_page_debug  oled_display.o
    0x08004fc4   0x00000018   Code   RO         7026    i.display_page_fault  oled_display.o
    0x08004fdc   0x00000308   Code   RO         7027    i.display_page_four_values  oled_display.o
    0x080052e4   0x00000018   Code   RO         7028    i.display_page_logo  oled_display.o
    0x080052fc   0x00000130   Code   RO         7029    i.display_page_position_mode  oled_display.o
    0x0800542c   0x00000044   Code   RO         6299    i.drv8301_init      drv8301.o
    0x08005470   0x0000002c   Code   RO         6300    i.drv8301_protection  drv8301.o
    0x0800549c   0x000000dc   Code   RO         6301    i.drv8301_spi_read  drv8301.o
    0x08005578   0x00000084   Code   RO         6302    i.drv8301_spi_write  drv8301.o
    0x080055fc   0x000000f8   Code   RO         6357    i.foc_algorithm_initialize  foc_algorithm.o
    0x080056f4   0x00000244   Code   RO         6358    i.foc_algorithm_step  foc_algorithm.o
    0x08005938   0x0000004c   Code   RO         6173    i.get_offset        adc.o
    0x08005984   0x00000794   Code   RO         6803    i.hard_init         board_config.o
    0x08006118   0x00000054   Code   RO         7031    i.key_switch_page_detect  oled_display.o
    0x0800616c   0x0000015c   Code   RO         6503    i.low_control_task  low_task.o
    0x080062c8   0x00000048   Code   RO         6875    i.main              main.o
    0x08006310   0x000002e0   Code   RO         6174    i.motor_run         adc.o
    0x080065f0   0x00000080   Code   RO         6504    i.motor_start       low_task.o
    0x08006670   0x00000028   Code   RO         6505    i.motor_stop        low_task.o
    0x08006698   0x000000f4   Code   RO         6927    i.oled_display      oled.o
    0x0800678c   0x0000005c   Code   RO         7032    i.oled_display_handle  oled_display.o
    0x080067e8   0x00000012   Code   RO         6928    i.oled_pow          oled.o
    0x080067fa   0x00000002   PAD
    0x080067fc   0x0000001c   Code   RO         7033    i.oled_switch_page  oled_display.o
    0x08006818   0x00000060   Code   RO         6700    i.position_pid_initialize  position_pid.o
    0x08006878   0x00000054   Code   RO         6749    i.position_sensor_init  position_sensor.o
    0x080068cc   0x000000e8   Code   RO         6750    i.position_sensor_update  position_sensor.o
    0x080069b4   0x0000009c   Code   RO         6175    i.send_PC           adc.o
    0x08006a50   0x00000044   Code   RO         6576    i.speed_pid_initialize  speed_pid.o
    0x08006a94   0x00000040   Code   RO         6609    i.stm32_ekf_Outputs_wrapper  stm32_ekf_wrapper.o
    0x08006ad4   0x000000c8   Code   RO         6610    i.stm32_ekf_Start_wrapper  stm32_ekf_wrapper.o
    0x08006b9c   0x00000894   Code   RO         6611    i.stm32_ekf_Update_wrapper  stm32_ekf_wrapper.o
    0x08007430   0x00000030   Code   RO         6751    i.wrapTo2Pi         position_sensor.o
    0x08007460   0x00000034   Code   RO         6752    i.wrapToPi          position_sensor.o
    0x08007494   0x00000804   Data   RO          232    .constdata          arm_common_tables.o
    0x08007c98   0x00000228   Data   RO         7120    .constdata          oled_font.o
    0x08007ec0   0x00000020   Data   RO         9290    Region$$Table       anon$$obj.o


    Execution Region RW_IRAM1 (Base: 0x20000000, Size: 0x000033e0, Max: 0x00020000, ABSOLUTE, COMPRESSED[0x000003a4])

    Base Addr    Size         Type   Attr      Idx    E Section Name        Object

    0x20000000   0x00000010   Data   RW         3953    .data               stm32f4xx_rcc.o
    0x20000010   0x00000048   Data   RW         6177    .data               adc.o
    0x20000058   0x0000000a   Data   RW         6303    .data               drv8301.o
    0x20000062   0x00000002   PAD
    0x20000064   0x00000050   Data   RW         6361    .data               foc_algorithm.o
    0x200000b4   0x00000001   Data   RW         6439    .data               hall_sensor.o
    0x200000b5   0x00000001   Data   RW         6442    .data               hall_sensor.o
    0x200000b6   0x00000002   PAD
    0x200000b8   0x00000004   Data   RW         6443    .data               hall_sensor.o
    0x200000bc   0x00000010   Data   RW         6444    .data               hall_sensor.o
    0x200000cc   0x00000004   Data   RW         6445    .data               hall_sensor.o
    0x200000d0   0x00000024   Data   RW         6475    .data               l_identification_wrapper.o
    0x200000f4   0x00000004   Data   RW         6506    .data               low_task.o
    0x200000f8   0x00000008   Data   RW         6507    .data               low_task.o
    0x20000100   0x0000006c   Data   RW         6551    .data               r_flux_identification_wrapper.o
    0x2000016c   0x00000014   Data   RW         6578    .data               speed_pid.o
    0x20000180   0x00000004   Data   RW         6579    .data               speed_pid.o
    0x20000184   0x00000004   Data   RW         6580    .data               speed_pid.o
    0x20000188   0x00000004   Data   RW         6581    .data               speed_pid.o
    0x2000018c   0x000001b4   Data   RW         6612    .data               stm32_ekf_wrapper.o
    0x20000340   0x00000004   Data   RW         6654    .data               control_mode.o
    0x20000344   0x00000014   Data   RW         6702    .data               position_pid.o
    0x20000358   0x00000003   Data   RW         6834    .data               exti.o
    0x2000035b   0x00000001   PAD
    0x2000035c   0x00000004   Data   RW         6876    .data               main.o
    0x20000360   0x00000001   Data   RW         6930    .data               oled.o
    0x20000361   0x00000001   Data   RW         6931    .data               oled.o
    0x20000362   0x00000002   PAD
    0x20000364   0x0000000c   Data   RW         7034    .data               oled_display.o
    0x20000370   0x00000001   Data   RW         7035    .data               oled_display.o
    0x20000371   0x00000001   Data   RW         7036    .data               oled_display.o
    0x20000372   0x00000001   Data   RW         7037    .data               oled_display.o
    0x20000373   0x00000001   Data   RW         7038    .data               oled_display.o
    0x20000374   0x00000400   Data   RW         7122    .data               oled_font.o
    0x20000774   0x00000400   Data   RW         7123    .data               oled_font.o
    0x20000b74   0x0000002c   Data   RW         7150    .data               pc_communication_init.o
    0x20000ba0   0x00000004   Data   RW         7152    .data               pc_communication_init.o
    0x20000ba4   0x00000004   Data   RW         7825    .data               UpperComputer.lib(uppercomputer.o)
    0x20000ba8   0x00000034   Data   RW         8525    .data               pc_communication.lib(usbd_core.o)
    0x20000bdc   0x0000000d   Data   RW         8885    .data               pc_communication.lib(usbd_req.o)
    0x20000be9   0x00000003   PAD
    0x20000bec   0x0000003e   Zero   RW         6176    .bss                adc.o
    0x20000c2a   0x00000006   PAD
    0x20000c30   0x0000010c   Zero   RW         6359    .bss                foc_algorithm.o
    0x20000d3c   0x0000001c   Zero   RW         6577    .bss                speed_pid.o
    0x20000d58   0x00000020   Zero   RW         6701    .bss                position_pid.o
    0x20000d78   0x0000001c   Zero   RW         6753    .bss                position_sensor.o
    0x20000d94   0x00000480   Zero   RW         6929    .bss                oled.o
    0x20001214   0x00001db0   Zero   RW         7351    .bss                pc_communication.lib(communication.o)
    0x20002fc4   0x00000018   Zero   RW         7823    .bss                UpperComputer.lib(uppercomputer.o)
    0x20002fdc   0x00000004   PAD
    0x20002fe0   0x00000400   Zero   RW          166    STACK               startup_stm32f446xx.o


==============================================================================

Image component sizes


      Code (inc. data)   RO Data    RW Data    ZI Data      Debug   Object Name

      1176        196          0         72         62       6522   adc.o
         0          0       2052          0          0      18148   arm_common_tables.o
       128         14          0          0          0        930   arm_cos_f32.o
       124         14          0          0          0        930   arm_sin_f32.o
      1940         60          0          0          0      28535   board_config.o
        20          6          0          4          0       1239   control_mode.o
       464         36          0         10          0       3291   drv8301.o
       128         20          0          3          0       1979   exti.o
      1626         92          0         80        268      10675   foc_algorithm.o
       300         54          0         26          0       1843   hall_sensor.o
       172         24          0         36          0       2713   l_identification_wrapper.o
       604        142          0         12          0       3181   low_task.o
       112         20          0          4          0       2224   main.o
       124         16          0          0          0       1871   misc.o
      1106         74          0          2       1152       8519   oled.o
      1408        290          0         16          0       7005   oled_display.o
         0          0        552       2048          0        791   oled_font.o
         0          0          0         48          0        992   pc_communication_init.o
        96         26          0         20         32       1672   position_pid.o
       416         92          0          0         28       3521   position_sensor.o
       424         32          0        108          0       3512   r_flux_identification_wrapper.o
       188         24          0         32         28       2917   speed_pid.o
        36          8        452          0       1024        960   startup_stm32f446xx.o
      2460         52          0        436          0       7784   stm32_ekf_wrapper.o
       502         20          0          0          0      12342   stm32f4xx_adc.o
       630         66          0          0          0       6871   stm32f4xx_dma.o
       148         16          0          0          0       2588   stm32f4xx_exti.o
       196          0          0          0          0       4705   stm32f4xx_gpio.o
        40         10          0          0          0       4919   stm32f4xx_it.o
       360         42          0         16          0       6897   stm32f4xx_rcc.o
        44          6          0          0          0        752   stm32f4xx_syscfg.o
      1666        112          0          0          0      25001   stm32f4xx_tim.o
       652         40          0          0          0       9001   stm32f4xx_usart.o
       304         34          0          0          0     347661   system_stm32f4xx.o
       140         12          0          0          0        668   usart2.o

    ----------------------------------------------------------------------
     17754       1650       3088       2980       2600     543159   Object Totals
         0          0         32          0          0          0   (incl. Generated)
        20          0          0          7          6          0   (incl. Padding)

    ----------------------------------------------------------------------

      Code (inc. data)   RO Data    RW Data    ZI Data      Debug   Library Member Name

       618         48          0          4         24     270937   uppercomputer.o
        86          0          0          0          0          0   __dczerorl2.o
         0          0          0          0          0          0   entry.o
         0          0          0          0          0          0   entry10a.o
         0          0          0          0          0          0   entry11a.o
         8          4          0          0          0          0   entry2.o
         4          0          0          0          0          0   entry5.o
         0          0          0          0          0          0   entry7b.o
         0          0          0          0          0          0   entry8b.o
         8          4          0          0          0          0   entry9a.o
        30          0          0          0          0          0   handlers.o
        36          8          0          0          0         68   init.o
         0          0          0          0          0          0   iusefp.o
        30          0          0          0          0         68   llshl.o
        36          0          0          0          0         68   llsshr.o
        32          0          0          0          0         68   llushr.o
        36          0          0          0          0         68   memcpya.o
        36          0          0          0          0        108   memseta.o
      2244         86          0          0          0        512   printfa.o
        44          0          0          0          0         80   uidiv.o
        98          0          0          0          0         92   uldiv.o
        48          0          0          0          0         68   cdrcmple.o
        56          0          0          0          0         88   d2f.o
       334          0          0          0          0        148   dadd.o
       222          0          0          0          0        100   ddiv.o
       186          0          0          0          0        176   depilogue.o
        48          0          0          0          0         68   dfixul.o
        34          0          0          0          0         76   dflti.o
       228          0          0          0          0         96   dmul.o
        38          0          0          0          0         68   f2d.o
       110          0          0          0          0        168   fepilogue.o
         0          0          0          0       7600     303502   communication.o
        18          0          0          0          0        965   usb_bsp.o
      1742          4          0          0          0      12181   usb_core.o
       436          0          0          0          0       4594   usb_dcd.o
      2240         98          0          0          0      28823   usb_dcd_int.o
         0          0          0          0          0       4756   usbd_cdc_core_loopback.o
       712          6          0         52          0       9194   usbd_core.o
       178          0          0          0          0       3716   usbd_ioreq.o
      1654         56          0         13          0       8941   usbd_req.o

    ----------------------------------------------------------------------
     11638        314          0         72       7628     649797   Library Totals
         8          0          0          3          4          0   (incl. Padding)

    ----------------------------------------------------------------------

      Code (inc. data)   RO Data    RW Data    ZI Data      Debug   Library Name

       618         48          0          4         24     270937   UpperComputer.lib
      2728        102          0          0          0       1132   mc_w.l
      1304          0          0          0          0       1056   mf_w.l
      6980        164          0         65       7600     376672   pc_communication.lib

    ----------------------------------------------------------------------
     11638        314          0         72       7628     649797   Library Totals

    ----------------------------------------------------------------------

==============================================================================


      Code (inc. data)   RO Data    RW Data    ZI Data      Debug   

     29392       1964       3088       3052      10228    1170548   Grand Totals
     29392       1964       3088        932      10228    1170548   ELF Image Totals (compressed)
     29392       1964       3088        932          0          0   ROM Totals

==============================================================================

    Total RO  Size (Code + RO Data)                32480 (  31.72kB)
    Total RW  Size (RW Data + ZI Data)             13280 (  12.97kB)
    Total ROM Size (Code + RO Data + RW Data)      33412 (  32.63kB)

==============================================================================

