<html>
<body>
<pre>
<h1>礦ision Build Log</h1>
<h2>Tool Versions:</h2>
IDE-Version: μVision V5.14.0.0
Copyright (C) 2015 ARM Ltd and ARM Germany GmbH. All rights reserved.
License Information: dn dn, dn, LIC=TIVNB-273KG-9UX4U-SHVAH-9BMKZ-C4EWM
 
Tool Versions:
Toolchain:       MDK-ARM Standard  Version: 5.14.0.0
Toolchain Path:  E:\Keil_v5\ARM\ARMCC\Bin
C Compiler:      Armcc.exe V5.05 update 1 (build 106)
Assembler:       Armasm.exe V5.05 update 1 (build 106)
Linker/Locator:  ArmLink.exe V5.05 update 1 (build 106)
Library Manager: ArmAr.exe V5.05 update 1 (build 106)
Hex Converter:   FromElf.exe V5.05 update 1 (build 106)
CPU DLL:         SARMCM3.DLL V5.14.0.0
Dialog DLL:      DCM.DLL V1.13.1.0
Target DLL:      STLink\ST-LINKIII-KEIL_SWO.dll V2.0.14.0_KEIL
Dialog DLL:      TCM.DLL V1.14.4.0
 
<h2>Project:</h2>
D:\robot\ddd\PMSM资料_20251202\code_modify_usartDMA_OK_20251130\Keil_Project\stm32_drv8301_keil.uvprojx
Project File Date:  01/18/2026

<h2>Output:</h2>
Build target 'stm32_drv8301'
compiling foc_algorithm.c...
..\motor\position_sensor.h(38): warning:  #1-D: last line of file ends without a newline
  #endif
..\motor\foc_algorithm.c: 1 warning, 0 errors
linking...
Program Size: Code=29392 RO-data=3088 RW-data=3052 ZI-data=10228  
".\Objects\stm32_drv8301_keil.axf" - 0 Error(s), 1 Warning(s).

<h2>Collection of Component include folders:</h2>
  D:\robot\ddd\PMSM资料_20251202\code_modify_usartDMA_OK_20251130\Keil_Project\RTE
  E:\Keil_v5\ARM\PACK\Keil\STM32F4xx_DFP\2.14.0

<h2>Collection of Component Files used:</h2>
</pre>
</body>
</html>
