###############################################################################
#
# IAR ELF Linker V7.60.2.11341/W32 for ARM                04/Jul/2020  12:19:45
# Copyright 2007-2016 IAR Systems AB.
#
#    Output file  =  
#        C:\Users\wang\Desktop\慧驱动_手把手教你驱动永磁同步电机_低压教程配套资料\code\Debug\Exe\stm32_drv8301.out
#    Map file     =  
#        C:\Users\wang\Desktop\慧驱动_手把手教你驱动永磁同步电机_低压教程配套资料\code\Debug\List\stm32_drv8301.map
#    Command line =  
#        C:\Users\wang\Desktop\慧驱动_手把手教你驱动永磁同步电机_低压教程配套资料\code\Debug\Obj\adc.o
#        C:\Users\wang\Desktop\慧驱动_手把手教你驱动永磁同步电机_低压教程配套资料\code\Debug\Obj\arm_common_tables.o
#        C:\Users\wang\Desktop\慧驱动_手把手教你驱动永磁同步电机_低压教程配套资料\code\Debug\Obj\arm_const_structs.o
#        C:\Users\wang\Desktop\慧驱动_手把手教你驱动永磁同步电机_低压教程配套资料\code\Debug\Obj\arm_cos_f32.o
#        C:\Users\wang\Desktop\慧驱动_手把手教你驱动永磁同步电机_低压教程配套资料\code\Debug\Obj\arm_cos_q15.o
#        C:\Users\wang\Desktop\慧驱动_手把手教你驱动永磁同步电机_低压教程配套资料\code\Debug\Obj\arm_cos_q31.o
#        C:\Users\wang\Desktop\慧驱动_手把手教你驱动永磁同步电机_低压教程配套资料\code\Debug\Obj\arm_sin_f32.o
#        C:\Users\wang\Desktop\慧驱动_手把手教你驱动永磁同步电机_低压教程配套资料\code\Debug\Obj\arm_sin_q15.o
#        C:\Users\wang\Desktop\慧驱动_手把手教你驱动永磁同步电机_低压教程配套资料\code\Debug\Obj\arm_sin_q31.o
#        C:\Users\wang\Desktop\慧驱动_手把手教你驱动永磁同步电机_低压教程配套资料\code\Debug\Obj\arm_sqrt_q15.o
#        C:\Users\wang\Desktop\慧驱动_手把手教你驱动永磁同步电机_低压教程配套资料\code\Debug\Obj\arm_sqrt_q31.o
#        C:\Users\wang\Desktop\慧驱动_手把手教你驱动永磁同步电机_低压教程配套资料\code\Debug\Obj\board_config.o
#        C:\Users\wang\Desktop\慧驱动_手把手教你驱动永磁同步电机_低压教程配套资料\code\Debug\Obj\drv8301.o
#        C:\Users\wang\Desktop\慧驱动_手把手教你驱动永磁同步电机_低压教程配套资料\code\Debug\Obj\exti.o
#        C:\Users\wang\Desktop\慧驱动_手把手教你驱动永磁同步电机_低压教程配套资料\code\Debug\Obj\foc_algorithm.o
#        C:\Users\wang\Desktop\慧驱动_手把手教你驱动永磁同步电机_低压教程配套资料\code\Debug\Obj\hall_sensor.o
#        C:\Users\wang\Desktop\慧驱动_手把手教你驱动永磁同步电机_低压教程配套资料\code\Debug\Obj\L_identification_wrapper.o
#        C:\Users\wang\Desktop\慧驱动_手把手教你驱动永磁同步电机_低压教程配套资料\code\Debug\Obj\low_task.o
#        C:\Users\wang\Desktop\慧驱动_手把手教你驱动永磁同步电机_低压教程配套资料\code\Debug\Obj\main.o
#        C:\Users\wang\Desktop\慧驱动_手把手教你驱动永磁同步电机_低压教程配套资料\code\Debug\Obj\misc.o
#        C:\Users\wang\Desktop\慧驱动_手把手教你驱动永磁同步电机_低压教程配套资料\code\Debug\Obj\oled.o
#        C:\Users\wang\Desktop\慧驱动_手把手教你驱动永磁同步电机_低压教程配套资料\code\Debug\Obj\oled_display.o
#        C:\Users\wang\Desktop\慧驱动_手把手教你驱动永磁同步电机_低压教程配套资料\code\Debug\Obj\oled_font.o
#        C:\Users\wang\Desktop\慧驱动_手把手教你驱动永磁同步电机_低压教程配套资料\code\user\pc_communication\src\pc_communication.a
#        C:\Users\wang\Desktop\慧驱动_手把手教你驱动永磁同步电机_低压教程配套资料\code\Debug\Obj\pc_communication_init.o
#        C:\Users\wang\Desktop\慧驱动_手把手教你驱动永磁同步电机_低压教程配套资料\code\Debug\Obj\R_flux_identification_wrapper.o
#        C:\Users\wang\Desktop\慧驱动_手把手教你驱动永磁同步电机_低压教程配套资料\code\Debug\Obj\speed_pid.o
#        C:\Users\wang\Desktop\慧驱动_手把手教你驱动永磁同步电机_低压教程配套资料\code\Debug\Obj\startup_stm32f446xx.o
#        C:\Users\wang\Desktop\慧驱动_手把手教你驱动永磁同步电机_低压教程配套资料\code\Debug\Obj\stm32_ekf_wrapper.o
#        C:\Users\wang\Desktop\慧驱动_手把手教你驱动永磁同步电机_低压教程配套资料\code\Debug\Obj\stm32f4xx_adc.o
#        C:\Users\wang\Desktop\慧驱动_手把手教你驱动永磁同步电机_低压教程配套资料\code\Debug\Obj\stm32f4xx_can.o
#        C:\Users\wang\Desktop\慧驱动_手把手教你驱动永磁同步电机_低压教程配套资料\code\Debug\Obj\stm32f4xx_cec.o
#        C:\Users\wang\Desktop\慧驱动_手把手教你驱动永磁同步电机_低压教程配套资料\code\Debug\Obj\stm32f4xx_crc.o
#        C:\Users\wang\Desktop\慧驱动_手把手教你驱动永磁同步电机_低压教程配套资料\code\Debug\Obj\stm32f4xx_cryp.o
#        C:\Users\wang\Desktop\慧驱动_手把手教你驱动永磁同步电机_低压教程配套资料\code\Debug\Obj\stm32f4xx_cryp_aes.o
#        C:\Users\wang\Desktop\慧驱动_手把手教你驱动永磁同步电机_低压教程配套资料\code\Debug\Obj\stm32f4xx_cryp_des.o
#        C:\Users\wang\Desktop\慧驱动_手把手教你驱动永磁同步电机_低压教程配套资料\code\Debug\Obj\stm32f4xx_cryp_tdes.o
#        C:\Users\wang\Desktop\慧驱动_手把手教你驱动永磁同步电机_低压教程配套资料\code\Debug\Obj\stm32f4xx_dac.o
#        C:\Users\wang\Desktop\慧驱动_手把手教你驱动永磁同步电机_低压教程配套资料\code\Debug\Obj\stm32f4xx_dbgmcu.o
#        C:\Users\wang\Desktop\慧驱动_手把手教你驱动永磁同步电机_低压教程配套资料\code\Debug\Obj\stm32f4xx_dcmi.o
#        C:\Users\wang\Desktop\慧驱动_手把手教你驱动永磁同步电机_低压教程配套资料\code\Debug\Obj\stm32f4xx_dfsdm.o
#        C:\Users\wang\Desktop\慧驱动_手把手教你驱动永磁同步电机_低压教程配套资料\code\Debug\Obj\stm32f4xx_dma.o
#        C:\Users\wang\Desktop\慧驱动_手把手教你驱动永磁同步电机_低压教程配套资料\code\Debug\Obj\stm32f4xx_dma2d.o
#        C:\Users\wang\Desktop\慧驱动_手把手教你驱动永磁同步电机_低压教程配套资料\code\Debug\Obj\stm32f4xx_dsi.o
#        C:\Users\wang\Desktop\慧驱动_手把手教你驱动永磁同步电机_低压教程配套资料\code\Debug\Obj\stm32f4xx_exti.o
#        C:\Users\wang\Desktop\慧驱动_手把手教你驱动永磁同步电机_低压教程配套资料\code\Debug\Obj\stm32f4xx_flash.o
#        C:\Users\wang\Desktop\慧驱动_手把手教你驱动永磁同步电机_低压教程配套资料\code\Debug\Obj\stm32f4xx_flash_ramfunc.o
#        C:\Users\wang\Desktop\慧驱动_手把手教你驱动永磁同步电机_低压教程配套资料\code\Debug\Obj\stm32f4xx_fmc.o
#        C:\Users\wang\Desktop\慧驱动_手把手教你驱动永磁同步电机_低压教程配套资料\code\Debug\Obj\stm32f4xx_fmpi2c.o
#        C:\Users\wang\Desktop\慧驱动_手把手教你驱动永磁同步电机_低压教程配套资料\code\Debug\Obj\stm32f4xx_gpio.o
#        C:\Users\wang\Desktop\慧驱动_手把手教你驱动永磁同步电机_低压教程配套资料\code\Debug\Obj\stm32f4xx_hash.o
#        C:\Users\wang\Desktop\慧驱动_手把手教你驱动永磁同步电机_低压教程配套资料\code\Debug\Obj\stm32f4xx_hash_md5.o
#        C:\Users\wang\Desktop\慧驱动_手把手教你驱动永磁同步电机_低压教程配套资料\code\Debug\Obj\stm32f4xx_hash_sha1.o
#        C:\Users\wang\Desktop\慧驱动_手把手教你驱动永磁同步电机_低压教程配套资料\code\Debug\Obj\stm32f4xx_i2c.o
#        C:\Users\wang\Desktop\慧驱动_手把手教你驱动永磁同步电机_低压教程配套资料\code\Debug\Obj\stm32f4xx_it.o
#        C:\Users\wang\Desktop\慧驱动_手把手教你驱动永磁同步电机_低压教程配套资料\code\Debug\Obj\stm32f4xx_iwdg.o
#        C:\Users\wang\Desktop\慧驱动_手把手教你驱动永磁同步电机_低压教程配套资料\code\Debug\Obj\stm32f4xx_lptim.o
#        C:\Users\wang\Desktop\慧驱动_手把手教你驱动永磁同步电机_低压教程配套资料\code\Debug\Obj\stm32f4xx_ltdc.o
#        C:\Users\wang\Desktop\慧驱动_手把手教你驱动永磁同步电机_低压教程配套资料\code\Debug\Obj\stm32f4xx_pwr.o
#        C:\Users\wang\Desktop\慧驱动_手把手教你驱动永磁同步电机_低压教程配套资料\code\Debug\Obj\stm32f4xx_qspi.o
#        C:\Users\wang\Desktop\慧驱动_手把手教你驱动永磁同步电机_低压教程配套资料\code\Debug\Obj\stm32f4xx_rcc.o
#        C:\Users\wang\Desktop\慧驱动_手把手教你驱动永磁同步电机_低压教程配套资料\code\Debug\Obj\stm32f4xx_rng.o
#        C:\Users\wang\Desktop\慧驱动_手把手教你驱动永磁同步电机_低压教程配套资料\code\Debug\Obj\stm32f4xx_rtc.o
#        C:\Users\wang\Desktop\慧驱动_手把手教你驱动永磁同步电机_低压教程配套资料\code\Debug\Obj\stm32f4xx_sai.o
#        C:\Users\wang\Desktop\慧驱动_手把手教你驱动永磁同步电机_低压教程配套资料\code\Debug\Obj\stm32f4xx_sdio.o
#        C:\Users\wang\Desktop\慧驱动_手把手教你驱动永磁同步电机_低压教程配套资料\code\Debug\Obj\stm32f4xx_spdifrx.o
#        C:\Users\wang\Desktop\慧驱动_手把手教你驱动永磁同步电机_低压教程配套资料\code\Debug\Obj\stm32f4xx_spi.o
#        C:\Users\wang\Desktop\慧驱动_手把手教你驱动永磁同步电机_低压教程配套资料\code\Debug\Obj\stm32f4xx_syscfg.o
#        C:\Users\wang\Desktop\慧驱动_手把手教你驱动永磁同步电机_低压教程配套资料\code\Debug\Obj\stm32f4xx_tim.o
#        C:\Users\wang\Desktop\慧驱动_手把手教你驱动永磁同步电机_低压教程配套资料\code\Debug\Obj\stm32f4xx_usart.o
#        C:\Users\wang\Desktop\慧驱动_手把手教你驱动永磁同步电机_低压教程配套资料\code\Debug\Obj\stm32f4xx_wwdg.o
#        C:\Users\wang\Desktop\慧驱动_手把手教你驱动永磁同步电机_低压教程配套资料\code\Debug\Obj\system_stm32f4xx.o
#        -o
#        C:\Users\wang\Desktop\慧驱动_手把手教你驱动永磁同步电机_低压教程配套资料\code\Debug\Exe\stm32_drv8301.out
#        --redirect _Printf=_PrintfFull --redirect _Scanf=_ScanfFull --map
#        C:\Users\wang\Desktop\慧驱动_手把手教你驱动永磁同步电机_低压教程配套资料\code\Debug\List\stm32_drv8301.map
#        --config "C:\Program Files (x86)\IAR Systems\Embedded Workbench
#        7.4\arm\config\linker\ST\stm32f446xE.icf" --semihosting --entry
#        __iar_program_start --vfe
#
###############################################################################

*******************************************************************************
*** RUNTIME MODEL ATTRIBUTES
***

CppFlavor       = *
__SystemLibrary = DLib


*******************************************************************************
*** PLACEMENT SUMMARY
***

"A1":  place at 0x08000000 { ro section .intvec };
"P1":  place in [from 0x08000000 to 0x0807ffff] { ro };
"P3":  place in [from 0x20000000 to 0x2001bfff] |
                [from 0x2001c000 to 0x2001ffff] { rw, block CSTACK, block HEAP };
initialize by copy { rw };

  Section            Kind        Address    Size  Object
  -------            ----        -------    ----  ------
"A1":                                      0x1c4
  .intvec            ro code  0x08000000   0x1c4  startup_stm32f446xx.o [1]
                            - 0x080001c4   0x1c4

"P1":                                     0x9c32
  .text              ro code  0x080001c4  0x19cc  stm32_ekf_wrapper.o [1]
  .text              ro code  0x08001b90    0x90  DblToFlt.o [4]
  .text              ro code  0x08001c20    0x80  arm_sin_f32.o [1]
  .text              ro code  0x08001ca0    0x84  arm_cos_f32.o [1]
  .text              ro code  0x08001d24    0x4e  FltToDbl.o [4]
  .text              ro code  0x08001d72    0x1e  usbd_usr.o [5]
  .text              ro code  0x08001d90   0x1a2  DblMul.o [4]
  .text              ro code  0x08001f34    0xe8  DblAdd.o [4]
  .text              ro code  0x0800201c   0x180  DblSub.o [4]
  .text              ro code  0x0800219c   0xb1c  communication.o [5]
  .text              ro code  0x08002cb8   0x298  stm32f4xx_rcc.o [1]
  .text              ro code  0x08002f50    0x48  usbd_cdc_vcp.o [5]
  .text              ro code  0x08002f98   0x2ee  usbd_core.o [5]
  .text              ro code  0x08003288   0x12a  stm32f4xx_gpio.o [1]
  .text              ro code  0x080033b2   0x266  usb_dcd.o [5]
  .text              ro code  0x08003618    0xb2  usb_bsp.o [5]
  .text              ro code  0x080036cc   0x65e  usbd_req.o [5]
  .text              ro code  0x08003d2a    0xc4  usbd_ioreq.o [5]
  .text              ro code  0x08003df0   0xa02  usb_core.o [5]
  .text              ro code  0x080047f4   0x8c0  board_config.o [1]
  .text              ro code  0x080050b4   0x6d0  stm32f4xx_tim.o [1]
  .text              ro code  0x08005784    0x74  stm32f4xx_dma.o [1]
  .text              ro code  0x080057f8   0x2c4  stm32f4xx_adc.o [1]
  .text              ro code  0x08005abc    0x54  stm32f4xx_syscfg.o [1]
  .text              ro code  0x08005b10    0xb8  stm32f4xx_exti.o [1]
  .text              ro code  0x08005bc8    0x80  misc.o [1]
  .rodata            const    0x08005c48   0x804  arm_common_tables.o [1]
  .text              ro code  0x0800644c   0x710  usb_dcd_int.o [5]
  .text              ro code  0x08006b5c   0x61c  foc_algorithm.o [1]
  .text              ro code  0x08007178   0x120  L_identification_wrapper.o [1]
  .text              ro code  0x08007298   0x418  R_flux_identification_wrapper.o [1]
  .text              ro code  0x080076b0    0xc4  speed_pid.o [1]
  .text              ro code  0x08007774     0x6  ABImemclr4.o [6]
  .text              ro code  0x0800777c    0x32  ABImemset48.o [6]
  .rodata            const    0x080077b0   0x5f0  oled_font.o [1]
  .text              ro code  0x08007da0   0x58e  oled.o [1]
  .text              ro code  0x08008330    0x6c  main.o [1]
  .text              ro code  0x0800839c   0x1d0  drv8301.o [1]
  .text              ro code  0x0800856c   0x1f4  pc_communication_init.o [1]
  .text              ro code  0x08008760   0x188  oled_display.o [1]
  .text              ro code  0x080088e8   0x4c4  adc.o [1]
  .text              ro code  0x08008dac    0x2c  I32ToDbl.o [4]
  .text              ro code  0x08008dd8   0x1b0  low_task.o [1]
  .text              ro code  0x08008f88   0x17c  system_stm32f4xx.o [1]
  .text              ro code  0x08009104   0x16c  hall_sensor.o [1]
  .text              ro code  0x08009270   0x136  usbd_desc.o [5]
  .text              ro code  0x080093a8   0x10c  usbd_cdc_core_loopback.o [5]
  .text              ro code  0x080094b4    0xce  packbits_init.o [6]
  .text              ro code  0x08009582     0x6  abort.o [3]
  .text              ro code  0x08009588    0x14  exit.o [7]
  .text              ro code  0x0800959c    0x5c  exti.o [1]
  .text              ro code  0x080095f8    0x40  zero_init3.o [6]
  .text              ro code  0x08009638    0x30  stm32f4xx_it.o [1]
  .text              ro code  0x08009668    0x28  data_init.o [6]
  .rodata            const    0x08009690    0x24  usbd_desc.o [5]
  .rodata            const    0x080096b4    0x24  usbd_desc.o [5]
  .text              ro code  0x080096d8    0x22  fpinit_M.o [4]
  .iar.init_table    const    0x080096fc    0x2c  - Linker created -
  .text              ro code  0x08009728    0x1a  cmain.o [6]
  .text              ro code  0x08009742     0x4  low_level_init.o [3]
  .text              ro code  0x08009746     0x4  exit.o [3]
  .text              ro code  0x0800974c     0xa  cexit.o [6]
  .rodata            const    0x08009758    0x14  usbd_desc.o [5]
  .rodata            const    0x0800976c    0x10  usbd_desc.o [5]
  .text              ro code  0x0800977c    0x10  startup_stm32f446xx.o [1]
  .rodata            const    0x0800978c     0xc  oled_display.o [1]
  .rodata            const    0x08009798     0xc  oled_display.o [1]
  .rodata            const    0x080097a4     0xc  oled_display.o [1]
  .rodata            const    0x080097b0     0xc  usbd_desc.o [5]
  .text              ro code  0x080097bc     0xc  cstartup_M.o [6]
  .rodata            const    0x080097c8     0x8  oled_display.o [1]
  .rodata            const    0x080097d0     0x8  oled_display.o [1]
  .text              ro code  0x080097d8     0x4  startup_stm32f446xx.o [1]
  .text              ro code  0x080097dc     0x4  startup_stm32f446xx.o [1]
  .text              ro code  0x080097e0     0x4  startup_stm32f446xx.o [1]
  .text              ro code  0x080097e4     0x4  startup_stm32f446xx.o [1]
  .text              ro code  0x080097e8     0x4  startup_stm32f446xx.o [1]
  .text              ro code  0x080097ec     0x4  startup_stm32f446xx.o [1]
  .text              ro code  0x080097f0     0x4  startup_stm32f446xx.o [1]
  .text              ro code  0x080097f4     0x4  startup_stm32f446xx.o [1]
  .text              ro code  0x080097f8     0x4  startup_stm32f446xx.o [1]
  .text              ro code  0x080097fc     0x4  startup_stm32f446xx.o [1]
  .text              ro code  0x08009800     0x4  startup_stm32f446xx.o [1]
  .text              ro code  0x08009804     0x4  startup_stm32f446xx.o [1]
  .text              ro code  0x08009808     0x4  startup_stm32f446xx.o [1]
  .text              ro code  0x0800980c     0x4  startup_stm32f446xx.o [1]
  .text              ro code  0x08009810     0x4  startup_stm32f446xx.o [1]
  .text              ro code  0x08009814     0x4  startup_stm32f446xx.o [1]
  .text              ro code  0x08009818     0x4  startup_stm32f446xx.o [1]
  .text              ro code  0x0800981c     0x4  startup_stm32f446xx.o [1]
  .text              ro code  0x08009820     0x4  startup_stm32f446xx.o [1]
  .text              ro code  0x08009824     0x4  startup_stm32f446xx.o [1]
  .text              ro code  0x08009828     0x4  startup_stm32f446xx.o [1]
  .text              ro code  0x0800982c     0x4  startup_stm32f446xx.o [1]
  .text              ro code  0x08009830     0x4  startup_stm32f446xx.o [1]
  .text              ro code  0x08009834     0x4  startup_stm32f446xx.o [1]
  .text              ro code  0x08009838     0x4  startup_stm32f446xx.o [1]
  .text              ro code  0x0800983c     0x4  startup_stm32f446xx.o [1]
  .text              ro code  0x08009840     0x4  startup_stm32f446xx.o [1]
  .text              ro code  0x08009844     0x4  startup_stm32f446xx.o [1]
  .text              ro code  0x08009848     0x4  startup_stm32f446xx.o [1]
  .text              ro code  0x0800984c     0x4  startup_stm32f446xx.o [1]
  .text              ro code  0x08009850     0x4  startup_stm32f446xx.o [1]
  .text              ro code  0x08009854     0x4  startup_stm32f446xx.o [1]
  .text              ro code  0x08009858     0x4  startup_stm32f446xx.o [1]
  .text              ro code  0x0800985c     0x4  startup_stm32f446xx.o [1]
  .text              ro code  0x08009860     0x4  startup_stm32f446xx.o [1]
  .text              ro code  0x08009864     0x4  startup_stm32f446xx.o [1]
  .text              ro code  0x08009868     0x4  startup_stm32f446xx.o [1]
  .text              ro code  0x0800986c     0x4  startup_stm32f446xx.o [1]
  .text              ro code  0x08009870     0x4  startup_stm32f446xx.o [1]
  .text              ro code  0x08009874     0x4  startup_stm32f446xx.o [1]
  .text              ro code  0x08009878     0x4  startup_stm32f446xx.o [1]
  .text              ro code  0x0800987c     0x4  startup_stm32f446xx.o [1]
  .text              ro code  0x08009880     0x4  startup_stm32f446xx.o [1]
  .text              ro code  0x08009884     0x4  startup_stm32f446xx.o [1]
  .text              ro code  0x08009888     0x4  startup_stm32f446xx.o [1]
  .text              ro code  0x0800988c     0x4  startup_stm32f446xx.o [1]
  .text              ro code  0x08009890     0x4  startup_stm32f446xx.o [1]
  .text              ro code  0x08009894     0x4  startup_stm32f446xx.o [1]
  .text              ro code  0x08009898     0x4  startup_stm32f446xx.o [1]
  .text              ro code  0x0800989c     0x4  startup_stm32f446xx.o [1]
  .text              ro code  0x080098a0     0x4  startup_stm32f446xx.o [1]
  .text              ro code  0x080098a4     0x4  startup_stm32f446xx.o [1]
  .text              ro code  0x080098a8     0x4  startup_stm32f446xx.o [1]
  .text              ro code  0x080098ac     0x4  startup_stm32f446xx.o [1]
  .text              ro code  0x080098b0     0x4  startup_stm32f446xx.o [1]
  .text              ro code  0x080098b4     0x4  startup_stm32f446xx.o [1]
  .text              ro code  0x080098b8     0x4  startup_stm32f446xx.o [1]
  .text              ro code  0x080098bc     0x4  startup_stm32f446xx.o [1]
  .text              ro code  0x080098c0     0x4  startup_stm32f446xx.o [1]
  .text              ro code  0x080098c4     0x4  startup_stm32f446xx.o [1]
  .text              ro code  0x080098c8     0x4  startup_stm32f446xx.o [1]
  .text              ro code  0x080098cc     0x4  startup_stm32f446xx.o [1]
  .text              ro code  0x080098d0     0x4  startup_stm32f446xx.o [1]
  .text              ro code  0x080098d4     0x4  startup_stm32f446xx.o [1]
  .text              ro code  0x080098d8     0x4  startup_stm32f446xx.o [1]
  .text              ro code  0x080098dc     0x4  startup_stm32f446xx.o [1]
  .text              ro code  0x080098e0     0x4  startup_stm32f446xx.o [1]
  .text              ro code  0x080098e4     0x4  startup_stm32f446xx.o [1]
  .text              ro code  0x080098e8     0x4  startup_stm32f446xx.o [1]
  .text              ro code  0x080098ec     0x4  startup_stm32f446xx.o [1]
  .text              ro code  0x080098f0     0x4  startup_stm32f446xx.o [1]
  .text              ro code  0x080098f4     0x4  startup_stm32f446xx.o [1]
  .text              ro code  0x080098f8     0x4  startup_stm32f446xx.o [1]
  .text              ro code  0x080098fc     0x4  startup_stm32f446xx.o [1]
  .text              ro code  0x08009900     0x4  startup_stm32f446xx.o [1]
  .text              ro code  0x08009904     0x4  startup_stm32f446xx.o [1]
  .text              ro code  0x08009908     0x4  startup_stm32f446xx.o [1]
  .text              ro code  0x0800990c     0x4  startup_stm32f446xx.o [1]
  .text              ro code  0x08009910     0x4  startup_stm32f446xx.o [1]
  .rodata            const    0x08009914     0x0  zero_init3.o [6]
  .rodata            const    0x08009914     0x0  packbits_init.o [6]
  Initializer bytes  const    0x08009914   0x4e2  <for P3 s0>
                            - 0x08009df6  0x9c32

"P3", part 1 of 3:                         0x992
  P3 s0                       0x20000000   0x992  <Init block>
    .data            inited   0x20000000   0x400  oled_font.o [1]
    .data            inited   0x20000400   0x400  oled_font.o [1]
    .data            inited   0x20000800    0x44  usbd_cdc_core_loopback.o [5]
    .data            inited   0x20000844    0x2c  usbd_cdc_core_loopback.o [5]
    .data            inited   0x20000870    0x2c  usbd_core.o [5]
    .data            inited   0x2000089c    0x1c  usbd_usr.o [5]
    .data            inited   0x200008b8    0x1c  usbd_desc.o [5]
    .data            inited   0x200008d4    0x1c  usbd_desc.o [5]
    .data            inited   0x200008f0    0x14  usbd_desc.o [5]
    .data            inited   0x20000904    0x10  stm32f4xx_rcc.o [1]
    .data            inited   0x20000914     0x8  usbd_cdc_vcp.o [5]
    .data            inited   0x2000091c     0x4  foc_algorithm.o [1]
    .data            inited   0x20000920     0x4  foc_algorithm.o [1]
    .data            inited   0x20000924     0x4  foc_algorithm.o [1]
    .data            inited   0x20000928     0x4  foc_algorithm.o [1]
    .data            inited   0x2000092c     0x4  foc_algorithm.o [1]
    .data            inited   0x20000930     0x4  foc_algorithm.o [1]
    .data            inited   0x20000934     0x4  foc_algorithm.o [1]
    .data            inited   0x20000938     0x4  foc_algorithm.o [1]
    .data            inited   0x2000093c     0x4  foc_algorithm.o [1]
    .data            inited   0x20000940     0x4  foc_algorithm.o [1]
    .data            inited   0x20000944     0x4  pc_communication_init.o [1]
    .data            inited   0x20000948     0x4  pc_communication_init.o [1]
    .data            inited   0x2000094c     0x4  pc_communication_init.o [1]
    .data            inited   0x20000950     0x4  pc_communication_init.o [1]
    .data            inited   0x20000954     0x4  pc_communication_init.o [1]
    .data            inited   0x20000958     0x4  pc_communication_init.o [1]
    .data            inited   0x2000095c     0x4  pc_communication_init.o [1]
    .data            inited   0x20000960     0x4  pc_communication_init.o [1]
    .data            inited   0x20000964     0x4  pc_communication_init.o [1]
    .data            inited   0x20000968     0x4  pc_communication_init.o [1]
    .data            inited   0x2000096c     0x4  pc_communication_init.o [1]
    .data            inited   0x20000970     0x4  pc_communication_init.o [1]
    .data            inited   0x20000974     0x4  speed_pid.o [1]
    .data            inited   0x20000978     0x4  speed_pid.o [1]
    .data            inited   0x2000097c     0x4  speed_pid.o [1]
    .data            inited   0x20000980     0x4  speed_pid.o [1]
    .data            inited   0x20000984     0x4  speed_pid.o [1]
    .data            inited   0x20000988     0x4  usbd_core.o [5]
    .data            inited   0x2000098c     0x4  usbd_desc.o [5]
    .data            inited   0x20000990     0x1  low_task.o [1]
    .data            inited   0x20000991     0x1  oled_display.o [1]
                            - 0x20000992   0x992

"P3", part 2 of 3:                        0x2838
  .bss               zero     0x20000994   0xbb8  communication.o [5]
  .bss               zero     0x2000154c   0xbb8  communication.o [5]
  .bss               zero     0x20002104   0x5f4  communication.o [5]
  .bss               zero     0x200026f8   0x400  oled.o [1]
  .bss               zero     0x20002af8   0x100  usbd_desc.o [5]
  .bss               zero     0x20002bf8    0x80  oled.o [1]
  .bss               zero     0x20002c78    0x1c  foc_algorithm.o [1]
  .bss               zero     0x20002c98    0x70  foc_algorithm.o [1]
  .bss               zero     0x20002d08    0x40  communication.o [5]
  .bss               zero     0x20002d48    0x30  foc_algorithm.o [1]
  .bss               zero     0x20002d78    0x28  foc_algorithm.o [1]
  .bss               zero     0x20002da0    0x1c  foc_algorithm.o [1]
  .bss               zero     0x20002dbc    0x1c  speed_pid.o [1]
  .bss               zero     0x20002dd8     0xc  adc.o [1]
  .bss               zero     0x20002de4     0xc  foc_algorithm.o [1]
  .bss               zero     0x20002df0     0xc  communication.o [5]
  .bss               zero     0x20002dfc     0x4  adc.o [1]
  .bss               zero     0x20002e00     0x8  adc.o [1]
  .bss               zero     0x20002e08     0x8  adc.o [1]
  .bss               zero     0x20002e10     0x8  adc.o [1]
  .bss               zero     0x20002e18     0x8  drv8301.o [1]
  .bss               zero     0x20002e20     0x8  foc_algorithm.o [1]
  .bss               zero     0x20002e28     0x8  foc_algorithm.o [1]
  .bss               zero     0x20002e30     0x8  foc_algorithm.o [1]
  .bss               zero     0x20002e38     0x8  foc_algorithm.o [1]
  .bss               zero     0x20002e40     0x8  foc_algorithm.o [1]
  .bss               zero     0x20002e48     0x8  usbd_cdc_core_loopback.o [5]
  .bss               zero     0x20002e50     0x4  adc.o [1]
  .bss               zero     0x20002e54     0x4  adc.o [1]
  .bss               zero     0x20002e58     0x4  adc.o [1]
  .bss               zero     0x20002e5c     0x4  adc.o [1]
  .bss               zero     0x20002e60     0x4  adc.o [1]
  .bss               zero     0x20002e64     0x4  adc.o [1]
  .bss               zero     0x20002e68     0x4  adc.o [1]
  .bss               zero     0x20002e6c     0x4  adc.o [1]
  .bss               zero     0x20002e70     0x4  hall_sensor.o [1]
  .bss               zero     0x20002e74     0x4  hall_sensor.o [1]
  .bss               zero     0x20002e78     0x4  hall_sensor.o [1]
  .bss               zero     0x20002e7c     0x4  L_identification_wrapper.o [1]
  .bss               zero     0x20002e80     0x4  L_identification_wrapper.o [1]
  .bss               zero     0x20002e84     0x4  L_identification_wrapper.o [1]
  .bss               zero     0x20002e88     0x4  L_identification_wrapper.o [1]
  .bss               zero     0x20002e8c     0x4  L_identification_wrapper.o [1]
  .bss               zero     0x20002e90     0x4  L_identification_wrapper.o [1]
  .bss               zero     0x20002e94     0x4  L_identification_wrapper.o [1]
  .bss               zero     0x20002e98     0x4  L_identification_wrapper.o [1]
  .bss               zero     0x20002e9c     0x4  L_identification_wrapper.o [1]
  .bss               zero     0x20002ea0     0x4  main.o [1]
  .bss               zero     0x20002ea4     0x4  R_flux_identification_wrapper.o [1]
  .bss               zero     0x20002ea8     0x4  R_flux_identification_wrapper.o [1]
  .bss               zero     0x20002eac     0x4  R_flux_identification_wrapper.o [1]
  .bss               zero     0x20002eb0     0x4  R_flux_identification_wrapper.o [1]
  .bss               zero     0x20002eb4     0x4  R_flux_identification_wrapper.o [1]
  .bss               zero     0x20002eb8     0x4  R_flux_identification_wrapper.o [1]
  .bss               zero     0x20002ebc     0x4  R_flux_identification_wrapper.o [1]
  .bss               zero     0x20002ec0     0x4  R_flux_identification_wrapper.o [1]
  .bss               zero     0x20002ec4     0x4  R_flux_identification_wrapper.o [1]
  .bss               zero     0x20002ec8     0x4  R_flux_identification_wrapper.o [1]
  .bss               zero     0x20002ecc     0x4  R_flux_identification_wrapper.o [1]
  .bss               zero     0x20002ed0     0x4  R_flux_identification_wrapper.o [1]
  .bss               zero     0x20002ed4     0x4  R_flux_identification_wrapper.o [1]
  .bss               zero     0x20002ed8     0x4  R_flux_identification_wrapper.o [1]
  .bss               zero     0x20002edc     0x4  R_flux_identification_wrapper.o [1]
  .bss               zero     0x20002ee0     0x4  R_flux_identification_wrapper.o [1]
  .bss               zero     0x20002ee4     0x4  R_flux_identification_wrapper.o [1]
  .bss               zero     0x20002ee8     0x4  R_flux_identification_wrapper.o [1]
  .bss               zero     0x20002eec     0x4  R_flux_identification_wrapper.o [1]
  .bss               zero     0x20002ef0     0x4  R_flux_identification_wrapper.o [1]
  .bss               zero     0x20002ef4     0x4  R_flux_identification_wrapper.o [1]
  .bss               zero     0x20002ef8     0x4  R_flux_identification_wrapper.o [1]
  .bss               zero     0x20002efc     0x4  R_flux_identification_wrapper.o [1]
  .bss               zero     0x20002f00     0x4  R_flux_identification_wrapper.o [1]
  .bss               zero     0x20002f04     0x4  R_flux_identification_wrapper.o [1]
  .bss               zero     0x20002f08     0x4  R_flux_identification_wrapper.o [1]
  .bss               zero     0x20002f0c     0x4  R_flux_identification_wrapper.o [1]
  .bss               zero     0x20002f10     0x4  speed_pid.o [1]
  .bss               zero     0x20002f14     0x4  speed_pid.o [1]
  .bss               zero     0x20002f18     0x4  speed_pid.o [1]
  .bss               zero     0x20002f1c     0x4  stm32_ekf_wrapper.o [1]
  .bss               zero     0x20002f20     0x4  stm32_ekf_wrapper.o [1]
  .bss               zero     0x20002f24     0x4  stm32_ekf_wrapper.o [1]
  .bss               zero     0x20002f28     0x4  stm32_ekf_wrapper.o [1]
  .bss               zero     0x20002f2c     0x4  stm32_ekf_wrapper.o [1]
  .bss               zero     0x20002f30     0x4  stm32_ekf_wrapper.o [1]
  .bss               zero     0x20002f34     0x4  stm32_ekf_wrapper.o [1]
  .bss               zero     0x20002f38     0x4  stm32_ekf_wrapper.o [1]
  .bss               zero     0x20002f3c     0x4  stm32_ekf_wrapper.o [1]
  .bss               zero     0x20002f40     0x4  stm32_ekf_wrapper.o [1]
  .bss               zero     0x20002f44     0x4  stm32_ekf_wrapper.o [1]
  .bss               zero     0x20002f48     0x4  stm32_ekf_wrapper.o [1]
  .bss               zero     0x20002f4c     0x4  stm32_ekf_wrapper.o [1]
  .bss               zero     0x20002f50     0x4  stm32_ekf_wrapper.o [1]
  .bss               zero     0x20002f54     0x4  stm32_ekf_wrapper.o [1]
  .bss               zero     0x20002f58     0x4  stm32_ekf_wrapper.o [1]
  .bss               zero     0x20002f5c     0x4  stm32_ekf_wrapper.o [1]
  .bss               zero     0x20002f60     0x4  stm32_ekf_wrapper.o [1]
  .bss               zero     0x20002f64     0x4  stm32_ekf_wrapper.o [1]
  .bss               zero     0x20002f68     0x4  stm32_ekf_wrapper.o [1]
  .bss               zero     0x20002f6c     0x4  stm32_ekf_wrapper.o [1]
  .bss               zero     0x20002f70     0x4  stm32_ekf_wrapper.o [1]
  .bss               zero     0x20002f74     0x4  stm32_ekf_wrapper.o [1]
  .bss               zero     0x20002f78     0x4  stm32_ekf_wrapper.o [1]
  .bss               zero     0x20002f7c     0x4  stm32_ekf_wrapper.o [1]
  .bss               zero     0x20002f80     0x4  stm32_ekf_wrapper.o [1]
  .bss               zero     0x20002f84     0x4  stm32_ekf_wrapper.o [1]
  .bss               zero     0x20002f88     0x4  stm32_ekf_wrapper.o [1]
  .bss               zero     0x20002f8c     0x4  stm32_ekf_wrapper.o [1]
  .bss               zero     0x20002f90     0x4  stm32_ekf_wrapper.o [1]
  .bss               zero     0x20002f94     0x4  stm32_ekf_wrapper.o [1]
  .bss               zero     0x20002f98     0x4  stm32_ekf_wrapper.o [1]
  .bss               zero     0x20002f9c     0x4  stm32_ekf_wrapper.o [1]
  .bss               zero     0x20002fa0     0x4  stm32_ekf_wrapper.o [1]
  .bss               zero     0x20002fa4     0x4  stm32_ekf_wrapper.o [1]
  .bss               zero     0x20002fa8     0x4  stm32_ekf_wrapper.o [1]
  .bss               zero     0x20002fac     0x4  stm32_ekf_wrapper.o [1]
  .bss               zero     0x20002fb0     0x4  stm32_ekf_wrapper.o [1]
  .bss               zero     0x20002fb4     0x4  stm32_ekf_wrapper.o [1]
  .bss               zero     0x20002fb8     0x4  stm32_ekf_wrapper.o [1]
  .bss               zero     0x20002fbc     0x4  stm32_ekf_wrapper.o [1]
  .bss               zero     0x20002fc0     0x4  stm32_ekf_wrapper.o [1]
  .bss               zero     0x20002fc4     0x4  stm32_ekf_wrapper.o [1]
  .bss               zero     0x20002fc8     0x4  stm32_ekf_wrapper.o [1]
  .bss               zero     0x20002fcc     0x4  stm32_ekf_wrapper.o [1]
  .bss               zero     0x20002fd0     0x4  stm32_ekf_wrapper.o [1]
  .bss               zero     0x20002fd4     0x4  stm32_ekf_wrapper.o [1]
  .bss               zero     0x20002fd8     0x4  stm32_ekf_wrapper.o [1]
  .bss               zero     0x20002fdc     0x4  stm32_ekf_wrapper.o [1]
  .bss               zero     0x20002fe0     0x4  stm32_ekf_wrapper.o [1]
  .bss               zero     0x20002fe4     0x4  stm32_ekf_wrapper.o [1]
  .bss               zero     0x20002fe8     0x4  stm32_ekf_wrapper.o [1]
  .bss               zero     0x20002fec     0x4  stm32_ekf_wrapper.o [1]
  .bss               zero     0x20002ff0     0x4  stm32_ekf_wrapper.o [1]
  .bss               zero     0x20002ff4     0x4  stm32_ekf_wrapper.o [1]
  .bss               zero     0x20002ff8     0x4  stm32_ekf_wrapper.o [1]
  .bss               zero     0x20002ffc     0x4  stm32_ekf_wrapper.o [1]
  .bss               zero     0x20003000     0x4  stm32_ekf_wrapper.o [1]
  .bss               zero     0x20003004     0x4  stm32_ekf_wrapper.o [1]
  .bss               zero     0x20003008     0x4  stm32_ekf_wrapper.o [1]
  .bss               zero     0x2000300c     0x4  stm32_ekf_wrapper.o [1]
  .bss               zero     0x20003010     0x4  stm32_ekf_wrapper.o [1]
  .bss               zero     0x20003014     0x4  stm32_ekf_wrapper.o [1]
  .bss               zero     0x20003018     0x4  stm32_ekf_wrapper.o [1]
  .bss               zero     0x2000301c     0x4  stm32_ekf_wrapper.o [1]
  .bss               zero     0x20003020     0x4  stm32_ekf_wrapper.o [1]
  .bss               zero     0x20003024     0x4  stm32_ekf_wrapper.o [1]
  .bss               zero     0x20003028     0x4  stm32_ekf_wrapper.o [1]
  .bss               zero     0x2000302c     0x4  stm32_ekf_wrapper.o [1]
  .bss               zero     0x20003030     0x4  stm32_ekf_wrapper.o [1]
  .bss               zero     0x20003034     0x4  stm32_ekf_wrapper.o [1]
  .bss               zero     0x20003038     0x4  stm32_ekf_wrapper.o [1]
  .bss               zero     0x2000303c     0x4  stm32_ekf_wrapper.o [1]
  .bss               zero     0x20003040     0x4  stm32_ekf_wrapper.o [1]
  .bss               zero     0x20003044     0x4  stm32_ekf_wrapper.o [1]
  .bss               zero     0x20003048     0x4  stm32_ekf_wrapper.o [1]
  .bss               zero     0x2000304c     0x4  stm32_ekf_wrapper.o [1]
  .bss               zero     0x20003050     0x4  stm32_ekf_wrapper.o [1]
  .bss               zero     0x20003054     0x4  stm32_ekf_wrapper.o [1]
  .bss               zero     0x20003058     0x4  stm32_ekf_wrapper.o [1]
  .bss               zero     0x2000305c     0x4  stm32_ekf_wrapper.o [1]
  .bss               zero     0x20003060     0x4  stm32_ekf_wrapper.o [1]
  .bss               zero     0x20003064     0x4  stm32_ekf_wrapper.o [1]
  .bss               zero     0x20003068     0x4  stm32_ekf_wrapper.o [1]
  .bss               zero     0x2000306c     0x4  stm32_ekf_wrapper.o [1]
  .bss               zero     0x20003070     0x4  stm32_ekf_wrapper.o [1]
  .bss               zero     0x20003074     0x4  stm32_ekf_wrapper.o [1]
  .bss               zero     0x20003078     0x4  stm32_ekf_wrapper.o [1]
  .bss               zero     0x2000307c     0x4  stm32_ekf_wrapper.o [1]
  .bss               zero     0x20003080     0x4  stm32_ekf_wrapper.o [1]
  .bss               zero     0x20003084     0x4  stm32_ekf_wrapper.o [1]
  .bss               zero     0x20003088     0x4  stm32_ekf_wrapper.o [1]
  .bss               zero     0x2000308c     0x4  stm32_ekf_wrapper.o [1]
  .bss               zero     0x20003090     0x4  stm32_ekf_wrapper.o [1]
  .bss               zero     0x20003094     0x4  stm32_ekf_wrapper.o [1]
  .bss               zero     0x20003098     0x4  stm32_ekf_wrapper.o [1]
  .bss               zero     0x2000309c     0x4  stm32_ekf_wrapper.o [1]
  .bss               zero     0x200030a0     0x4  stm32_ekf_wrapper.o [1]
  .bss               zero     0x200030a4     0x4  stm32_ekf_wrapper.o [1]
  .bss               zero     0x200030a8     0x4  stm32_ekf_wrapper.o [1]
  .bss               zero     0x200030ac     0x4  stm32_ekf_wrapper.o [1]
  .bss               zero     0x200030b0     0x4  stm32_ekf_wrapper.o [1]
  .bss               zero     0x200030b4     0x4  stm32_ekf_wrapper.o [1]
  .bss               zero     0x200030b8     0x4  stm32_ekf_wrapper.o [1]
  .bss               zero     0x200030bc     0x4  stm32_ekf_wrapper.o [1]
  .bss               zero     0x200030c0     0x4  stm32_ekf_wrapper.o [1]
  .bss               zero     0x200030c4     0x4  stm32_ekf_wrapper.o [1]
  .bss               zero     0x200030c8     0x4  stm32_ekf_wrapper.o [1]
  .bss               zero     0x200030cc     0x4  stm32_ekf_wrapper.o [1]
  .bss               zero     0x200030d0     0x4  communication.o [5]
  .bss               zero     0x200030d4     0x4  communication.o [5]
  .bss               zero     0x200030d8     0x4  communication.o [5]
  .bss               zero     0x200030dc     0x4  communication.o [5]
  .bss               zero     0x200030e0     0x4  communication.o [5]
  .bss               zero     0x200030e4     0x4  communication.o [5]
  .bss               zero     0x200030e8     0x4  communication.o [5]
  .bss               zero     0x200030ec     0x4  communication.o [5]
  .bss               zero     0x200030f0     0x4  communication.o [5]
  .bss               zero     0x200030f4     0x4  communication.o [5]
  .bss               zero     0x200030f8     0x4  communication.o [5]
  .bss               zero     0x200030fc     0x4  communication.o [5]
  .bss               zero     0x20003100     0x4  communication.o [5]
  .bss               zero     0x20003104     0x4  communication.o [5]
  .bss               zero     0x20003108     0x4  communication.o [5]
  .bss               zero     0x2000310c     0x4  communication.o [5]
  .bss               zero     0x20003110     0x4  communication.o [5]
  .bss               zero     0x20003114     0x4  communication.o [5]
  .bss               zero     0x20003118     0x4  communication.o [5]
  .bss               zero     0x2000311c     0x4  communication.o [5]
  .bss               zero     0x20003120     0x4  communication.o [5]
  .bss               zero     0x20003124     0x4  communication.o [5]
  .bss               zero     0x20003128     0x4  communication.o [5]
  .bss               zero     0x2000312c     0x4  communication.o [5]
  .bss               zero     0x20003130     0x4  communication.o [5]
  .bss               zero     0x20003134     0x4  communication.o [5]
  .bss               zero     0x20003138     0x4  communication.o [5]
  .bss               zero     0x2000313c     0x4  communication.o [5]
  .bss               zero     0x20003140     0x4  communication.o [5]
  .bss               zero     0x20003144     0x4  communication.o [5]
  .bss               zero     0x20003148     0x4  communication.o [5]
  .bss               zero     0x2000314c     0x4  communication.o [5]
  .bss               zero     0x20003150     0x4  communication.o [5]
  .bss               zero     0x20003154     0x4  communication.o [5]
  .bss               zero     0x20003158     0x4  communication.o [5]
  .bss               zero     0x2000315c     0x4  communication.o [5]
  .bss               zero     0x20003160     0x4  communication.o [5]
  .bss               zero     0x20003164     0x4  communication.o [5]
  .bss               zero     0x20003168     0x4  communication.o [5]
  .bss               zero     0x2000316c     0x4  communication.o [5]
  .bss               zero     0x20003170     0x4  communication.o [5]
  .bss               zero     0x20003174     0x4  communication.o [5]
  .bss               zero     0x20003178     0x4  communication.o [5]
  .bss               zero     0x2000317c     0x4  communication.o [5]
  .bss               zero     0x20003180     0x4  usbd_cdc_core_loopback.o [5]
  .bss               zero     0x20003184     0x4  usbd_core.o [5]
  .bss               zero     0x20003188     0x4  usbd_cdc_vcp.o [5]
  .bss               zero     0x2000318c     0x4  usbd_cdc_vcp.o [5]
  .bss               zero     0x20003190     0x4  usbd_req.o [5]
  .bss               zero     0x20003194     0x4  usbd_req.o [5]
  .bss               zero     0x20003198     0x4  usbd_req.o [5]
  .bss               zero     0x2000319c     0x2  low_task.o [1]
  .bss               zero     0x2000319e     0x2  communication.o [5]
  .bss               zero     0x200031a0     0x2  communication.o [5]
  .bss               zero     0x200031a2     0x2  communication.o [5]
  .bss               zero     0x200031a4     0x1  adc.o [1]
  .bss               zero     0x200031a5     0x1  adc.o [1]
  .bss               zero     0x200031a6     0x1  adc.o [1]
  .bss               zero     0x200031a7     0x1  adc.o [1]
  .bss               zero     0x200031a8     0x1  drv8301.o [1]
  .bss               zero     0x200031a9     0x1  exti.o [1]
  .bss               zero     0x200031aa     0x1  exti.o [1]
  .bss               zero     0x200031ab     0x1  exti.o [1]
  .bss               zero     0x200031ac     0x1  hall_sensor.o [1]
  .bss               zero     0x200031ad     0x1  low_task.o [1]
  .bss               zero     0x200031ae     0x1  oled.o [1]
  .bss               zero     0x200031af     0x1  oled.o [1]
  .bss               zero     0x200031b0     0x1  oled_display.o [1]
  .bss               zero     0x200031b1     0x1  oled_display.o [1]
  .bss               zero     0x200031b2     0x1  oled_display.o [1]
  .bss               zero     0x200031b3     0x1  oled_display.o [1]
  .bss               zero     0x200031b4     0x1  oled_display.o [1]
  .bss               zero     0x200031b5     0x1  oled_display.o [1]
  .bss               zero     0x200031b6     0x1  oled_display.o [1]
  .bss               zero     0x200031b7     0x1  oled_display.o [1]
  .bss               zero     0x200031b8     0x1  communication.o [5]
  .bss               zero     0x200031b9     0x1  communication.o [5]
  .bss               zero     0x200031ba     0x1  communication.o [5]
  .bss               zero     0x200031bb     0x1  communication.o [5]
  .bss               zero     0x200031bc     0x1  communication.o [5]
  .bss               zero     0x200031bd     0x1  communication.o [5]
  .bss               zero     0x200031be     0x1  communication.o [5]
  .bss               zero     0x200031bf     0x1  communication.o [5]
  .bss               zero     0x200031c0     0x1  communication.o [5]
  .bss               zero     0x200031c1     0x1  communication.o [5]
  .bss               zero     0x200031c2     0x1  communication.o [5]
  .bss               zero     0x200031c3     0x1  communication.o [5]
  .bss               zero     0x200031c4     0x1  communication.o [5]
  .bss               zero     0x200031c5     0x1  communication.o [5]
  .bss               zero     0x200031c6     0x1  communication.o [5]
  .bss               zero     0x200031c7     0x1  communication.o [5]
  .bss               zero     0x200031c8     0x1  communication.o [5]
  .bss               zero     0x200031c9     0x1  usbd_req.o [5]
                            - 0x200031ca  0x2836

"P3", part 3 of 3:                        0x2000
  CSTACK                      0x200031d0  0x2000  <Block>
    CSTACK           uninit   0x200031d0  0x2000  <Block tail>
                            - 0x200051d0  0x2000


*******************************************************************************
*** INIT TABLE
***

          Address     Size
          -------     ----
Zero (__iar_zero_init3)
    1 destination range, total size 0x2836:
          0x20000994  0x2836

Copy/packbits (__iar_packbits_init3)
    1 source range, total size 0x4e2 (51% of destination):
          0x08009914   0x4e2
    1 destination range, total size 0x992:
          0x20000000   0x992



*******************************************************************************
*** MODULE SUMMARY
***

    Module                           ro code  ro data  rw data
    ------                           -------  -------  -------
C:\Users\wang\Desktop\慧驱动_手把手教你驱动永磁同步电机_低压教程配套资料\code\Debug\Obj: [1]
    L_identification_wrapper.o           288                36
    R_flux_identification_wrapper.o    1 048               108
    adc.o                              1 220                76
    arm_common_tables.o                         2 052
    arm_cos_f32.o                        132
    arm_sin_f32.o                        128
    board_config.o                     2 240
    drv8301.o                            464                 9
    exti.o                                92                 3
    foc_algorithm.o                    1 564       21      348
    hall_sensor.o                        364                13
    low_task.o                           432        1        4
    main.o                               108                 4
    misc.o                               128
    oled.o                             1 422             1 154
    oled_display.o                       392       53        9
    oled_font.o                                 2 564    2 048
    pc_communication_init.o              500       24       48
    speed_pid.o                          196       10       60
    startup_stm32f446xx.o                784
    stm32_ekf_wrapper.o                6 604               436
    stm32f4xx_adc.o                      708
    stm32f4xx_dma.o                      116
    stm32f4xx_exti.o                     184
    stm32f4xx_gpio.o                     298
    stm32f4xx_it.o                        48
    stm32f4xx_rcc.o                      664        8       16
    stm32f4xx_syscfg.o                    84
    stm32f4xx_tim.o                    1 744
    system_stm32f4xx.o                   380
    ----------------------------------------------------------
    Total:                            22 332    4 733    4 372

command line: [2]
    ----------------------------------------------------------
    Total:

dl7M_tln.a: [3]
    abort.o                                6
    exit.o                                 4
    low_level_init.o                       4
    ----------------------------------------------------------
    Total:                                14

m7M_tls.a: [4]
    DblAdd.o                             232
    DblMul.o                             418
    DblSub.o                             384
    DblToFlt.o                           144
    FltToDbl.o                            78
    I32ToDbl.o                            44
    fpinit_M.o                            34
    ----------------------------------------------------------
    Total:                             1 334

pc_communication.a: [5]
    communication.o                    2 844             7 799
    usb_bsp.o                            178
    usb_core.o                         2 562
    usb_dcd.o                            614
    usb_dcd_int.o                      1 808
    usbd_cdc_core_loopback.o             268       58      124
    usbd_cdc_vcp.o                        72        4       16
    usbd_core.o                          750       24       52
    usbd_desc.o                          310      161      336
    usbd_ioreq.o                         196
    usbd_req.o                         1 630                13
    usbd_usr.o                            30       14       28
    ----------------------------------------------------------
    Total:                            11 262      261    8 368

rt7M_tl.a: [6]
    ABImemclr4.o                           6
    ABImemset48.o                         50
    cexit.o                               10
    cmain.o                               26
    cstartup_M.o                          12
    data_init.o                           40
    packbits_init.o                      206
    zero_init3.o                          64
    ----------------------------------------------------------
    Total:                               414

shb_l.a: [7]
    exit.o                                20
    ----------------------------------------------------------
    Total:                                20

    Gaps                                  18        6        4
    Linker created                                 44    8 192
--------------------------------------------------------------
    Grand Total:                      35 394    5 044   20 936


*******************************************************************************
*** ENTRY LIST
***

Entry                      Address    Size  Type      Object
-----                      -------    ----  ----      ------
.iar.init_table$$Base   0x080096fc           --   Gb  - Linker created -
.iar.init_table$$Limit  0x08009728           --   Gb  - Linker created -
?main                   0x08009729          Code  Gb  cmain.o [6]
ADC1ConvertedValue      0x20002dd8     0xc  Data  Gb  adc.o [1]
ADC_ClearFlag           0x08005ab5     0x8  Code  Gb  stm32f4xx_adc.o [1]
ADC_Cmd                 0x08005899    0x1a  Code  Gb  stm32f4xx_adc.o [1]
ADC_CommonInit          0x08005879    0x20  Code  Gb  stm32f4xx_adc.o [1]
ADC_DMACmd              0x08005991    0x1a  Code  Gb  stm32f4xx_adc.o [1]
ADC_DMARequestAfterLastTransferCmd
                        0x080059ab    0x1a  Code  Gb  stm32f4xx_adc.o [1]
ADC_DeInit              0x080057f9    0x18  Code  Gb  stm32f4xx_adc.o [1]
ADC_ExternalTrigInjectedConvConfig
                        0x08005a77     0xe  Code  Gb  stm32f4xx_adc.o [1]
ADC_ExternalTrigInjectedConvEdgeConfig
                        0x08005a85     0xe  Code  Gb  stm32f4xx_adc.o [1]
ADC_IRQHandler          0x08008c59    0x96  Code  Gb  adc.o [1]
ADC_ITConfig            0x08005a93    0x22  Code  Gb  stm32f4xx_adc.o [1]
ADC_Init                0x08005811    0x4a  Code  Gb  stm32f4xx_adc.o [1]
ADC_InjectedChannelConfig
                        0x080059d5    0x8c  Code  Gb  stm32f4xx_adc.o [1]
ADC_InjectedSequencerLengthConfig
                        0x08005a61    0x16  Code  Gb  stm32f4xx_adc.o [1]
ADC_RegularChannelConfig
                        0x080058b3    0xd4  Code  Gb  stm32f4xx_adc.o [1]
ADC_SoftwareStartConv   0x08005987     0xa  Code  Gb  stm32f4xx_adc.o [1]
ADC_StructInit          0x0800585b    0x1e  Code  Gb  stm32f4xx_adc.o [1]
APBAHBPrescTable        0x20000904    0x10  Data  Lc  stm32f4xx_rcc.o [1]
A_offset                0x20002e60     0x4  Data  Gb  adc.o [1]
Angle_To_Cos_Sin        0x08006deb    0x2a  Code  Gb  foc_algorithm.o [1]
B_0_0                   0x20002f9c     0x4  Data  Gb  stm32_ekf_wrapper.o [1]
B_1_1                   0x20002fa0     0x4  Data  Gb  stm32_ekf_wrapper.o [1]
B_offset                0x20002e64     0x4  Data  Gb  adc.o [1]
BusFault_Handler        0x0800963f     0x2  Code  Gb  stm32f4xx_it.o [1]
CSTACK$$Base            0x200031d0           --   Gb  - Linker created -
CSTACK$$Limit           0x200051d0           --   Gb  - Linker created -
Clarke_Transf           0x08006b5d    0x46  Code  Gb  foc_algorithm.o [1]
CmdBuff                 0x20002e48     0x8  Data  Gb  usbd_cdc_core_loopback.o [5]
Current_D_PID           0x20002c78    0x1c  Data  Gb  foc_algorithm.o [1]
Current_Iabc            0x20002de4     0xc  Data  Gb  foc_algorithm.o [1]
Current_Ialpha_beta     0x20002e20     0x8  Data  Gb  foc_algorithm.o [1]
Current_Idq             0x20002e38     0x8  Data  Gb  foc_algorithm.o [1]
Current_PID_Calc        0x08006e51    0x66  Code  Gb  foc_algorithm.o [1]
Current_Q_PID           0x20002da0    0x1c  Data  Gb  foc_algorithm.o [1]
DCD_EP_Close            0x080034af    0x44  Code  Gb  usb_dcd.o [5]
DCD_EP_ClrStall         0x080035bf    0x46  Code  Gb  usb_dcd.o [5]
DCD_EP_Open             0x08003451    0x5e  Code  Gb  usb_dcd.o [5]
DCD_EP_PrepareRx        0x080034f3    0x46  Code  Gb  usb_dcd.o [5]
DCD_EP_SetAddress       0x08003605    0x14  Code  Gb  usb_dcd.o [5]
DCD_EP_Stall            0x08003579    0x46  Code  Gb  usb_dcd.o [5]
DCD_EP_Tx               0x08003539    0x40  Code  Gb  usb_dcd.o [5]
DCD_HandleEnumDone_ISR  0x080069af   0x100  Code  Lc  usb_dcd_int.o [5]
DCD_HandleInEP_ISR      0x080065ef    0xe0  Code  Lc  usb_dcd_int.o [5]
DCD_HandleOutEP_ISR     0x080066cf    0xcc  Code  Lc  usb_dcd_int.o [5]
DCD_HandleResume_ISR    0x08006521    0x4c  Code  Lc  usb_dcd_int.o [5]
DCD_HandleRxStatusQueueLevel_ISR
                        0x080067b7    0x9c  Code  Lc  usb_dcd_int.o [5]
DCD_HandleSof_ISR       0x0800679b    0x1c  Code  Lc  usb_dcd_int.o [5]
DCD_HandleUSBSuspend_ISR
                        0x0800656d    0x82  Code  Lc  usb_dcd_int.o [5]
DCD_HandleUsbReset_ISR  0x08006907    0xa8  Code  Lc  usb_dcd_int.o [5]
DCD_Init                0x080033b3    0x9e  Code  Gb  usb_dcd.o [5]
DCD_IsoINIncomplete_ISR
                        0x08006aaf    0x1c  Code  Lc  usb_dcd_int.o [5]
DCD_IsoOUTIncomplete_ISR
                        0x08006acb    0x1c  Code  Lc  usb_dcd_int.o [5]
DCD_ReadDevInEP         0x08006b3d    0x20  Code  Lc  usb_dcd_int.o [5]
DCD_WriteEmptyTxFifo    0x08006853    0xb4  Code  Lc  usb_dcd_int.o [5]
DMA_Cmd                 0x080057d9    0x1a  Code  Gb  stm32f4xx_dma.o [1]
DMA_Init                0x08005785    0x54  Code  Gb  stm32f4xx_dma.o [1]
D_PI_I                  0x2000091c     0x4  Data  Gb  foc_algorithm.o [1]
D_PI_KB                 0x20000920     0x4  Data  Gb  foc_algorithm.o [1]
D_PI_LOW_LIMIT          0x20000924     0x4  Data  Gb  foc_algorithm.o [1]
D_PI_P                  0x20000928     0x4  Data  Gb  foc_algorithm.o [1]
D_PI_UP_LIMIT           0x2000092c     0x4  Data  Gb  foc_algorithm.o [1]
DebugMon_Handler        0x08009645     0x2  Code  Gb  stm32f4xx_it.o [1]
Delay                   0x08008367    0x14  Code  Gb  main.o [1]
EKF_Hz                  0x20002e6c     0x4  Data  Gb  adc.o [1]
EXTI2_IRQHandler        0x0800959d    0x1a  Code  Gb  exti.o [1]
EXTI4_IRQHandler        0x080095d1    0x1a  Code  Gb  exti.o [1]
EXTI9_5_IRQHandler      0x080095b7    0x1a  Code  Gb  exti.o [1]
EXTI_ClearITPendingBit  0x08005bad     0x6  Code  Gb  stm32f4xx_exti.o [1]
EXTI_GetITStatus        0x08005b97    0x16  Code  Gb  stm32f4xx_exti.o [1]
EXTI_Init               0x08005b11    0x86  Code  Gb  stm32f4xx_exti.o [1]
F8X16                   0x080077b0   0x5f0  Data  Gb  oled_font.o [1]
FOC_Input               0x20002d48    0x30  Data  Gb  foc_algorithm.o [1]
FOC_Interface_states    0x20002c98    0x70  Data  Gb  foc_algorithm.o [1]
FOC_Output              0x20002d78    0x28  Data  Gb  foc_algorithm.o [1]
F_0_0                   0x20002fa4     0x4  Data  Gb  stm32_ekf_wrapper.o [1]
F_0_2                   0x20002fa8     0x4  Data  Gb  stm32_ekf_wrapper.o [1]
F_0_3                   0x20002fac     0x4  Data  Gb  stm32_ekf_wrapper.o [1]
F_1_1                   0x20002fb0     0x4  Data  Gb  stm32_ekf_wrapper.o [1]
F_1_2                   0x20002fb4     0x4  Data  Gb  stm32_ekf_wrapper.o [1]
F_1_3                   0x20002fb8     0x4  Data  Gb  stm32_ekf_wrapper.o [1]
F_3_2                   0x20002fbc     0x4  Data  Gb  stm32_ekf_wrapper.o [1]
GPIO_Init               0x08003289    0xa4  Code  Gb  stm32f4xx_gpio.o [1]
GPIO_PinAFConfig        0x08003363    0x50  Code  Gb  stm32f4xx_gpio.o [1]
GPIO_ReadInputDataBit   0x08003345    0x16  Code  Gb  stm32f4xx_gpio.o [1]
GPIO_ResetBits          0x0800335f     0x4  Code  Gb  stm32f4xx_gpio.o [1]
GPIO_SetBits            0x0800335b     0x4  Code  Gb  stm32f4xx_gpio.o [1]
GPIO_StructInit         0x0800332d    0x18  Code  Gb  stm32f4xx_gpio.o [1]
Get_SerialNum           0x08009305    0x28  Code  Lc  usbd_desc.o [5]
H_0_0                   0x20002f94     0x4  Data  Gb  stm32_ekf_wrapper.o [1]
H_1_1                   0x20002f98     0x4  Data  Gb  stm32_ekf_wrapper.o [1]
HardFault_Handler       0x0800963b     0x2  Code  Gb  stm32f4xx_it.o [1]
Ia                      0x20002e00     0x8  Data  Gb  adc.o [1]
Ia_test                 0x20002e50     0x4  Data  Gb  adc.o [1]
Ib                      0x20002e08     0x8  Data  Gb  adc.o [1]
Ib_test                 0x20002e54     0x4  Data  Gb  adc.o [1]
Ic                      0x20002e10     0x8  Data  Gb  adc.o [1]
Ic_test                 0x20002e58     0x4  Data  Gb  adc.o [1]
InStream_StepRegion     0x080094b5    0x14  Code  Lc  packbits_init.o [6]
IntToUnicode            0x08009365    0x42  Code  Lc  usbd_desc.o [5]
Iq_ref                  0x20002e68     0x4  Data  Gb  adc.o [1]
K_0_0                   0x200030a0     0x4  Data  Gb  stm32_ekf_wrapper.o [1]
K_0_1                   0x200030a4     0x4  Data  Gb  stm32_ekf_wrapper.o [1]
K_1_0                   0x200030a8     0x4  Data  Gb  stm32_ekf_wrapper.o [1]
K_1_1                   0x200030ac     0x4  Data  Gb  stm32_ekf_wrapper.o [1]
K_2_0                   0x200030b0     0x4  Data  Gb  stm32_ekf_wrapper.o [1]
K_2_1                   0x200030b4     0x4  Data  Gb  stm32_ekf_wrapper.o [1]
K_3_0                   0x200030b8     0x4  Data  Gb  stm32_ekf_wrapper.o [1]
K_3_1                   0x200030bc     0x4  Data  Gb  stm32_ekf_wrapper.o [1]
L_identification_Outputs_wrapper
                        0x08007197    0x10  Code  Gb  L_identification_wrapper.o [1]
L_identification_Start_wrapper
                        0x08007179    0x1e  Code  Gb  L_identification_wrapper.o [1]
L_identification_Update_wrapper
                        0x080071a9    0xc0  Code  Gb  L_identification_wrapper.o [1]
Logo                    0x20000000   0x400  Data  Gb  oled_font.o [1]
Ls                      0x20002f20     0x4  Data  Gb  stm32_ekf_wrapper.o [1]
MemManage_Handler       0x0800963d     0x2  Code  Gb  stm32f4xx_it.o [1]
NMI_Handler             0x08009639     0x2  Code  Gb  stm32f4xx_it.o [1]
NVIC_Init               0x08005bd3    0x60  Code  Gb  misc.o [1]
NVIC_PriorityGroupConfig
                        0x08005bc9     0xa  Code  Gb  misc.o [1]
NVIC_SetPriority        0x080047f5    0x26  Code  Lc  board_config.o [1]
OLED_Clear              0x08007de3    0x5c  Code  Gb  oled.o [1]
OLED_DrawBMP            0x080080e5    0x90  Code  Gb  oled.o [1]
OLED_Init               0x08007e3f   0x102  Code  Gb  oled.o [1]
OLED_Set_Pos            0x080080b9    0x2c  Code  Gb  oled.o [1]
OLED_ShowChar           0x08008175    0x94  Code  Gb  oled.o [1]
OLED_ShowNum            0x0800827d    0xb2  Code  Gb  oled.o [1]
OLED_ShowString         0x08008235    0x34  Code  Gb  oled.o [1]
OLED_WR_Byte            0x08007da1    0x42  Code  Gb  oled.o [1]
OTG_FS_IRQHandler       0x08009655     0xa  Code  Gb  stm32f4xx_it.o [1]
P0_0_0                  0x20002f54     0x4  Data  Gb  stm32_ekf_wrapper.o [1]
P0_0_1                  0x20002f58     0x4  Data  Gb  stm32_ekf_wrapper.o [1]
P0_0_2                  0x20002f5c     0x4  Data  Gb  stm32_ekf_wrapper.o [1]
P0_0_3                  0x20002f60     0x4  Data  Gb  stm32_ekf_wrapper.o [1]
P0_1_0                  0x20002f64     0x4  Data  Gb  stm32_ekf_wrapper.o [1]
P0_1_1                  0x20002f68     0x4  Data  Gb  stm32_ekf_wrapper.o [1]
P0_1_2                  0x20002f6c     0x4  Data  Gb  stm32_ekf_wrapper.o [1]
P0_1_3                  0x20002f70     0x4  Data  Gb  stm32_ekf_wrapper.o [1]
P0_2_0                  0x20002f74     0x4  Data  Gb  stm32_ekf_wrapper.o [1]
P0_2_1                  0x20002f78     0x4  Data  Gb  stm32_ekf_wrapper.o [1]
P0_2_2                  0x20002f7c     0x4  Data  Gb  stm32_ekf_wrapper.o [1]
P0_2_3                  0x20002f80     0x4  Data  Gb  stm32_ekf_wrapper.o [1]
P0_3_0                  0x20002f84     0x4  Data  Gb  stm32_ekf_wrapper.o [1]
P0_3_1                  0x20002f88     0x4  Data  Gb  stm32_ekf_wrapper.o [1]
P0_3_2                  0x20002f8c     0x4  Data  Gb  stm32_ekf_wrapper.o [1]
P0_3_3                  0x20002f90     0x4  Data  Gb  stm32_ekf_wrapper.o [1]
P_pred_0_0              0x2000304c     0x4  Data  Gb  stm32_ekf_wrapper.o [1]
P_pred_0_1              0x20003050     0x4  Data  Gb  stm32_ekf_wrapper.o [1]
P_pred_0_2              0x20003054     0x4  Data  Gb  stm32_ekf_wrapper.o [1]
P_pred_0_3              0x20003058     0x4  Data  Gb  stm32_ekf_wrapper.o [1]
P_pred_1_0              0x2000305c     0x4  Data  Gb  stm32_ekf_wrapper.o [1]
P_pred_1_1              0x20003060     0x4  Data  Gb  stm32_ekf_wrapper.o [1]
P_pred_1_2              0x20003064     0x4  Data  Gb  stm32_ekf_wrapper.o [1]
P_pred_1_3              0x20003068     0x4  Data  Gb  stm32_ekf_wrapper.o [1]
P_pred_2_0              0x2000306c     0x4  Data  Gb  stm32_ekf_wrapper.o [1]
P_pred_2_1              0x20003070     0x4  Data  Gb  stm32_ekf_wrapper.o [1]
P_pred_2_2              0x20003074     0x4  Data  Gb  stm32_ekf_wrapper.o [1]
P_pred_2_3              0x20003078     0x4  Data  Gb  stm32_ekf_wrapper.o [1]
P_pred_3_0              0x2000307c     0x4  Data  Gb  stm32_ekf_wrapper.o [1]
P_pred_3_1              0x20003080     0x4  Data  Gb  stm32_ekf_wrapper.o [1]
P_pred_3_2              0x20003084     0x4  Data  Gb  stm32_ekf_wrapper.o [1]
P_pred_3_3              0x20003088     0x4  Data  Gb  stm32_ekf_wrapper.o [1]
Park_Transf             0x08006e15    0x22  Code  Gb  foc_algorithm.o [1]
PendSV_Handler          0x08009647     0x2  Code  Gb  stm32f4xx_it.o [1]
Pn0_1_1                 0x20002eac     0x4  Data  Gb  R_flux_identification_wrapper.o [1]
Pn0_1_2                 0x20002eb0     0x4  Data  Gb  R_flux_identification_wrapper.o [1]
Pn0_2_1                 0x20002eb4     0x4  Data  Gb  R_flux_identification_wrapper.o [1]
Pn0_2_2                 0x20002eb8     0x4  Data  Gb  R_flux_identification_wrapper.o [1]
Pn1_1_1                 0x20002ee4     0x4  Data  Gb  R_flux_identification_wrapper.o [1]
Pn1_1_2                 0x20002ee8     0x4  Data  Gb  R_flux_identification_wrapper.o [1]
Pn1_2_1                 0x20002eec     0x4  Data  Gb  R_flux_identification_wrapper.o [1]
Pn1_2_2                 0x20002ef0     0x4  Data  Gb  R_flux_identification_wrapper.o [1]
Q_0_0                   0x20002f28     0x4  Data  Gb  stm32_ekf_wrapper.o [1]
Q_1_1                   0x20002f2c     0x4  Data  Gb  stm32_ekf_wrapper.o [1]
Q_2_2                   0x20002f30     0x4  Data  Gb  stm32_ekf_wrapper.o [1]
Q_3_3                   0x20002f34     0x4  Data  Gb  stm32_ekf_wrapper.o [1]
Q_PI_I                  0x20000930     0x4  Data  Gb  foc_algorithm.o [1]
Q_PI_KB                 0x20000934     0x4  Data  Gb  foc_algorithm.o [1]
Q_PI_LOW_LIMIT          0x20000938     0x4  Data  Gb  foc_algorithm.o [1]
Q_PI_P                  0x2000093c     0x4  Data  Gb  foc_algorithm.o [1]
Q_PI_UP_LIMIT           0x20000940     0x4  Data  Gb  foc_algorithm.o [1]
RCC_48MHzClockSourceConfig
                        0x08002ef7    0x22  Code  Gb  stm32f4xx_rcc.o [1]
RCC_AHB1PeriphClockCmd  0x08002e17    0x28  Code  Gb  stm32f4xx_rcc.o [1]
RCC_AHB2PeriphClockCmd  0x08002e3f    0x28  Code  Gb  stm32f4xx_rcc.o [1]
RCC_APB1PeriphClockCmd  0x08002e67    0x28  Code  Gb  stm32f4xx_rcc.o [1]
RCC_APB1PeriphResetCmd  0x08002eb7    0x20  Code  Gb  stm32f4xx_rcc.o [1]
RCC_APB2PeriphClockCmd  0x08002e8f    0x28  Code  Gb  stm32f4xx_rcc.o [1]
RCC_APB2PeriphResetCmd  0x08002ed7    0x20  Code  Gb  stm32f4xx_rcc.o [1]
RCC_GetClocksFreq       0x08002cdd   0x13a  Code  Gb  stm32f4xx_rcc.o [1]
RCC_PLLSAICmd           0x08002cd3     0xa  Code  Gb  stm32f4xx_rcc.o [1]
RCC_PLLSAIConfig        0x08002cb9    0x1a  Code  Gb  stm32f4xx_rcc.o [1]
R_0_0                   0x20002f38     0x4  Data  Gb  stm32_ekf_wrapper.o [1]
R_1_1                   0x20002f3c     0x4  Data  Gb  stm32_ekf_wrapper.o [1]
R_flux_identification_Outputs_wrapper
                        0x0800731b    0x12  Code  Gb  R_flux_identification_wrapper.o [1]
R_flux_identification_Start_wrapper
                        0x08007299    0x82  Code  Gb  R_flux_identification_wrapper.o [1]
R_flux_identification_Update_wrapper
                        0x0800732d   0x308  Code  Gb  R_flux_identification_wrapper.o [1]
Region$$Table$$Base     0x080096fc           --   Gb  - Linker created -
Region$$Table$$Limit    0x08009728           --   Gb  - Linker created -
Rev_Park_Transf         0x08006e37    0x1a  Code  Gb  foc_algorithm.o [1]
Rs                      0x20002f1c     0x4  Data  Gb  stm32_ekf_wrapper.o [1]
Rxbuffer                0x20002d08    0x40  Data  Gb  communication.o [5]
SET_TEST_MODE           0x20003184     0x4  Data  Gb  usbd_core.o [5]
SPEED_PI_I              0x20000974     0x4  Data  Gb  speed_pid.o [1]
SPEED_PI_KB             0x20000978     0x4  Data  Gb  speed_pid.o [1]
SPEED_PI_LOW_LIMIT      0x2000097c     0x4  Data  Gb  speed_pid.o [1]
SPEED_PI_P              0x20000980     0x4  Data  Gb  speed_pid.o [1]
SPEED_PI_UP_LIMIT       0x20000984     0x4  Data  Gb  speed_pid.o [1]
SVC_Handler             0x08009643     0x2  Code  Gb  stm32f4xx_it.o [1]
SVPWM_Calc              0x08006ba5   0x246  Code  Gb  foc_algorithm.o [1]
SYSCFG_EXTILineConfig   0x08005abd    0x4e  Code  Gb  stm32f4xx_syscfg.o [1]
SetSysClock             0x08008fdb    0xf6  Code  Lc  system_stm32f4xx.o [1]
Speed_Fdk               0x20002f14     0x4  Data  Gb  speed_pid.o [1]
Speed_Pid               0x20002dbc    0x1c  Data  Gb  speed_pid.o [1]
Speed_Pid_Calc          0x080076b1    0x72  Code  Gb  speed_pid.o [1]
Speed_Pid_Out           0x20002f18     0x4  Data  Gb  speed_pid.o [1]
Speed_Ref               0x20002f10     0x4  Data  Gb  speed_pid.o [1]
SysTick_Config          0x0800481b    0x34  Code  Lc  board_config.o [1]
SysTick_Handler         0x08008ee7    0x48  Code  Gb  low_task.o [1]
SystemInit              0x08008f89    0x52  Code  Gb  system_stm32f4xx.o [1]
T                       0x20002f40     0x4  Data  Gb  stm32_ekf_wrapper.o [1]
TI1_Config              0x080056a5    0x34  Code  Lc  stm32f4xx_tim.o [1]
TI2_Config              0x080056d9    0x3a  Code  Lc  stm32f4xx_tim.o [1]
TI3_Config              0x08005713    0x38  Code  Lc  stm32f4xx_tim.o [1]
TI4_Config              0x0800574b    0x3a  Code  Lc  stm32f4xx_tim.o [1]
TIM1_UP_TIM10_IRQHandler
                        0x08009649     0xc  Code  Gb  stm32f4xx_it.o [1]
TIM2_IRQHandler         0x08009105   0x16c  Code  Gb  hall_sensor.o [1]
TIM_BDTRConfig          0x080055e5    0x20  Code  Gb  stm32f4xx_tim.o [1]
TIM_ClearFlag           0x08005653     0x8  Code  Gb  stm32f4xx_tim.o [1]
TIM_Cmd                 0x080052b7    0x1c  Code  Gb  stm32f4xx_tim.o [1]
TIM_CtrlPWMOutputs      0x08005605    0x22  Code  Gb  stm32f4xx_tim.o [1]
TIM_DeInit              0x080050b5   0x178  Code  Gb  stm32f4xx_tim.o [1]
TIM_GetCapture1         0x08005595     0x4  Code  Gb  stm32f4xx_tim.o [1]
TIM_GetFlagStatus       0x0800563f    0x14  Code  Gb  stm32f4xx_tim.o [1]
TIM_ICInit              0x0800550f    0x70  Code  Gb  stm32f4xx_tim.o [1]
TIM_ICStructInit        0x0800557f    0x16  Code  Gb  stm32f4xx_tim.o [1]
TIM_ITConfig            0x08005627    0x18  Code  Gb  stm32f4xx_tim.o [1]
TIM_InternalClockConfig
                        0x0800565b     0xc  Code  Gb  stm32f4xx_tim.o [1]
TIM_OC1Init             0x080052d3    0x78  Code  Gb  stm32f4xx_tim.o [1]
TIM_OC2Init             0x0800534b    0x86  Code  Gb  stm32f4xx_tim.o [1]
TIM_OC3Init             0x080053d1    0x84  Code  Gb  stm32f4xx_tim.o [1]
TIM_OC4Init             0x08005455    0x62  Code  Gb  stm32f4xx_tim.o [1]
TIM_OCStructInit        0x080054ed    0x22  Code  Gb  stm32f4xx_tim.o [1]
TIM_PrescalerConfig     0x080052ad     0x6  Code  Gb  stm32f4xx_tim.o [1]
TIM_SelectHallSensor    0x08005689    0x1c  Code  Gb  stm32f4xx_tim.o [1]
TIM_SelectInputTrigger  0x08005667    0x10  Code  Gb  stm32f4xx_tim.o [1]
TIM_SelectSlaveMode     0x08005677    0x12  Code  Gb  stm32f4xx_tim.o [1]
TIM_SetCounter          0x080052b3     0x4  Code  Gb  stm32f4xx_tim.o [1]
TIM_SetIC1Prescaler     0x08005599    0x12  Code  Gb  stm32f4xx_tim.o [1]
TIM_SetIC2Prescaler     0x080055ab    0x14  Code  Gb  stm32f4xx_tim.o [1]
TIM_SetIC3Prescaler     0x080055bf    0x12  Code  Gb  stm32f4xx_tim.o [1]
TIM_SetIC4Prescaler     0x080055d1    0x14  Code  Gb  stm32f4xx_tim.o [1]
TIM_TimeBaseInit        0x0800522d    0x68  Code  Gb  stm32f4xx_tim.o [1]
TIM_TimeBaseStructInit  0x08005295    0x18  Code  Gb  stm32f4xx_tim.o [1]
TimingDelay_Decrement   0x0800837b    0x14  Code  Gb  main.o [1]
Transf_Cos_Sin          0x20002e30     0x8  Data  Gb  foc_algorithm.o [1]
Txbuffer                0x20000994   0xbb8  Data  Gb  communication.o [5]
Txbuffer_2              0x2000154c   0xbb8  Data  Gb  communication.o [5]
USBD_CDC_cb             0x20000844    0x2c  Data  Gb  usbd_cdc_core_loopback.o [5]
USBD_ClrCfg             0x0800325b    0x10  Code  Gb  usbd_core.o [5]
USBD_ClrFeature         0x08003c3d    0x34  Code  Lc  usbd_req.o [5]
USBD_CtlContinueRx      0x08003d91    0x16  Code  Gb  usbd_ioreq.o [5]
USBD_CtlContinueSendData
                        0x08003d53    0x16  Code  Gb  usbd_ioreq.o [5]
USBD_CtlError           0x08003cb5    0x1c  Code  Gb  usbd_req.o [5]
USBD_CtlPrepareRx       0x08003d69    0x28  Code  Gb  usbd_ioreq.o [5]
USBD_CtlReceiveStatus   0x08003dcb    0x24  Code  Gb  usbd_ioreq.o [5]
USBD_CtlSendData        0x08003d2b    0x28  Code  Gb  usbd_ioreq.o [5]
USBD_CtlSendStatus      0x08003da7    0x24  Code  Gb  usbd_ioreq.o [5]
USBD_DCD_INT_cb         0x20000870    0x2c  Data  Gb  usbd_core.o [5]
USBD_DCD_INT_fops       0x20000988     0x4  Data  Gb  usbd_core.o [5]
USBD_DataInStage        0x080030c3    0xe8  Code  Lc  usbd_core.o [5]
USBD_DataOutStage       0x0800302d    0x96  Code  Lc  usbd_core.o [5]
USBD_DeInit             0x08002fd7     0x4  Code  Gb  usbd_core.o [5]
USBD_DeviceDesc         0x200008f0    0x14  Data  Gb  usbd_desc.o [5]
USBD_GetConfig          0x08003b27    0x3a  Code  Lc  usbd_req.o [5]
USBD_GetDescriptor      0x080038f9   0x116  Code  Lc  usbd_req.o [5]
USBD_GetLen             0x08003d17    0x14  Code  Lc  usbd_req.o [5]
USBD_GetStatus          0x08003b61    0x36  Code  Lc  usbd_req.o [5]
USBD_GetString          0x08003cd1    0x46  Code  Gb  usbd_req.o [5]
USBD_Init               0x08002f99    0x3e  Code  Gb  usbd_core.o [5]
USBD_IsoINIncomplete    0x0800326b     0xe  Code  Lc  usbd_core.o [5]
USBD_IsoOUTIncomplete   0x08003279     0xe  Code  Lc  usbd_core.o [5]
USBD_LangIDDesc         0x2000098c     0x4  Data  Gb  usbd_desc.o [5]
USBD_OTG_ISR_Handler    0x0800644d    0xd4  Code  Gb  usb_dcd_int.o [5]
USBD_ParseSetupRequest  0x08003c71    0x44  Code  Gb  usbd_req.o [5]
USBD_Reset              0x080031bd    0x30  Code  Lc  usbd_core.o [5]
USBD_Resume             0x080031ed    0x1e  Code  Lc  usbd_core.o [5]
USBD_RunTestMode        0x080031ab     0xc  Code  Lc  usbd_core.o [5]
USBD_SOF                0x08003227    0x18  Code  Lc  usbd_core.o [5]
USBD_SetAddress         0x08003a0f    0x58  Code  Lc  usbd_req.o [5]
USBD_SetCfg             0x0800323f    0x1c  Code  Gb  usbd_core.o [5]
USBD_SetConfig          0x08003a67    0xc0  Code  Lc  usbd_req.o [5]
USBD_SetConfig::cfgidx  0x200031c9     0x1  Data  Lc  usbd_req.o [5]
USBD_SetFeature         0x08003b97    0x90  Code  Lc  usbd_req.o [5]
USBD_SetupStage         0x08002fdb    0x52  Code  Lc  usbd_core.o [5]
USBD_StdDevReq          0x080036cd    0x58  Code  Gb  usbd_req.o [5]
USBD_StdEPReq           0x08003773   0x186  Code  Gb  usbd_req.o [5]
USBD_StdItfReq          0x08003725    0x4e  Code  Gb  usbd_req.o [5]
USBD_StrDesc            0x20002af8   0x100  Data  Gb  usbd_desc.o [5]
USBD_StringSerial       0x200008d4    0x1c  Data  Gb  usbd_desc.o [5]
USBD_Suspend            0x0800320b    0x1c  Code  Lc  usbd_core.o [5]
USBD_USR_ConfigStrDescriptor
                        0x080092c1    0x22  Code  Gb  usbd_desc.o [5]
USBD_USR_DeviceConfigured
                        0x08001d87     0x2  Code  Gb  usbd_usr.o [5]
USBD_USR_DeviceConnected
                        0x08001d8d     0x2  Code  Gb  usbd_usr.o [5]
USBD_USR_DeviceDescriptor
                        0x08009271     0x8  Code  Gb  usbd_desc.o [5]
USBD_USR_DeviceDisconnected
                        0x08001d8f     0x2  Code  Gb  usbd_usr.o [5]
USBD_USR_DeviceReset    0x08001d75    0x12  Code  Gb  usbd_usr.o [5]
USBD_USR_DeviceResumed  0x08001d8b     0x2  Code  Gb  usbd_usr.o [5]
USBD_USR_DeviceSuspended
                        0x08001d89     0x2  Code  Gb  usbd_usr.o [5]
USBD_USR_Init           0x08001d73     0x2  Code  Gb  usbd_usr.o [5]
USBD_USR_InterfaceStrDescriptor
                        0x080092e3    0x22  Code  Gb  usbd_desc.o [5]
USBD_USR_LangIDStrDescriptor
                        0x08009279     0x8  Code  Gb  usbd_desc.o [5]
USBD_USR_ManufacturerStrDescriptor
                        0x080092a3    0x10  Code  Gb  usbd_desc.o [5]
USBD_USR_ProductStrDescriptor
                        0x08009281    0x22  Code  Gb  usbd_desc.o [5]
USBD_USR_SerialStrDescriptor
                        0x080092b3     0xe  Code  Gb  usbd_desc.o [5]
USBD_cdc_GetCfgDesc     0x08009499     0x8  Code  Lc  usbd_cdc_core_loopback.o [5]
USBD_cfg_status         0x20003198     0x4  Data  Gb  usbd_req.o [5]
USBD_default_cfg        0x20003194     0x4  Data  Gb  usbd_req.o [5]
USBD_ep_status          0x20003190     0x4  Data  Gb  usbd_req.o [5]
USB_OTG_BSP_EnableInterrupt
                        0x080036ad     0x2  Code  Gb  usb_bsp.o [5]
USB_OTG_BSP_Init        0x08003619    0x8a  Code  Gb  usb_bsp.o [5]
USB_OTG_BSP_mDelay      0x080036bd     0xe  Code  Gb  usb_bsp.o [5]
USB_OTG_BSP_uDelay      0x080036af     0xe  Code  Gb  usb_bsp.o [5]
USB_OTG_CoreInit        0x08003fab    0xbe  Code  Gb  usb_core.o [5]
USB_OTG_CoreInitDev     0x0800419d   0x16e  Code  Gb  usb_core.o [5]
USB_OTG_CoreReset       0x08003e11    0x5e  Code  Lc  usb_core.o [5]
USB_OTG_DisableGlobalInt
                        0x08004081    0x1a  Code  Gb  usb_core.o [5]
USB_OTG_EP0Activate     0x08004393    0x50  Code  Gb  usb_core.o [5]
USB_OTG_EP0StartXfer    0x08004621    0xf2  Code  Gb  usb_core.o [5]
USB_OTG_EP0_OutStart    0x080047bd    0x36  Code  Gb  usb_core.o [5]
USB_OTG_EPActivate      0x080043e3    0x72  Code  Gb  usb_core.o [5]
USB_OTG_EPClearStall    0x0800474f    0x3e  Code  Gb  usb_core.o [5]
USB_OTG_EPDeactivate    0x08004455    0x62  Code  Gb  usb_core.o [5]
USB_OTG_EPSetStall      0x08004713    0x3c  Code  Gb  usb_core.o [5]
USB_OTG_EPStartXfer     0x080044b7   0x16a  Code  Gb  usb_core.o [5]
USB_OTG_EnableCommonInt
                        0x08003df1    0x20  Code  Lc  usb_core.o [5]
USB_OTG_EnableDevInt    0x0800430b    0x58  Code  Gb  usb_core.o [5]
USB_OTG_EnableGlobalInt
                        0x08004069    0x18  Code  Gb  usb_core.o [5]
USB_OTG_FlushRxFifo     0x080040e1    0x3e  Code  Gb  usb_core.o [5]
USB_OTG_FlushTxFifo     0x0800409b    0x46  Code  Gb  usb_core.o [5]
USB_OTG_GetDeviceSpeed  0x08004363    0x30  Code  Gb  usb_core.o [5]
USB_OTG_GetMode         0x0800415f     0xa  Code  Gb  usb_core.o [5]
USB_OTG_InitDevSpeed    0x0800418d    0x10  Code  Gb  usb_core.o [5]
USB_OTG_IsDeviceMode    0x08004169    0x14  Code  Gb  usb_core.o [5]
USB_OTG_ReadCoreItr     0x0800417d    0x10  Code  Gb  usb_core.o [5]
USB_OTG_ReadDevAllInEPItr
                        0x080047af     0xe  Code  Gb  usb_core.o [5]
USB_OTG_ReadDevAllOutEp_itr
                        0x0800478d     0xe  Code  Gb  usb_core.o [5]
USB_OTG_ReadDevOutEP_itr
                        0x0800479b    0x14  Code  Gb  usb_core.o [5]
USB_OTG_ReadPacket      0x08003ea9    0x28  Code  Gb  usb_core.o [5]
USB_OTG_SelectCore      0x08003ed1    0xda  Code  Gb  usb_core.o [5]
USB_OTG_SetCurrentMode  0x08004129    0x36  Code  Gb  usb_core.o [5]
USB_OTG_WritePacket     0x08003e6f    0x3a  Code  Gb  usb_core.o [5]
USB_OTG_dev             0x20002104   0x5f4  Data  Gb  communication.o [5]
USR_cb                  0x2000089c    0x1c  Data  Gb  usbd_usr.o [5]
USR_desc                0x200008b8    0x1c  Data  Gb  usbd_desc.o [5]
UsageFault_Handler      0x08009641     0x2  Code  Gb  stm32f4xx_it.o [1]
VCP_DataRx              0x08002f5b     0x8  Code  Lc  usbd_cdc_vcp.o [5]
VCP_DataTx              0x08002f51     0xa  Code  Lc  usbd_cdc_vcp.o [5]
VCP_ReceiveData         0x08002f77    0x16  Code  Gb  usbd_cdc_vcp.o [5]
VCP_SendData            0x08002f63    0x14  Code  Gb  usbd_cdc_vcp.o [5]
VCP_fops                0x20000914     0x8  Data  Gb  usbd_cdc_vcp.o [5]
Vbus                    0x20002e5c     0x4  Data  Gb  adc.o [1]
Voltage_Alpha_Beta      0x20002e28     0x8  Data  Gb  foc_algorithm.o [1]
Voltage_DQ              0x20002e40     0x8  Data  Gb  foc_algorithm.o [1]
X_pred_0_0              0x2000302c     0x4  Data  Gb  stm32_ekf_wrapper.o [1]
X_pred_1_0              0x20003030     0x4  Data  Gb  stm32_ekf_wrapper.o [1]
X_pred_2_0              0x20003034     0x4  Data  Gb  stm32_ekf_wrapper.o [1]
X_pred_3_0              0x20003038     0x4  Data  Gb  stm32_ekf_wrapper.o [1]
Y_0_0                   0x20003044     0x4  Data  Gb  stm32_ekf_wrapper.o [1]
Y_1_0                   0x20003048     0x4  Data  Gb  stm32_ekf_wrapper.o [1]
Y_pred_0_0              0x2000303c     0x4  Data  Gb  stm32_ekf_wrapper.o [1]
Y_pred_1_0              0x20003040     0x4  Data  Gb  stm32_ekf_wrapper.o [1]
__aeabi_d2f             0x08001b91          Code  Gb  DblToFlt.o [4]
__aeabi_dadd            0x08001f35          Code  Gb  DblAdd.o [4]
__aeabi_dmul            0x08001d91          Code  Gb  DblMul.o [4]
__aeabi_dsub            0x0800201d          Code  Gb  DblSub.o [4]
__aeabi_f2d             0x08001d25          Code  Gb  FltToDbl.o [4]
__aeabi_i2d             0x08008dad          Code  Gb  I32ToDbl.o [4]
__aeabi_memclr4         0x08007775          Code  Gb  ABImemclr4.o [6]
__cmain                 0x08009729          Code  Gb  cmain.o [6]
__exit                  0x08009589    0x14  Code  Gb  exit.o [7]
__iar_Memset4_word      0x0800777d          Code  Gb  ABImemset48.o [6]
__iar_Memset8_word      0x0800777d          Code  Gb  ABImemset48.o [6]
__iar_dadd              0x08001f49          Code  Gb  DblAdd.o [4]
__iar_data_init3        0x08009669    0x28  Code  Gb  data_init.o [6]
__iar_dsub              0x08002031          Code  Gb  DblSub.o [4]
__iar_dsubStart         0x08002043          Code  Gb  DblSub.o [4]
__iar_init_vfp          0x080096d9          Code  Gb  fpinit_M.o [4]
__iar_packbits_init3    0x080094c9    0xba  Code  Gb  packbits_init.o [6]
__iar_program_start     0x080097bd          Code  Gb  cstartup_M.o [6]
__iar_ui2d              0x08008dc1          Code  Gb  I32ToDbl.o [4]
__iar_zero_init3        0x080095f9    0x40  Code  Gb  zero_init3.o [6]
__low_level_init        0x08009743     0x4  Code  Gb  low_level_init.o [3]
__vector_table          0x08000000          Data  Gb  startup_stm32f446xx.o [1]
_call_main              0x08009735          Code  Gb  cmain.o [6]
_exit                   0x0800974d          Code  Gb  cexit.o [6]
_main                   0x0800973f          Code  Gb  cmain.o [6]
abort                   0x08009583     0x6  Code  Gb  abort.o [3]
arm_cos_f32             0x08001ca1    0x84  Code  Gb  arm_cos_f32.o [1]
arm_sin_f32             0x08001c21    0x80  Code  Gb  arm_sin_f32.o [1]
clear_display_flag      0x200031b6     0x1  Data  Gb  oled_display.o [1]
communication_handle    0x08002281   0x2f0  Code  Gb  communication.o [5]
communication_init      0x080026b1    0x30  Code  Gb  communication.o [5]
communication_send      0x080026e1   0x31a  Code  Gb  communication.o [5]
communication_task      0x080029fb    0x1e  Code  Gb  communication.o [5]
data_sample_cnt         0x200031a2     0x2  Data  Gb  communication.o [5]
data_sample_group_cnt   0x200031b9     0x1  Data  Gb  communication.o [5]
data_sent               0x20003188     0x4  Data  Gb  usbd_cdc_vcp.o [5]
data_upload_display_flag
                        0x200031b1     0x1  Data  Gb  oled_display.o [1]
display_buff            0x200026f8   0x400  Data  Gb  oled.o [1]
display_data_buff       0x20002bf8    0x80  Data  Gb  oled.o [1]
display_data_buff_cnt   0x200031ae     0x1  Data  Gb  oled.o [1]
display_data_flag       0x200031af     0x1  Data  Gb  oled.o [1]
display_flag            0x200031b5     0x1  Data  Gb  oled_display.o [1]
display_static_flag     0x200031b3     0x1  Data  Gb  oled_display.o [1]
drv8301_fault_flag      0x200031b7     0x1  Data  Gb  oled_display.o [1]
drv8301_init            0x080084ed    0x44  Code  Gb  drv8301.o [1]
drv8301_init_ok_flag    0x200031a8     0x1  Data  Gb  drv8301.o [1]
drv8301_protection      0x08008531    0x20  Code  Gb  drv8301.o [1]
drv8301_reg_read        0x20002e18     0x8  Data  Gb  drv8301.o [1]
drv8301_spi_read        0x08008411    0xdc  Code  Gb  drv8301.o [1]
drv8301_spi_write       0x0800839d    0x74  Code  Gb  drv8301.o [1]
exit                    0x08009747     0x4  Code  Gb  exit.o [3]
f1_0_0                  0x20002ff8     0x4  Data  Gb  stm32_ekf_wrapper.o [1]
f1_1_0                  0x20002ffc     0x4  Data  Gb  stm32_ekf_wrapper.o [1]
f1_2_0                  0x20003000     0x4  Data  Gb  stm32_ekf_wrapper.o [1]
f1_3_0                  0x20003004     0x4  Data  Gb  stm32_ekf_wrapper.o [1]
f2_0_0                  0x20003008     0x4  Data  Gb  stm32_ekf_wrapper.o [1]
f2_0_2                  0x2000300c     0x4  Data  Gb  stm32_ekf_wrapper.o [1]
f2_0_3                  0x20003010     0x4  Data  Gb  stm32_ekf_wrapper.o [1]
f2_1_1                  0x20003014     0x4  Data  Gb  stm32_ekf_wrapper.o [1]
f2_1_2                  0x20003018     0x4  Data  Gb  stm32_ekf_wrapper.o [1]
f2_1_3                  0x2000301c     0x4  Data  Gb  stm32_ekf_wrapper.o [1]
f2_2_2                  0x20003020     0x4  Data  Gb  stm32_ekf_wrapper.o [1]
f2_3_2                  0x20003024     0x4  Data  Gb  stm32_ekf_wrapper.o [1]
f2_3_3                  0x20003028     0x4  Data  Gb  stm32_ekf_wrapper.o [1]
fault                   0x20000400   0x400  Data  Gb  oled_font.o [1]
float_data_0            0x20003100     0x4  Data  Gb  communication.o [5]
float_data_1            0x20003104     0x4  Data  Gb  communication.o [5]
float_data_2            0x20003108     0x4  Data  Gb  communication.o [5]
float_data_3            0x2000310c     0x4  Data  Gb  communication.o [5]
float_data_4            0x20003110     0x4  Data  Gb  communication.o [5]
float_data_5            0x20003114     0x4  Data  Gb  communication.o [5]
float_data_6            0x20003118     0x4  Data  Gb  communication.o [5]
float_data_7            0x2000311c     0x4  Data  Gb  communication.o [5]
float_data_8            0x20003120     0x4  Data  Gb  communication.o [5]
float_data_9            0x20003124     0x4  Data  Gb  communication.o [5]
float_data_download     0x080021d9    0x22  Code  Gb  communication.o [5]
float_data_download_init
                        0x080021fb    0x76  Code  Gb  communication.o [5]
float_data_sample       0x08002613    0x52  Code  Gb  communication.o [5]
float_data_upload_init  0x08002a93    0x62  Code  Gb  communication.o [5]
float_download_data_0   0x20003150     0x4  Data  Gb  communication.o [5]
float_download_data_1   0x20003154     0x4  Data  Gb  communication.o [5]
float_download_data_2   0x20003158     0x4  Data  Gb  communication.o [5]
float_download_data_3   0x2000315c     0x4  Data  Gb  communication.o [5]
float_download_data_4   0x20003160     0x4  Data  Gb  communication.o [5]
float_download_data_5   0x20003164     0x4  Data  Gb  communication.o [5]
float_download_data_6   0x20003168     0x4  Data  Gb  communication.o [5]
float_download_data_7   0x2000316c     0x4  Data  Gb  communication.o [5]
float_download_data_8   0x20003170     0x4  Data  Gb  communication.o [5]
float_download_data_9   0x20003174     0x4  Data  Gb  communication.o [5]
float_test2             0x2000096c     0x4  Data  Gb  pc_communication_init.o [1]
float_test3             0x20000970     0x4  Data  Gb  pc_communication_init.o [1]
float_wave_data_0       0x200030d8     0x4  Data  Gb  communication.o [5]
float_wave_data_1       0x200030dc     0x4  Data  Gb  communication.o [5]
float_wave_data_2       0x200030e0     0x4  Data  Gb  communication.o [5]
float_wave_data_3       0x200030e4     0x4  Data  Gb  communication.o [5]
float_wave_data_4       0x200030e8     0x4  Data  Gb  communication.o [5]
float_wave_data_5       0x200030ec     0x4  Data  Gb  communication.o [5]
float_wave_data_sample  0x08002571    0x50  Code  Gb  communication.o [5]
float_wave_upload_init  0x08002a19    0x3e  Code  Gb  communication.o [5]
flux                    0x20002f24     0x4  Data  Gb  stm32_ekf_wrapper.o [1]
foc_algorithm_initialize
                        0x08007021    0xdc  Code  Gb  foc_algorithm.o [1]
foc_algorithm_step      0x08006ec9   0x158  Code  Gb  foc_algorithm.o [1]
get_mcu_id              0x0800219d    0x3c  Code  Gb  communication.o [5]
get_offset              0x080088e9    0x5c  Code  Gb  adc.o [1]
get_offset_flag         0x200031a4     0x1  Data  Gb  adc.o [1]
get_offset_sample_cnt   0x200031a5     0x1  Data  Gb  adc.o [1]
h_1_1                   0x20002ed4     0x4  Data  Gb  R_flux_identification_wrapper.o [1]
h_2_1                   0x20002ed8     0x4  Data  Gb  R_flux_identification_wrapper.o [1]
hall_angle              0x20002e70     0x4  Data  Gb  hall_sensor.o [1]
hall_angle_add          0x20002e74     0x4  Data  Gb  hall_sensor.o [1]
hall_read_temp          0x200031ac     0x1  Data  Gb  hall_sensor.o [1]
hall_speed              0x20002e78     0x4  Data  Gb  hall_sensor.o [1]
hard_init               0x0800484f   0x81c  Code  Gb  board_config.o [1]
hz_100_cnt              0x2000319c     0x2  Data  Gb  low_task.o [1]
ia_test                 0x20002dfc     0x4  Data  Gb  adc.o [1]
init_dispaly_flag       0x200031b4     0x1  Data  Gb  oled_display.o [1]
int_data_0              0x20003128     0x4  Data  Gb  communication.o [5]
int_data_1              0x2000312c     0x4  Data  Gb  communication.o [5]
int_data_2              0x20003130     0x4  Data  Gb  communication.o [5]
int_data_3              0x20003134     0x4  Data  Gb  communication.o [5]
int_data_4              0x20003138     0x4  Data  Gb  communication.o [5]
int_data_5              0x2000313c     0x4  Data  Gb  communication.o [5]
int_data_6              0x20003140     0x4  Data  Gb  communication.o [5]
int_data_7              0x20003144     0x4  Data  Gb  communication.o [5]
int_data_8              0x20003148     0x4  Data  Gb  communication.o [5]
int_data_9              0x2000314c     0x4  Data  Gb  communication.o [5]
int_data_sample         0x08002665    0x4c  Code  Gb  communication.o [5]
int_data_type_0         0x200031bf     0x1  Data  Gb  communication.o [5]
int_data_type_1         0x200031c0     0x1  Data  Gb  communication.o [5]
int_data_type_2         0x200031c1     0x1  Data  Gb  communication.o [5]
int_data_type_3         0x200031c2     0x1  Data  Gb  communication.o [5]
int_data_type_4         0x200031c3     0x1  Data  Gb  communication.o [5]
int_data_type_5         0x200031c4     0x1  Data  Gb  communication.o [5]
int_data_type_6         0x200031c5     0x1  Data  Gb  communication.o [5]
int_data_type_7         0x200031c6     0x1  Data  Gb  communication.o [5]
int_data_type_8         0x200031c7     0x1  Data  Gb  communication.o [5]
int_data_type_9         0x200031c8     0x1  Data  Gb  communication.o [5]
int_data_upload_init    0x08002b01    0x8a  Code  Gb  communication.o [5]
int_test1               0x20000944     0x4  Data  Gb  pc_communication_init.o [1]
int_test10              0x20000968     0x4  Data  Gb  pc_communication_init.o [1]
int_test2               0x20000948     0x4  Data  Gb  pc_communication_init.o [1]
int_test3               0x2000094c     0x4  Data  Gb  pc_communication_init.o [1]
int_test4               0x20000950     0x4  Data  Gb  pc_communication_init.o [1]
int_test5               0x20000954     0x4  Data  Gb  pc_communication_init.o [1]
int_test6               0x20000958     0x4  Data  Gb  pc_communication_init.o [1]
int_test7               0x2000095c     0x4  Data  Gb  pc_communication_init.o [1]
int_test8               0x20000960     0x4  Data  Gb  pc_communication_init.o [1]
int_test9               0x20000964     0x4  Data  Gb  pc_communication_init.o [1]
int_wave_data_0         0x200030f0     0x4  Data  Gb  communication.o [5]
int_wave_data_1         0x200030f4     0x4  Data  Gb  communication.o [5]
int_wave_data_2         0x200030f8     0x4  Data  Gb  communication.o [5]
int_wave_data_3         0x200030fc     0x4  Data  Gb  communication.o [5]
int_wave_data_sample    0x080025c1    0x52  Code  Gb  communication.o [5]
int_wave_data_type_0    0x200031bb     0x1  Data  Gb  communication.o [5]
int_wave_data_type_1    0x200031bc     0x1  Data  Gb  communication.o [5]
int_wave_data_type_2    0x200031bd     0x1  Data  Gb  communication.o [5]
int_wave_data_type_3    0x200031be     0x1  Data  Gb  communication.o [5]
int_wave_upload_init    0x08002a57    0x3c  Code  Gb  communication.o [5]
is_ab_0_0               0x20002f4c     0x4  Data  Gb  stm32_ekf_wrapper.o [1]
is_ab_1_0               0x20002f50     0x4  Data  Gb  stm32_ekf_wrapper.o [1]
key1_flag               0x200031a9     0x1  Data  Gb  exti.o [1]
key2_flag               0x200031aa     0x1  Data  Gb  exti.o [1]
key3_flag               0x200031ab     0x1  Data  Gb  exti.o [1]
l_K                     0x20002e90     0x4  Data  Gb  L_identification_wrapper.o [1]
l_Pn0                   0x20002e80     0x4  Data  Gb  L_identification_wrapper.o [1]
l_Pn1                   0x20002e84     0x4  Data  Gb  L_identification_wrapper.o [1]
l_Ud                    0x20002e9c     0x4  Data  Gb  L_identification_wrapper.o [1]
l_h                     0x20002e7c     0x4  Data  Gb  L_identification_wrapper.o [1]
l_theta0                0x20002e94     0x4  Data  Gb  L_identification_wrapper.o [1]
l_theta1                0x20002e98     0x4  Data  Gb  L_identification_wrapper.o [1]
l_x1                    0x20002e88     0x4  Data  Gb  L_identification_wrapper.o [1]
l_x2                    0x20002e8c     0x4  Data  Gb  L_identification_wrapper.o [1]
low_control_task        0x08008e33    0xb4  Code  Gb  low_task.o [1]
main                    0x08008331    0x36  Code  Gb  main.o [1]
mcu_id                  0x20002df0     0xc  Data  Gb  communication.o [5]
motor_run               0x08008945   0x2fc  Code  Gb  adc.o [1]
motor_run_display_flag  0x200031b2     0x1  Data  Gb  oled_display.o [1]
motor_run_display_flag_pre
                        0x20000991     0x1  Data  Gb  oled_display.o [1]
motor_start             0x08008dd9    0x3e  Code  Gb  low_task.o [1]
motor_start_stop        0x200031ad     0x1  Data  Gb  low_task.o [1]
motor_start_stop_data_download_init
                        0x08002279     0x8  Code  Gb  communication.o [5]
motor_start_stop_download
                        0x2000317c     0x4  Data  Gb  communication.o [5]
motor_start_stop_pre    0x20000990     0x1  Data  Gb  low_task.o [1]
motor_stop              0x08008e17    0x1c  Code  Gb  low_task.o [1]
oled_display            0x08007f41   0x178  Code  Gb  oled.o [1]
oled_display_handle     0x08008761   0x188  Code  Gb  oled_display.o [1]
oled_display_sample_freq
                        0x200031a6     0x1  Data  Gb  adc.o [1]
oled_pow                0x08008269    0x14  Code  Gb  oled.o [1]
pc_communication_init   0x0800856d   0x1f4  Code  Gb  pc_communication_init.o [1]
r_K_1_1                 0x20002edc     0x4  Data  Gb  R_flux_identification_wrapper.o [1]
r_K_2_1                 0x20002ee0     0x4  Data  Gb  R_flux_identification_wrapper.o [1]
r_Uq                    0x20002f0c     0x4  Data  Gb  R_flux_identification_wrapper.o [1]
r_temp_1_1              0x20002efc     0x4  Data  Gb  R_flux_identification_wrapper.o [1]
r_temp_1_2              0x20002f00     0x4  Data  Gb  R_flux_identification_wrapper.o [1]
r_temp_2_1              0x20002f04     0x4  Data  Gb  R_flux_identification_wrapper.o [1]
r_temp_2_2              0x20002f08     0x4  Data  Gb  R_flux_identification_wrapper.o [1]
receive_count           0x200030d0     0x4  Data  Gb  communication.o [5]
receive_flag            0x2000318c     0x4  Data  Gb  usbd_cdc_vcp.o [5]
send_count              0x200030d4     0x4  Data  Gb  communication.o [5]
sinTable_f32            0x08005c48   0x804  Data  Gb  arm_common_tables.o [1]
speed_close_loop_flag   0x200031a7     0x1  Data  Gb  adc.o [1]
speed_control_ref_download
                        0x20003178     0x4  Data  Gb  communication.o [5]
speed_pid_initialize    0x08007723    0x30  Code  Gb  speed_pid.o [1]
speed_ref_data_download_init
                        0x08002271     0x8  Code  Gb  communication.o [5]
stm32_ekf_Outputs_wrapper
                        0x0800032d    0x30  Code  Gb  stm32_ekf_wrapper.o [1]
stm32_ekf_Start_wrapper
                        0x080001c5    0xd6  Code  Gb  stm32_ekf_wrapper.o [1]
stm32_ekf_Update_wrapper
                        0x0800035d  0x1754  Code  Gb  stm32_ekf_wrapper.o [1]
switch_flag             0x200031ba     0x1  Data  Gb  communication.o [5]
temp                    0x2000309c     0x4  Data  Gb  stm32_ekf_wrapper.o [1]
temp_0_0                0x20002fc0     0x4  Data  Gb  stm32_ekf_wrapper.o [1]
temp_0_0_t              0x2000308c     0x4  Data  Gb  stm32_ekf_wrapper.o [1]
temp_0_1                0x20002fc4     0x4  Data  Gb  stm32_ekf_wrapper.o [1]
temp_0_1_t              0x20003090     0x4  Data  Gb  stm32_ekf_wrapper.o [1]
temp_0_2                0x20002fc8     0x4  Data  Gb  stm32_ekf_wrapper.o [1]
temp_0_3                0x20002fcc     0x4  Data  Gb  stm32_ekf_wrapper.o [1]
temp_1_0                0x20002fd0     0x4  Data  Gb  stm32_ekf_wrapper.o [1]
temp_1_0_t              0x20003094     0x4  Data  Gb  stm32_ekf_wrapper.o [1]
temp_1_1                0x20002fd4     0x4  Data  Gb  stm32_ekf_wrapper.o [1]
temp_1_1_t              0x20003098     0x4  Data  Gb  stm32_ekf_wrapper.o [1]
temp_1_2                0x20002fd8     0x4  Data  Gb  stm32_ekf_wrapper.o [1]
temp_1_3                0x20002fdc     0x4  Data  Gb  stm32_ekf_wrapper.o [1]
temp_2_0                0x20002fe0     0x4  Data  Gb  stm32_ekf_wrapper.o [1]
temp_2_1                0x20002fe4     0x4  Data  Gb  stm32_ekf_wrapper.o [1]
temp_2_2                0x20002fe8     0x4  Data  Gb  stm32_ekf_wrapper.o [1]
temp_3_0                0x20002fec     0x4  Data  Gb  stm32_ekf_wrapper.o [1]
temp_3_1                0x20002ff0     0x4  Data  Gb  stm32_ekf_wrapper.o [1]
temp_3_3                0x20002ff4     0x4  Data  Gb  stm32_ekf_wrapper.o [1]
tempa_0_0               0x200030c0     0x4  Data  Gb  stm32_ekf_wrapper.o [1]
tempa_1_0               0x200030c4     0x4  Data  Gb  stm32_ekf_wrapper.o [1]
tempa_2_0               0x200030c8     0x4  Data  Gb  stm32_ekf_wrapper.o [1]
tempa_3_0               0x200030cc     0x4  Data  Gb  stm32_ekf_wrapper.o [1]
theta0_1_1              0x20002ea4     0x4  Data  Gb  R_flux_identification_wrapper.o [1]
theta0_2_1              0x20002ea8     0x4  Data  Gb  R_flux_identification_wrapper.o [1]
theta1_1_1              0x20002ef4     0x4  Data  Gb  R_flux_identification_wrapper.o [1]
theta1_2_1              0x20002ef8     0x4  Data  Gb  R_flux_identification_wrapper.o [1]
upload_flag             0x200031b8     0x1  Data  Gb  communication.o [5]
upload_sample_freq      0x2000319e     0x2  Data  Gb  communication.o [5]
upload_sample_freq_factor
                        0x200031a0     0x2  Data  Gb  communication.o [5]
usb_open_display_flag   0x200031b0     0x1  Data  Gb  oled_display.o [1]
usbd_cdc_AltSet         0x20003180     0x4  Data  Lc  usbd_cdc_core_loopback.o [5]
usbd_cdc_CfgDesc        0x20000800    0x44  Data  Gb  usbd_cdc_core_loopback.o [5]
usbd_cdc_DataIn         0x08009473     0xc  Code  Gb  usbd_cdc_core_loopback.o [5]
usbd_cdc_DataOut        0x0800947f    0x1a  Code  Gb  usbd_cdc_core_loopback.o [5]
usbd_cdc_DeInit         0x080093df    0x20  Code  Gb  usbd_cdc_core_loopback.o [5]
usbd_cdc_EP0_RxReady    0x0800946f     0x4  Code  Gb  usbd_cdc_core_loopback.o [5]
usbd_cdc_Init           0x080093a9    0x36  Code  Gb  usbd_cdc_core_loopback.o [5]
usbd_cdc_Setup          0x080093ff    0x70  Code  Gb  usbd_cdc_core_loopback.o [5]
uwTimingDelay           0x20002ea0     0x4  Data  Lc  main.o [1]
vs_ab_0_0               0x20002f44     0x4  Data  Gb  stm32_ekf_wrapper.o [1]
vs_ab_1_0               0x20002f48     0x4  Data  Gb  stm32_ekf_wrapper.o [1]
x_1_1                   0x20002ebc     0x4  Data  Gb  R_flux_identification_wrapper.o [1]
x_1_2                   0x20002ec0     0x4  Data  Gb  R_flux_identification_wrapper.o [1]
x_1_3                   0x20002ec4     0x4  Data  Gb  R_flux_identification_wrapper.o [1]
x_2_1                   0x20002ec8     0x4  Data  Gb  R_flux_identification_wrapper.o [1]
x_2_2                   0x20002ecc     0x4  Data  Gb  R_flux_identification_wrapper.o [1]
x_2_3                   0x20002ed0     0x4  Data  Gb  R_flux_identification_wrapper.o [1]


[1] = C:\Users\wang\Desktop\慧驱动_手把手教你驱动永磁同步电机_低压教程配套资料\code\Debug\Obj
[2] = command line
[3] = dl7M_tln.a
[4] = m7M_tls.a
[5] = pc_communication.a
[6] = rt7M_tl.a
[7] = shb_l.a

  35 394 bytes of readonly  code memory
   5 044 bytes of readonly  data memory
  20 936 bytes of readwrite data memory

Errors: none
Warnings: none
